../Drivers/CMSIS/Include/core_cm7.h:1896:22:__NVIC_EnableIRQ	16	static
../Core/Src/main.c:119:9:shutdown_closed	4	static
../Core/Src/main.c:124:6:HAL_GPIO_EXTI_Callback	16	static
../Core/Src/main.c:148:5:main	8	static
../Core/Src/main.c:244:6:SystemClock_Config	88	static
../Core/Src/main.c:297:13:MX_CAN1_Init	48	static
../Core/Src/main.c:368:13:MX_CAN2_Init	8	static
../Core/Src/main.c:409:13:MX_SDMMC1_SD_Init	8	static
../Core/Src/main.c:440:13:MX_TIM1_Init	40	static
../Core/Src/main.c:487:13:MX_TIM4_Init	40	static
../Core/Src/main.c:533:13:MX_TIM7_Init	24	static
../Core/Src/main.c:572:13:MX_UART4_Init	8	static
../Core/Src/main.c:607:13:MX_UART7_Init	8	static
../Core/Src/main.c:642:13:MX_USART3_UART_Init	8	static
../Core/Src/main.c:676:13:MX_DMA_Init	16	static
../Core/Src/main.c:701:13:MX_GPIO_Init	56	static
../Core/Src/main.c:763:6:MainEntry	24	static
../Core/Src/main.c:811:6:SDCardEntry	24	static
../Core/Src/main.c:847:6:HAL_TIM_PeriodElapsedCallback	16	static
../Core/Src/main.c:866:6:Error_Handler	4	static,ignoring_inline_asm
