../Core/Src/xsens/xsens_mti.c:37:6:xsens_mti_parse_buffer	32	static
../Core/Src/xsens/xsens_mti.c:46:6:xsens_mti_parse	16	static
../Core/Src/xsens/xsens_mti.c:135:6:xsens_mti_reset_parser	16	static
../Core/Src/xsens/xsens_mti.c:144:6:xsens_mti_handle_payload	32	static
../Core/Src/xsens/xsens_mti.c:163:6:xsens_mti_override_id_handler	24	static
../Core/Src/xsens/xsens_mti.c:180:24:xsens_mti_find_inbound_handler_entry	24	static
../Core/Src/xsens/xsens_mti.c:187:24:xsens_mti_find_handler_entry	24	static
../Core/Src/xsens/xsens_mti.c:200:9:xsens_mti_buffer_crc	24	static
../Core/Src/xsens/xsens_mti.c:212:6:xsens_mti_send	2080	static
../Core/Src/xsens/xsens_mti.c:263:6:xsens_mti_request	2072	static
../Core/Src/xsens/xsens_mti.c:276:6:xsens_mti_set_baudrate	2072	static
../Core/Src/xsens/xsens_mti.c:288:6:xsens_mti_reset_orientation	2072	static
../Core/Src/xsens/xsens_mti.c:305:6:xsens_internal_handle_device_id	56	static
../Core/Src/xsens/xsens_mti.c:327:6:xsens_internal_handle_product_code	16	static
../Core/Src/xsens/xsens_mti.c:333:6:xsens_internal_handle_hardware_version	16	static
../Core/Src/xsens/xsens_mti.c:342:6:xsens_internal_handle_firmware_version	32	static
../Core/Src/xsens/xsens_mti.c:353:6:xsens_internal_handle_selftest_results	16	static
../Core/Src/xsens/xsens_mti.c:358:6:xsens_internal_handle_error	24	static
../Core/Src/xsens/xsens_mti.c:389:6:xsens_internal_handle_mdata2	16	static
