Archive member included to satisfy reference by file (symbol)

C:/ST/STM32CubeIDE_1.15.1/STM32CubeIDE/plugins/com.st.stm32cube.ide.mcu.externaltools.gnu-tools-for-stm32.12.3.rel1.win32_1.0.100.202403111256/tools/bin/../lib/gcc/arm-none-eabi/12.3.1/../../../../arm-none-eabi/lib/thumb/v7e-m+fp/hard\libc_nano.a(libc_a-exit.o)
                              C:/ST/STM32CubeIDE_1.15.1/STM32CubeIDE/plugins/com.st.stm32cube.ide.mcu.externaltools.gnu-tools-for-stm32.12.3.rel1.win32_1.0.100.202403111256/tools/bin/../lib/gcc/arm-none-eabi/12.3.1/../../../../arm-none-eabi/lib/thumb/v7e-m+fp/hard/crt0.o (exit)
C:/ST/STM32CubeIDE_1.15.1/STM32CubeIDE/plugins/com.st.stm32cube.ide.mcu.externaltools.gnu-tools-for-stm32.12.3.rel1.win32_1.0.100.202403111256/tools/bin/../lib/gcc/arm-none-eabi/12.3.1/../../../../arm-none-eabi/lib/thumb/v7e-m+fp/hard\libc_nano.a(libc_a-nano-vfprintf_float.o)
                              (_printf_float)
C:/ST/STM32CubeIDE_1.15.1/STM32CubeIDE/plugins/com.st.stm32cube.ide.mcu.externaltools.gnu-tools-for-stm32.12.3.rel1.win32_1.0.100.202403111256/tools/bin/../lib/gcc/arm-none-eabi/12.3.1/../../../../arm-none-eabi/lib/thumb/v7e-m+fp/hard\libc_nano.a(libc_a-nano-vfprintf_i.o)
                              C:/ST/STM32CubeIDE_1.15.1/STM32CubeIDE/plugins/com.st.stm32cube.ide.mcu.externaltools.gnu-tools-for-stm32.12.3.rel1.win32_1.0.100.202403111256/tools/bin/../lib/gcc/arm-none-eabi/12.3.1/../../../../arm-none-eabi/lib/thumb/v7e-m+fp/hard\libc_nano.a(libc_a-nano-vfprintf_float.o) (_printf_common)
C:/ST/STM32CubeIDE_1.15.1/STM32CubeIDE/plugins/com.st.stm32cube.ide.mcu.externaltools.gnu-tools-for-stm32.12.3.rel1.win32_1.0.100.202403111256/tools/bin/../lib/gcc/arm-none-eabi/12.3.1/../../../../arm-none-eabi/lib/thumb/v7e-m+fp/hard\libc_nano.a(libc_a-findfp.o)
                              ./Middlewares/Third_Party/FreeRTOS/Source/tasks.o (__sf)
C:/ST/STM32CubeIDE_1.15.1/STM32CubeIDE/plugins/com.st.stm32cube.ide.mcu.externaltools.gnu-tools-for-stm32.12.3.rel1.win32_1.0.100.202403111256/tools/bin/../lib/gcc/arm-none-eabi/12.3.1/../../../../arm-none-eabi/lib/thumb/v7e-m+fp/hard\libc_nano.a(libc_a-fwalk.o)
                              C:/ST/STM32CubeIDE_1.15.1/STM32CubeIDE/plugins/com.st.stm32cube.ide.mcu.externaltools.gnu-tools-for-stm32.12.3.rel1.win32_1.0.100.202403111256/tools/bin/../lib/gcc/arm-none-eabi/12.3.1/../../../../arm-none-eabi/lib/thumb/v7e-m+fp/hard\libc_nano.a(libc_a-findfp.o) (_fwalk_sglue)
C:/ST/STM32CubeIDE_1.15.1/STM32CubeIDE/plugins/com.st.stm32cube.ide.mcu.externaltools.gnu-tools-for-stm32.12.3.rel1.win32_1.0.100.202403111256/tools/bin/../lib/gcc/arm-none-eabi/12.3.1/../../../../arm-none-eabi/lib/thumb/v7e-m+fp/hard\libc_nano.a(libc_a-sprintf.o)
                              ./Core/Src/sd_card.o (sprintf)
C:/ST/STM32CubeIDE_1.15.1/STM32CubeIDE/plugins/com.st.stm32cube.ide.mcu.externaltools.gnu-tools-for-stm32.12.3.rel1.win32_1.0.100.202403111256/tools/bin/../lib/gcc/arm-none-eabi/12.3.1/../../../../arm-none-eabi/lib/thumb/v7e-m+fp/hard\libc_nano.a(libc_a-stdio.o)
                              C:/ST/STM32CubeIDE_1.15.1/STM32CubeIDE/plugins/com.st.stm32cube.ide.mcu.externaltools.gnu-tools-for-stm32.12.3.rel1.win32_1.0.100.202403111256/tools/bin/../lib/gcc/arm-none-eabi/12.3.1/../../../../arm-none-eabi/lib/thumb/v7e-m+fp/hard\libc_nano.a(libc_a-findfp.o) (__sread)
C:/ST/STM32CubeIDE_1.15.1/STM32CubeIDE/plugins/com.st.stm32cube.ide.mcu.externaltools.gnu-tools-for-stm32.12.3.rel1.win32_1.0.100.202403111256/tools/bin/../lib/gcc/arm-none-eabi/12.3.1/../../../../arm-none-eabi/lib/thumb/v7e-m+fp/hard\libc_nano.a(libc_a-memset.o)
                              C:/ST/STM32CubeIDE_1.15.1/STM32CubeIDE/plugins/com.st.stm32cube.ide.mcu.externaltools.gnu-tools-for-stm32.12.3.rel1.win32_1.0.100.202403111256/tools/bin/../lib/gcc/arm-none-eabi/12.3.1/../../../../arm-none-eabi/lib/thumb/v7e-m+fp/hard/crt0.o (memset)
C:/ST/STM32CubeIDE_1.15.1/STM32CubeIDE/plugins/com.st.stm32cube.ide.mcu.externaltools.gnu-tools-for-stm32.12.3.rel1.win32_1.0.100.202403111256/tools/bin/../lib/gcc/arm-none-eabi/12.3.1/../../../../arm-none-eabi/lib/thumb/v7e-m+fp/hard\libc_nano.a(libc_a-localeconv.o)
                              C:/ST/STM32CubeIDE_1.15.1/STM32CubeIDE/plugins/com.st.stm32cube.ide.mcu.externaltools.gnu-tools-for-stm32.12.3.rel1.win32_1.0.100.202403111256/tools/bin/../lib/gcc/arm-none-eabi/12.3.1/../../../../arm-none-eabi/lib/thumb/v7e-m+fp/hard\libc_nano.a(libc_a-nano-vfprintf_float.o) (_localeconv_r)
C:/ST/STM32CubeIDE_1.15.1/STM32CubeIDE/plugins/com.st.stm32cube.ide.mcu.externaltools.gnu-tools-for-stm32.12.3.rel1.win32_1.0.100.202403111256/tools/bin/../lib/gcc/arm-none-eabi/12.3.1/../../../../arm-none-eabi/lib/thumb/v7e-m+fp/hard\libc_nano.a(libc_a-closer.o)
[...]
Memory Configuration

Name             Origin             Length             Attributes
RAM              0x20000000         0x00050000         xrw
FLASH            0x08000000         0x00100000         xr
*default*        0x00000000         0xffffffff

Linker script and memory map

LOAD C:/ST/STM32CubeIDE_1.15.1/STM32CubeIDE/plugins/com.st.stm32cube.ide.mcu.externaltools.gnu-tools-for-stm32.12.3.rel1.win32_1.0.100.202403111256/tools/bin/../lib/gcc/arm-none-eabi/12.3.1/thumb/v7e-m+fp/hard/crti.o
LOAD C:/ST/STM32CubeIDE_1.15.1/STM32CubeIDE/plugins/com.st.stm32cube.ide.mcu.externaltools.gnu-tools-for-stm32.12.3.rel1.win32_1.0.100.202403111256/tools/bin/../lib/gcc/arm-none-eabi/12.3.1/thumb/v7e-m+fp/hard/crtbegin.o
LOAD C:/ST/STM32CubeIDE_1.15.1/STM32CubeIDE/plugins/com.st.stm32cube.ide.mcu.externaltools.gnu-tools-for-stm32.12.3.rel1.win32_1.0.100.202403111256/tools/bin/../lib/gcc/arm-none-eabi/12.3.1/../../../../arm-none-eabi/lib/thumb/v7e-m+fp/hard/crt0.o
LOAD ./Core/Src/can_manager.o
LOAD ./Core/Src/freertos.o
LOAD ./Core/Src/fsm.o
LOAD ./Core/Src/main.o
LOAD ./Core/Src/sd_card.o
LOAD ./Core/Src/sensors.o
LOAD ./Core/Src/serial.o
LOAD ./Core/Src/serial_print.o
LOAD ./Core/Src/stm32f7xx_hal_msp.o
LOAD ./Core/Src/stm32f7xx_hal_timebase_tim.o
LOAD ./Core/Src/stm32f7xx_it.o
LOAD ./Core/Src/syscalls.o
LOAD ./Core/Src/sysmem.o
LOAD ./Core/Src/system_stm32f7xx.o
LOAD ./Core/Src/telem.o
LOAD ./Core/Src/wheel_speed.o
LOAD ./Core/Src/xsens.o
LOAD ./Core/Src/xsens/xsens_mdata2.o
LOAD ./Core/Src/xsens/xsens_mti.o
LOAD ./Core/Src/xsens/xsens_utility.o
LOAD ./Core/Startup/startup_stm32f746zgtx.o
LOAD ./Drivers/STM32F7xx_HAL_Driver/Src/stm32f7xx_hal.o
LOAD ./Drivers/STM32F7xx_HAL_Driver/Src/stm32f7xx_hal_can.o
LOAD ./Drivers/STM32F7xx_HAL_Driver/Src/stm32f7xx_hal_cortex.o
LOAD ./Drivers/STM32F7xx_HAL_Driver/Src/stm32f7xx_hal_dma.o
LOAD ./Drivers/STM32F7xx_HAL_Driver/Src/stm32f7xx_hal_dma_ex.o
LOAD ./Drivers/STM32F7xx_HAL_Driver/Src/stm32f7xx_hal_exti.o
LOAD ./Drivers/STM32F7xx_HAL_Driver/Src/stm32f7xx_hal_flash.o
LOAD ./Drivers/STM32F7xx_HAL_Driver/Src/stm32f7xx_hal_flash_ex.o
LOAD ./Drivers/STM32F7xx_HAL_Driver/Src/stm32f7xx_hal_gpio.o
LOAD ./Drivers/STM32F7xx_HAL_Driver/Src/stm32f7xx_hal_i2c.o
LOAD ./Drivers/STM32F7xx_HAL_Driver/Src/stm32f7xx_hal_i2c_ex.o
LOAD ./Drivers/STM32F7xx_HAL_Driver/Src/stm32f7xx_hal_pwr.o
LOAD ./Drivers/STM32F7xx_HAL_Driver/Src/stm32f7xx_hal_pwr_ex.o
LOAD ./Drivers/STM32F7xx_HAL_Driver/Src/stm32f7xx_hal_rcc.o
LOAD ./Drivers/STM32F7xx_HAL_Driver/Src/stm32f7xx_hal_rcc_ex.o
LOAD ./Drivers/STM32F7xx_HAL_Driver/Src/stm32f7xx_hal_sd.o
LOAD ./Drivers/STM32F7xx_HAL_Driver/Src/stm32f7xx_hal_tim.o
LOAD ./Drivers/STM32F7xx_HAL_Driver/Src/stm32f7xx_hal_tim_ex.o
LOAD ./Drivers/STM32F7xx_HAL_Driver/Src/stm32f7xx_hal_uart.o
LOAD ./Drivers/STM32F7xx_HAL_Driver/Src/stm32f7xx_hal_uart_ex.o
LOAD ./Drivers/STM32F7xx_HAL_Driver/Src/stm32f7xx_ll_sdmmc.o
LOAD ./FATFS/App/fatfs.o
LOAD ./FATFS/Target/bsp_driver_sd.o
LOAD ./FATFS/Target/fatfs_platform.o
LOAD ./FATFS/Target/sd_diskio.o
LOAD ./Middlewares/Third_Party/FatFs/src/diskio.o
LOAD ./Middlewares/Third_Party/FatFs/src/ff.o
LOAD ./Middlewares/Third_Party/FatFs/src/ff_gen_drv.o
LOAD ./Middlewares/Third_Party/FatFs/src/option/syscall.o
LOAD ./Middlewares/Third_Party/FreeRTOS/Source/CMSIS_RTOS_V2/cmsis_os2.o
LOAD ./Middlewares/Third_Party/FreeRTOS/Source/croutine.o
LOAD ./Middlewares/Third_Party/FreeRTOS/Source/event_groups.o
LOAD ./Middlewares/Third_Party/FreeRTOS/Source/list.o
LOAD ./Middlewares/Third_Party/FreeRTOS/Source/queue.o
LOAD ./Middlewares/Third_Party/FreeRTOS/Source/stream_buffer.o
LOAD ./Middlewares/Third_Party/FreeRTOS/Source/tasks.o
LOAD ./Middlewares/Third_Party/FreeRTOS/Source/timers.o
LOAD ./Middlewares/Third_Party/FreeRTOS/Source/portable/GCC/ARM_CM7/r0p1/port.o
LOAD ./Middlewares/Third_Party/FreeRTOS/Source/portable/MemMang/heap_4.o
START GROUP
LOAD C:/ST/STM32CubeIDE_1.15.1/STM32CubeIDE/plugins/com.st.stm32cube.ide.mcu.externaltools.gnu-tools-for-stm32.12.3.rel1.win32_1.0.100.202403111256/tools/bin/../lib/gcc/arm-none-eabi/12.3.1/../../../../arm-none-eabi/lib/thumb/v7e-m+fp/hard\libc_nano.a
LOAD C:/ST/STM32CubeIDE_1.15.1/STM32CubeIDE/plugins/com.st.stm32cube.ide.mcu.externaltools.gnu-tools-for-stm32.12.3.rel1.win32_1.0.100.202403111256/tools/bin/../lib/gcc/arm-none-eabi/12.3.1/../../../../arm-none-eabi/lib/thumb/v7e-m+fp/hard\libm.a
END GROUP
START GROUP
LOAD C:/ST/STM32CubeIDE_1.15.1/STM32CubeIDE/plugins/com.st.stm32cube.ide.mcu.externaltools.gnu-tools-for-stm32.12.3.rel1.win32_1.0.100.202403111256/tools/bin/../lib/gcc/arm-none-eabi/12.3.1/thumb/v7e-m+fp/hard\libgcc.a
LOAD C:/ST/STM32CubeIDE_1.15.1/STM32CubeIDE/plugins/com.st.stm32cube.ide.mcu.externaltools.gnu-tools-for-stm32.12.3.rel1.win32_1.0.100.202403111256/tools/bin/../lib/gcc/arm-none-eabi/12.3.1/../../../../arm-none-eabi/lib/thumb/v7e-m+fp/hard\libc_nano.a
END GROUP
START GROUP
LOAD C:/ST/STM32CubeIDE_1.15.1/STM32CubeIDE/plugins/com.st.stm32cube.ide.mcu.externaltools.gnu-tools-for-stm32.12.3.rel1.win32_1.0.100.202403111256/tools/bin/../lib/gcc/arm-none-eabi/12.3.1/thumb/v7e-m+fp/hard\libgcc.a
LOAD C:/ST/STM32CubeIDE_1.15.1/STM32CubeIDE/plugins/com.st.stm32cube.ide.mcu.externaltools.gnu-tools-for-stm32.12.3.rel1.win32_1.0.100.202403111256/tools/bin/../lib/gcc/arm-none-eabi/12.3.1/../../../../arm-none-eabi/lib/thumb/v7e-m+fp/hard\libc_nano.a
LOAD C:/ST/STM32CubeIDE_1.15.1/STM32CubeIDE/plugins/com.st.stm32cube.ide.mcu.externaltools.gnu-tools-for-stm32.12.3.rel1.win32_1.0.100.202403111256/tools/bin/../lib/gcc/arm-none-eabi/12.3.1/../../../../arm-none-eabi/lib/thumb/v7e-m+fp/hard\libnosys.a
END GROUP
START GROUP
LOAD C:/ST/STM32CubeIDE_1.15.1/STM32CubeIDE/plugins/com.st.stm32cube.ide.mcu.externaltools.gnu-tools-for-stm32.12.3.rel1.win32_1.0.100.202403111256/tools/bin/../lib/gcc/arm-none-eabi/12.3.1/thumb/v7e-m+fp/hard\libgcc.a
LOAD C:/ST/STM32CubeIDE_1.15.1/STM32CubeIDE/plugins/com.st.stm32cube.ide.mcu.externaltools.gnu-tools-for-stm32.12.3.rel1.win32_1.0.100.202403111256/tools/bin/../lib/gcc/arm-none-eabi/12.3.1/../../../../arm-none-eabi/lib/thumb/v7e-m+fp/hard\libc_nano.a
LOAD C:/ST/STM32CubeIDE_1.15.1/STM32CubeIDE/plugins/com.st.stm32cube.ide.mcu.externaltools.gnu-tools-for-stm32.12.3.rel1.win32_1.0.100.202403111256/tools/bin/../lib/gcc/arm-none-eabi/12.3.1/../../../../arm-none-eabi/lib/thumb/v7e-m+fp/hard\libnosys.a
END GROUP
LOAD C:/ST/STM32CubeIDE_1.15.1/STM32CubeIDE/plugins/com.st.stm32cube.ide.mcu.externaltools.gnu-tools-for-stm32.12.3.rel1.win32_1.0.100.202403111256/tools/bin/../lib/gcc/arm-none-eabi/12.3.1/thumb/v7e-m+fp/hard/crtend.o
LOAD C:/ST/STM32CubeIDE_1.15.1/STM32CubeIDE/plugins/com.st.stm32cube.ide.mcu.externaltools.gnu-tools-for-stm32.12.3.rel1.win32_1.0.100.202403111256/tools/bin/../lib/gcc/arm-none-eabi/12.3.1/thumb/v7e-m+fp/hard/crtn.o
                0x20050000                        _estack = (ORIGIN (RAM) + LENGTH (RAM))
                0x00000200                        _Min_Heap_Size = 0x200
                0x00000400                        _Min_Stack_Size = 0x400

.isr_vector     0x08000000      0x1c8
                0x08000000                        . = ALIGN (0x4)
 *(.isr_vector)
 .isr_vector    0x08000000      0x1c8 ./Core/Startup/startup_stm32f746zgtx.o
                0x08000000                g_pfnVectors
                0x080001c8                        . = ALIGN (0x4)

.text           0x080001d0    0x1385c
                0x080001d0                        . = ALIGN (0x4)
 *(.text)
 .text          0x080001d0       0x40 C:/ST/STM32CubeIDE_1.15.1/STM32CubeIDE/plugins/com.st.stm32cube.ide.mcu.externaltools.gnu-tools-for-stm32.12.3.rel1.win32_1.0.100.202403111256/tools/bin/../lib/gcc/arm-none-eabi/12.3.1/thumb/v7e-m+fp/hard/crtbegin.o
 .text          0x08000210       0xa0 C:/ST/STM32CubeIDE_1.15.1/STM32CubeIDE/plugins/com.st.stm32cube.ide.mcu.externaltools.gnu-tools-for-stm32.12.3.rel1.win32_1.0.100.202403111256/tools/bin/../lib/gcc/arm-none-eabi/12.3.1/../../../../arm-none-eabi/lib/thumb/v7e-m+fp/hard\libc_nano.a(libc_a-memchr.o)
                0x08000210                memchr
 .text          0x080002b0       0x10 C:/ST/STM32CubeIDE_1.15.1/STM32CubeIDE/plugins/com.st.stm32cube.ide.mcu.externaltools.gnu-tools-for-stm32.12.3.rel1.win32_1.0.100.202403111256/tools/bin/../lib/gcc/arm-none-eabi/12.3.1/../../../../arm-none-eabi/lib/thumb/v7e-m+fp/hard\libc_nano.a(libc_a-strlen.o)
                0x080002b0                strlen
 .text          0x080002c0      0x378 C:/ST/STM32CubeIDE_1.15.1/STM32CubeIDE/plugins/com.st.stm32cube.ide.mcu.externaltools.gnu-tools-for-stm32.12.3.rel1.win32_1.0.100.202403111256/tools/bin/../lib/gcc/arm-none-eabi/12.3.1/thumb/v7e-m+fp/hard\libgcc.a(_arm_addsubdf3.o)
                0x080002c0                __aeabi_drsub
                0x080002c8                __aeabi_dsub
                0x080002c8                __subdf3
                0x080002cc                __aeabi_dadd
                0x080002cc                __adddf3
                0x08000544                __floatunsidf
                0x08000544                __aeabi_ui2d
                0x08000564                __floatsidf
                0x08000564                __aeabi_i2d
                0x08000588                __aeabi_f2d
                0x08000588                __extendsfdf2
                0x080005cc                __floatundidf
                0x080005cc                __aeabi_ul2d
                0x080005dc                __floatdidf
                0x080005dc                __aeabi_l2d
 .text          0x08000638      0x424 C:/ST/STM32CubeIDE_1.15.1/STM32CubeIDE/plugins/com.st.stm32cube.ide.mcu.externaltools.gnu-tools-for-stm32.12.3.rel1.win32_1.0.100.202403111256/tools/bin/../lib/gcc/arm-none-eabi/12.3.1/thumb/v7e-m+fp/hard\libgcc.a(_arm_muldivdf3.o)
                0x08000638                __aeabi_dmul
                0x08000638                __muldf3
                0x0800088c                __divdf3
                0x0800088c                __aeabi_ddiv
 .text          0x08000a5c      0x110 C:/ST/STM32CubeIDE_1.15.1/STM32CubeIDE/plugins/com.st.stm32cube.ide.mcu.externaltools.gnu-tools-for-stm32.12.3.rel1.win32_1.0.100.202403111256/tools/bin/../lib/gcc/arm-none-eabi/12.3.1/thumb/v7e-m+fp/hard\libgcc.a(_arm_cmpdf2.o)
                0x08000a5c                __gtdf2
                0x08000a5c                __gedf2
                0x08000a64                __ltdf2
                0x08000a64                __ledf2
                0x08000a6c                __nedf2
                0x08000a6c                __eqdf2
                0x08000a6c                __cmpdf2
                0x08000ae8                __aeabi_cdrcmple
                0x08000af8                __aeabi_cdcmpeq
                0x08000af8                __aeabi_cdcmple
                0x08000b08                __aeabi_dcmpeq
                0x08000b1c                __aeabi_dcmplt
                0x08000b30                __aeabi_dcmple
                0x08000b44                __aeabi_dcmpge
                0x08000b58                __aeabi_dcmpgt
 .text          0x08000b6c       0x2c C:/ST/STM32CubeIDE_1.15.1/STM32CubeIDE/plugins/com.st.stm32cube.ide.mcu.externaltools.gnu-tools-for-stm32.12.3.rel1.win32_1.0.100.202403111256/tools/bin/../lib/gcc/arm-none-eabi/12.3.1/thumb/v7e-m+fp/hard\libgcc.a(_arm_unorddf2.o)
                0x08000b6c                __unorddf2
                0x08000b6c                __aeabi_dcmpun
 .text          0x08000b98       0x50 C:/ST/STM32CubeIDE_1.15.1/STM32CubeIDE/plugins/com.st.stm32cube.ide.mcu.externaltools.gnu-tools-for-stm32.12.3.rel1.win32_1.0.100.202403111256/tools/bin/../lib/gcc/arm-none-eabi/12.3.1/thumb/v7e-m+fp/hard\libgcc.a(_arm_fixdfsi.o)
                0x08000b98                __aeabi_d2iz
                0x08000b98                __fixdfsi
 .text          0x08000be8       0x30 C:/ST/STM32CubeIDE_1.15.1/STM32CubeIDE/plugins/com.st.stm32cube.ide.mcu.externaltools.gnu-tools-for-stm32.12.3.rel1.win32_1.0.100.202403111256/tools/bin/../lib/gcc/arm-none-eabi/12.3.1/thumb/v7e-m+fp/hard\libgcc.a(_aeabi_uldivmod.o)
                0x08000be8                __aeabi_uldivmod
 .text          0x08000c18      0x2bc C:/ST/STM32CubeIDE_1.15.1/STM32CubeIDE/plugins/com.st.stm32cube.ide.mcu.externaltools.gnu-tools-for-stm32.12.3.rel1.win32_1.0.100.202403111256/tools/bin/../lib/gcc/arm-none-eabi/12.3.1/thumb/v7e-m+fp/hard\libgcc.a(_udivmoddi4.o)
                0x08000c18                __udivmoddi4
 .text          0x08000ed4        0x4 C:/ST/STM32CubeIDE_1.15.1/STM32CubeIDE/plugins/com.st.stm32cube.ide.mcu.externaltools.gnu-tools-for-stm32.12.3.rel1.win32_1.0.100.202403111256/tools/bin/../lib/gcc/arm-none-eabi/12.3.1/thumb/v7e-m+fp/hard\libgcc.a(_dvmd_tls.o)
                0x08000ed4                __aeabi_idiv0
                0x08000ed4                __aeabi_ldiv0
 *(.text*)
 .text.HAL_CAN_RxFifo0MsgPendingCallback
                0x08000ed8       0x3c ./Core/Src/can_manager.o
                0x08000ed8                HAL_CAN_RxFifo0MsgPendingCallback
 .text.save_can_rx_data
                0x08000f14      0x774 ./Core/Src/can_manager.o
 .text.CAN_Send
                0x08001688       0x54 ./Core/Src/can_manager.o
                0x08001688                CAN_Send
 .text.__NVIC_EnableIRQ
                0x080016dc       0x3c ./Core/Src/main.o
 .text.HAL_GPIO_EXTI_Callback
                0x08001718       0x16 ./Core/Src/main.o
                0x08001718                HAL_GPIO_EXTI_Callback
 *fill*         0x0800172e        0x2 
 .text.main     0x08001730       0x80 ./Core/Src/main.o
                0x08001730                main
 .text.SystemClock_Config
                0x080017b0       0xd8 ./Core/Src/main.o
                0x080017b0                SystemClock_Config
 .text.MX_CAN1_Init
                0x08001888       0xd0 ./Core/Src/main.o
 .text.MX_CAN2_Init
                0x08001958       0x7c ./Core/Src/main.o
 .text.MX_SDMMC1_SD_Init
                0x080019d4       0x60 ./Core/Src/main.o
 .text.MX_TIM1_Init
                0x08001a34       0xa8 ./Core/Src/main.o
 .text.MX_TIM4_Init
                0x08001adc       0xa0 ./Core/Src/main.o
 .text.MX_TIM7_Init
                0x08001b7c       0x74 ./Core/Src/main.o
 .text.MX_UART4_Init
                0x08001bf0       0x60 ./Core/Src/main.o
 .text.MX_UART7_Init
                0x08001c50       0x60 ./Core/Src/main.o
 .text.MX_USART3_UART_Init
                0x08001cb0       0x68 ./Core/Src/main.o
 .text.MX_DMA_Init
                0x08001d18       0x74 ./Core/Src/main.o
 .text.MX_GPIO_Init
                0x08001d8c      0x15c ./Core/Src/main.o
 .text.MainEntry
                0x08001ee8       0x80 ./Core/Src/main.o
                0x08001ee8                MainEntry
 .text.SDCardEntry
                0x08001f68       0x3c ./Core/Src/main.o
                0x08001f68                SDCardEntry
 .text.HAL_TIM_PeriodElapsedCallback
                0x08001fa4       0x24 ./Core/Src/main.o
                0x08001fa4                HAL_TIM_PeriodElapsedCallback
 .text.Error_Handler
                0x08001fc8        0xc ./Core/Src/main.o
                0x08001fc8                Error_Handler
 .text.sd_card_mount
                0x08001fd4      0x138 ./Core/Src/sd_card.o
                0x08001fd4                sd_card_mount
 .text.sd_card_write_data
                0x0800210c       0xdc ./Core/Src/sd_card.o
                0x0800210c                sd_card_write_data
 .text.sd_card_write_can_rx
                0x080021e8       0x24 ./Core/Src/sd_card.o
                0x080021e8                sd_card_write_can_rx
 .text.sd_card_update_async
                0x0800220c       0x1c ./Core/Src/sd_card.o
                0x0800220c                sd_card_update_async
 .text.sd_card_flush_internal
                0x08002228       0x1c ./Core/Src/sd_card.o
 .text.sd_card_write_data_bytes
                0x08002244       0x4c ./Core/Src/sd_card.o
 .text.sd_card_write_from_buffer
                0x08002290       0x44 ./Core/Src/sd_card.o
 .text.Serial_Init
                0x080022d4       0x32 ./Core/Src/serial.o
                0x080022d4                Serial_Init
 .text.Serial_StartListening
                0x08002306       0x26 ./Core/Src/serial.o
                0x08002306                Serial_StartListening
 .text.Serial_BytesAvailable
                0x0800232c       0x48 ./Core/Src/serial.o
                0x0800232c                Serial_BytesAvailable
 .text.Serial_GetByte
                0x08002374       0x40 ./Core/Src/serial.o
                0x08002374                Serial_GetByte
 .text.Serial_SendBytes
                0x080023b4       0x28 ./Core/Src/serial.o
                0x080023b4                Serial_SendBytes
 .text.print    0x080023dc       0x28 ./Core/Src/serial_print.o
                0x080023dc                print
 .text.HAL_MspInit
                0x08002404       0x50 ./Core/Src/stm32f7xx_hal_msp.o
                0x08002404                HAL_MspInit
 .text.HAL_CAN_MspInit
                0x08002454      0x140 ./Core/Src/stm32f7xx_hal_msp.o
                0x08002454                HAL_CAN_MspInit
 .text.HAL_SD_MspInit
                0x08002594      0x248 ./Core/Src/stm32f7xx_hal_msp.o
                0x08002594                HAL_SD_MspInit
 .text.HAL_TIM_Base_MspInit
                0x080027dc       0x9c ./Core/Src/stm32f7xx_hal_msp.o
                0x080027dc                HAL_TIM_Base_MspInit
 .text.HAL_UART_MspInit
                0x08002878      0x23c ./Core/Src/stm32f7xx_hal_msp.o
                0x08002878                HAL_UART_MspInit
 .text.HAL_InitTick
                0x08002ab4       0xf4 ./Core/Src/stm32f7xx_hal_timebase_tim.o
                0x08002ab4                HAL_InitTick
 .text.NMI_Handler
                0x08002ba8        0x8 ./Core/Src/stm32f7xx_it.o
                0x08002ba8                NMI_Handler
 .text.HardFault_Handler
                0x08002bb0        0x8 ./Core/Src/stm32f7xx_it.o
                0x08002bb0                HardFault_Handler
 .text.MemManage_Handler
                0x08002bb8        0x8 ./Core/Src/stm32f7xx_it.o
                0x08002bb8                MemManage_Handler
 .text.BusFault_Handler
                0x08002bc0        0x8 ./Core/Src/stm32f7xx_it.o
                0x08002bc0                BusFault_Handler
 .text.UsageFault_Handler
                0x08002bc8        0x8 ./Core/Src/stm32f7xx_it.o
                0x08002bc8                UsageFault_Handler
 .text.DebugMon_Handler
                0x08002bd0        0xe ./Core/Src/stm32f7xx_it.o
                0x08002bd0                DebugMon_Handler
 *fill*         0x08002bde        0x2 
 .text.DMA1_Stream2_IRQHandler
                0x08002be0       0x14 ./Core/Src/stm32f7xx_it.o
                0x08002be0                DMA1_Stream2_IRQHandler
 .text.CAN1_RX0_IRQHandler
                0x08002bf4       0x14 ./Core/Src/stm32f7xx_it.o
                0x08002bf4                CAN1_RX0_IRQHandler
 .text.EXTI15_10_IRQHandler
                0x08002c08       0x10 ./Core/Src/stm32f7xx_it.o
                0x08002c08                EXTI15_10_IRQHandler
 .text.SDMMC1_IRQHandler
                0x08002c18       0x14 ./Core/Src/stm32f7xx_it.o
                0x08002c18                SDMMC1_IRQHandler
 .text.TIM6_DAC_IRQHandler
                0x08002c2c       0x14 ./Core/Src/stm32f7xx_it.o
                0x08002c2c                TIM6_DAC_IRQHandler
 .text.TIM7_IRQHandler
                0x08002c40       0x14 ./Core/Src/stm32f7xx_it.o
                0x08002c40                TIM7_IRQHandler
 .text.DMA2_Stream3_IRQHandler
                0x08002c54       0x14 ./Core/Src/stm32f7xx_it.o
                0x08002c54                DMA2_Stream3_IRQHandler
 .text.DMA2_Stream6_IRQHandler
                0x08002c68       0x14 ./Core/Src/stm32f7xx_it.o
                0x08002c68                DMA2_Stream6_IRQHandler
 .text._getpid  0x08002c7c       0x10 ./Core/Src/syscalls.o
                0x08002c7c                _getpid
 .text._kill    0x08002c8c       0x20 ./Core/Src/syscalls.o
                0x08002c8c                _kill
 .text._exit    0x08002cac       0x16 ./Core/Src/syscalls.o
                0x08002cac                _exit
 .text._read    0x08002cc2       0x3a ./Core/Src/syscalls.o
                0x08002cc2                _read
 .text._write   0x08002cfc       0x38 ./Core/Src/syscalls.o
                0x08002cfc                _write
 .text._close   0x08002d34       0x18 ./Core/Src/syscalls.o
                0x08002d34                _close
 .text._fstat   0x08002d4c       0x20 ./Core/Src/syscalls.o
                0x08002d4c                _fstat
 .text._isatty  0x08002d6c       0x16 ./Core/Src/syscalls.o
                0x08002d6c                _isatty
 .text._lseek   0x08002d82       0x1a ./Core/Src/syscalls.o
                0x08002d82                _lseek
 .text._sbrk    0x08002d9c       0x6c ./Core/Src/sysmem.o
                0x08002d9c                _sbrk
 .text.SystemInit
                0x08002e08       0x24 ./Core/Src/system_stm32f7xx.o
                0x08002e08                SystemInit
 .text.telem_send
                0x08002e2c      0x114 ./Core/Src/telem.o
                0x08002e2c                telem_send
 .text.Xsens_Update
                0x08002f40       0x98 ./Core/Src/xsens.o
                0x08002f40                Xsens_Update
 .text.imu_callback
                0x08002fd8      0x1b4 ./Core/Src/xsens.o
                0x08002fd8                imu_callback
 .text.xsens_mdata2_process
                0x0800318c      0x1a0 ./Core/Src/xsens/xsens_mdata2.o
                0x0800318c                xsens_mdata2_process
 .text.xsens_mdata2_decode_field
                0x0800332c      0x250 ./Core/Src/xsens/xsens_mdata2.o
                0x0800332c                xsens_mdata2_decode_field
 .text.xsens_mti_parse
                0x0800357c      0x148 ./Core/Src/xsens/xsens_mti.o
                0x0800357c                xsens_mti_parse
 .text.xsens_mti_reset_parser
                0x080036c4       0x30 ./Core/Src/xsens/xsens_mti.o
                0x080036c4                xsens_mti_reset_parser
 .text.xsens_mti_handle_payload
                0x080036f4       0x44 ./Core/Src/xsens/xsens_mti.o
                0x080036f4                xsens_mti_handle_payload
 .text.xsens_mti_find_inbound_handler_entry
                0x08003738       0x28 ./Core/Src/xsens/xsens_mti.o
                0x08003738                xsens_mti_find_inbound_handler_entry
 .text.xsens_mti_find_handler_entry
                0x08003760       0x4c ./Core/Src/xsens/xsens_mti.o
                0x08003760                xsens_mti_find_handler_entry
 .text.xsens_internal_handle_device_id
                0x080037ac       0x78 ./Core/Src/xsens/xsens_mti.o
                0x080037ac                xsens_internal_handle_device_id
 .text.xsens_internal_handle_product_code
                0x08003824       0x14 ./Core/Src/xsens/xsens_mti.o
                0x08003824                xsens_internal_handle_product_code
 .text.xsens_internal_handle_hardware_version
                0x08003838       0x14 ./Core/Src/xsens/xsens_mti.o
                0x08003838                xsens_internal_handle_hardware_version
 .text.xsens_internal_handle_firmware_version
                0x0800384c       0x3a ./Core/Src/xsens/xsens_mti.o
                0x0800384c                xsens_internal_handle_firmware_version
 .text.xsens_internal_handle_selftest_results
                0x08003886       0x14 ./Core/Src/xsens/xsens_mti.o
                0x08003886                xsens_internal_handle_selftest_results
 .text.xsens_internal_handle_error
                0x0800389a       0x1a ./Core/Src/xsens/xsens_mti.o
                0x0800389a                xsens_internal_handle_error
 .text.xsens_internal_handle_mdata2
                0x080038b4       0x24 ./Core/Src/xsens/xsens_mti.o
                0x080038b4                xsens_internal_handle_mdata2
 .text.xsens_coalesce_16BE_16LE
                0x080038d8       0x2a ./Core/Src/xsens/xsens_utility.o
                0x080038d8                xsens_coalesce_16BE_16LE
 .text.xsens_coalesce_32BE_32LE
                0x08003902       0x38 ./Core/Src/xsens/xsens_utility.o
                0x08003902                xsens_coalesce_32BE_32LE
 .text.xsens_coalesce_32BE_F32LE
                0x0800393a       0x48 ./Core/Src/xsens/xsens_utility.o
                0x0800393a                xsens_coalesce_32BE_F32LE
 *fill*         0x08003982        0x2 
 .text.Reset_Handler
                0x08003984       0x50 ./Core/Startup/startup_stm32f746zgtx.o
                0x08003984                Reset_Handler
 .text.Default_Handler
                0x080039d4        0x2 ./Core/Startup/startup_stm32f746zgtx.o
                0x080039d4                RTC_Alarm_IRQHandler
                0x080039d4                EXTI2_IRQHandler
                0x080039d4                TIM8_CC_IRQHandler
                0x080039d4                UART8_IRQHandler
                0x080039d4                SPI4_IRQHandler
                0x080039d4                TIM1_CC_IRQHandler
                0x080039d4                DMA2_Stream5_IRQHandler
                0x080039d4                DMA1_Stream5_IRQHandler
                0x080039d4                PVD_IRQHandler
                0x080039d4                TAMP_STAMP_IRQHandler
                0x080039d4                CAN2_RX1_IRQHandler
                0x080039d4                EXTI3_IRQHandler
                0x080039d4                TIM8_TRG_COM_TIM14_IRQHandler
                0x080039d4                TIM1_UP_TIM10_IRQHandler
                0x080039d4                TIM8_UP_TIM13_IRQHandler
                0x080039d4                I2C3_ER_IRQHandler
                0x080039d4                EXTI0_IRQHandler
                0x080039d4                I2C2_EV_IRQHandler
                0x080039d4                FPU_IRQHandler
                0x080039d4                OTG_HS_WKUP_IRQHandler
                0x080039d4                LTDC_ER_IRQHandler
                0x080039d4                CAN2_SCE_IRQHandler
                0x080039d4                DMA2_Stream2_IRQHandler
                0x080039d4                SPI1_IRQHandler
                0x080039d4                TIM1_BRK_TIM9_IRQHandler
                0x080039d4                DCMI_IRQHandler
                0x080039d4                CAN2_RX0_IRQHandler
                0x080039d4                SAI2_IRQHandler
                0x080039d4                USART6_IRQHandler
                0x080039d4                USART3_IRQHandler
                0x080039d4                CAN1_RX1_IRQHandler
                0x080039d4                UART5_IRQHandler
                0x080039d4                DMA2_Stream0_IRQHandler
                0x080039d4                TIM4_IRQHandler
                0x080039d4                QUADSPI_IRQHandler
                0x080039d4                I2C1_EV_IRQHandler
                0x080039d4                DMA1_Stream6_IRQHandler
                0x080039d4                DMA1_Stream1_IRQHandler
                0x080039d4                UART4_IRQHandler
                0x080039d4                TIM3_IRQHandler
                0x080039d4                RCC_IRQHandler
                0x080039d4                TIM8_BRK_TIM12_IRQHandler
                0x080039d4                Default_Handler
                0x080039d4                CEC_IRQHandler
                0x080039d4                ADC_IRQHandler
                0x080039d4                DMA1_Stream7_IRQHandler
                0x080039d4                SPI5_IRQHandler
                0x080039d4                CAN2_TX_IRQHandler
                0x080039d4                TIM5_IRQHandler
                0x080039d4                DMA2_Stream7_IRQHandler
                0x080039d4                I2C3_EV_IRQHandler
                0x080039d4                EXTI9_5_IRQHandler
                0x080039d4                RTC_WKUP_IRQHandler
                0x080039d4                LTDC_IRQHandler
                0x080039d4                ETH_WKUP_IRQHandler
                0x080039d4                SPDIF_RX_IRQHandler
                0x080039d4                SPI2_IRQHandler
                0x080039d4                OTG_HS_EP1_IN_IRQHandler
                0x080039d4                DMA1_Stream0_IRQHandler
                0x080039d4                CAN1_TX_IRQHandler
                0x080039d4                EXTI4_IRQHandler
                0x080039d4                RNG_IRQHandler
                0x080039d4                ETH_IRQHandler
                0x080039d4                OTG_HS_EP1_OUT_IRQHandler
                0x080039d4                WWDG_IRQHandler
                0x080039d4                SPI6_IRQHandler
                0x080039d4                I2C4_EV_IRQHandler
                0x080039d4                TIM2_IRQHandler
                0x080039d4                OTG_FS_WKUP_IRQHandler
                0x080039d4                TIM1_TRG_COM_TIM11_IRQHandler
                0x080039d4                OTG_HS_IRQHandler
                0x080039d4                DMA2D_IRQHandler
                0x080039d4                EXTI1_IRQHandler
                0x080039d4                UART7_IRQHandler
                0x080039d4                USART2_IRQHandler
                0x080039d4                I2C2_ER_IRQHandler
                0x080039d4                DMA2_Stream1_IRQHandler
                0x080039d4                CAN1_SCE_IRQHandler
                0x080039d4                FLASH_IRQHandler
                0x080039d4                DMA2_Stream4_IRQHandler
                0x080039d4                USART1_IRQHandler
                0x080039d4                OTG_FS_IRQHandler
                0x080039d4                SPI3_IRQHandler
                0x080039d4                DMA1_Stream4_IRQHandler
                0x080039d4                I2C1_ER_IRQHandler
                0x080039d4                FMC_IRQHandler
                0x080039d4                LPTIM1_IRQHandler
                0x080039d4                I2C4_ER_IRQHandler
                0x080039d4                SAI1_IRQHandler
                0x080039d4                DMA1_Stream3_IRQHandler
 .text.HAL_Init
                0x080039d6       0x1a ./Drivers/STM32F7xx_HAL_Driver/Src/stm32f7xx_hal.o
                0x080039d6                HAL_Init
 .text.HAL_IncTick
                0x080039f0       0x28 ./Drivers/STM32F7xx_HAL_Driver/Src/stm32f7xx_hal.o
                0x080039f0                HAL_IncTick
 .text.HAL_GetTick
                0x08003a18       0x18 ./Drivers/STM32F7xx_HAL_Driver/Src/stm32f7xx_hal.o
                0x08003a18                HAL_GetTick
 .text.HAL_Delay
                0x08003a30       0x48 ./Drivers/STM32F7xx_HAL_Driver/Src/stm32f7xx_hal.o
                0x08003a30                HAL_Delay
 .text.HAL_CAN_Init
                0x08003a78      0x1f6 ./Drivers/STM32F7xx_HAL_Driver/Src/stm32f7xx_hal_can.o
                0x08003a78                HAL_CAN_Init
 *fill*         0x08003c6e        0x2 
 .text.HAL_CAN_ConfigFilter
                0x08003c70      0x1c0 ./Drivers/STM32F7xx_HAL_Driver/Src/stm32f7xx_hal_can.o
                0x08003c70                HAL_CAN_ConfigFilter
 .text.HAL_CAN_Start
                0x08003e30       0x88 ./Drivers/STM32F7xx_HAL_Driver/Src/stm32f7xx_hal_can.o
                0x08003e30                HAL_CAN_Start
 .text.HAL_CAN_AddTxMessage
                0x08003eb8      0x1a0 ./Drivers/STM32F7xx_HAL_Driver/Src/stm32f7xx_hal_can.o
                0x08003eb8                HAL_CAN_AddTxMessage
 .text.HAL_CAN_GetTxMailboxesFreeLevel
                0x08004058       0x6a ./Drivers/STM32F7xx_HAL_Driver/Src/stm32f7xx_hal_can.o
                0x08004058                HAL_CAN_GetTxMailboxesFreeLevel
 .text.HAL_CAN_GetRxMessage
                0x080040c2      0x224 ./Drivers/STM32F7xx_HAL_Driver/Src/stm32f7xx_hal_can.o
                0x080040c2                HAL_CAN_GetRxMessage
 .text.HAL_CAN_ActivateNotification
                0x080042e6       0x4c ./Drivers/STM32F7xx_HAL_Driver/Src/stm32f7xx_hal_can.o
                0x080042e6                HAL_CAN_ActivateNotification
 .text.HAL_CAN_IRQHandler
                0x08004332      0x36e ./Drivers/STM32F7xx_HAL_Driver/Src/stm32f7xx_hal_can.o
                0x08004332                HAL_CAN_IRQHandler
 .text.HAL_CAN_TxMailbox0CompleteCallback
                0x080046a0       0x14 ./Drivers/STM32F7xx_HAL_Driver/Src/stm32f7xx_hal_can.o
                0x080046a0                HAL_CAN_TxMailbox0CompleteCallback
 .text.HAL_CAN_TxMailbox1CompleteCallback
                0x080046b4       0x14 ./Drivers/STM32F7xx_HAL_Driver/Src/stm32f7xx_hal_can.o
                0x080046b4                HAL_CAN_TxMailbox1CompleteCallback
 .text.HAL_CAN_TxMailbox2CompleteCallback
                0x080046c8       0x14 ./Drivers/STM32F7xx_HAL_Driver/Src/stm32f7xx_hal_can.o
                0x080046c8                HAL_CAN_TxMailbox2CompleteCallback
 .text.HAL_CAN_TxMailbox0AbortCallback
                0x080046dc       0x14 ./Drivers/STM32F7xx_HAL_Driver/Src/stm32f7xx_hal_can.o
                0x080046dc                HAL_CAN_TxMailbox0AbortCallback
 .text.HAL_CAN_TxMailbox1AbortCallback
                0x080046f0       0x14 ./Drivers/STM32F7xx_HAL_Driver/Src/stm32f7xx_hal_can.o
                0x080046f0                HAL_CAN_TxMailbox1AbortCallback
 .text.HAL_CAN_TxMailbox2AbortCallback
                0x08004704       0x14 ./Drivers/STM32F7xx_HAL_Driver/Src/stm32f7xx_hal_can.o
                0x08004704                HAL_CAN_TxMailbox2AbortCallback
 .text.HAL_CAN_RxFifo0FullCallback
                0x08004718       0x14 ./Drivers/STM32F7xx_HAL_Driver/Src/stm32f7xx_hal_can.o
                0x08004718                HAL_CAN_RxFifo0FullCallback
 .text.HAL_CAN_RxFifo1MsgPendingCallback
                0x0800472c       0x14 ./Drivers/STM32F7xx_HAL_Driver/Src/stm32f7xx_hal_can.o
                0x0800472c                HAL_CAN_RxFifo1MsgPendingCallback
 .text.HAL_CAN_RxFifo1FullCallback
                0x08004740       0x14 ./Drivers/STM32F7xx_HAL_Driver/Src/stm32f7xx_hal_can.o
                0x08004740                HAL_CAN_RxFifo1FullCallback
 .text.HAL_CAN_SleepCallback
                0x08004754       0x14 ./Drivers/STM32F7xx_HAL_Driver/Src/stm32f7xx_hal_can.o
                0x08004754                HAL_CAN_SleepCallback
 .text.HAL_CAN_WakeUpFromRxMsgCallback
                0x08004768       0x14 ./Drivers/STM32F7xx_HAL_Driver/Src/stm32f7xx_hal_can.o
                0x08004768                HAL_CAN_WakeUpFromRxMsgCallback
 .text.HAL_CAN_ErrorCallback
                0x0800477c       0x14 ./Drivers/STM32F7xx_HAL_Driver/Src/stm32f7xx_hal_can.o
                0x0800477c                HAL_CAN_ErrorCallback
 .text.__NVIC_SetPriorityGrouping
                0x08004790       0x48 ./Drivers/STM32F7xx_HAL_Driver/Src/stm32f7xx_hal_cortex.o
 .text.__NVIC_GetPriorityGrouping
                0x080047d8       0x1c ./Drivers/STM32F7xx_HAL_Driver/Src/stm32f7xx_hal_cortex.o
 .text.__NVIC_EnableIRQ
                0x080047f4       0x3c ./Drivers/STM32F7xx_HAL_Driver/Src/stm32f7xx_hal_cortex.o
 .text.__NVIC_SetPriority
                0x08004830       0x54 ./Drivers/STM32F7xx_HAL_Driver/Src/stm32f7xx_hal_cortex.o
 .text.NVIC_EncodePriority
                0x08004884       0x66 ./Drivers/STM32F7xx_HAL_Driver/Src/stm32f7xx_hal_cortex.o
 .text.HAL_NVIC_SetPriorityGrouping
                0x080048ea       0x16 ./Drivers/STM32F7xx_HAL_Driver/Src/stm32f7xx_hal_cortex.o
                0x080048ea                HAL_NVIC_SetPriorityGrouping
 .text.HAL_NVIC_SetPriority
                0x08004900       0x38 ./Drivers/STM32F7xx_HAL_Driver/Src/stm32f7xx_hal_cortex.o
                0x08004900                HAL_NVIC_SetPriority
 .text.HAL_NVIC_EnableIRQ
                0x08004938       0x1c ./Drivers/STM32F7xx_HAL_Driver/Src/stm32f7xx_hal_cortex.o
                0x08004938                HAL_NVIC_EnableIRQ
 .text.HAL_DMA_Init
                0x08004954      0x15c ./Drivers/STM32F7xx_HAL_Driver/Src/stm32f7xx_hal_dma.o
                0x08004954                HAL_DMA_Init
 .text.HAL_DMA_Start_IT
                0x08004ab0       0xc0 ./Drivers/STM32F7xx_HAL_Driver/Src/stm32f7xx_hal_dma.o
                0x08004ab0                HAL_DMA_Start_IT
 .text.HAL_DMA_Abort_IT
                0x08004b70       0x44 ./Drivers/STM32F7xx_HAL_Driver/Src/stm32f7xx_hal_dma.o
                0x08004b70                HAL_DMA_Abort_IT
 .text.HAL_DMA_IRQHandler
                0x08004bb4      0x314 ./Drivers/STM32F7xx_HAL_Driver/Src/stm32f7xx_hal_dma.o
                0x08004bb4                HAL_DMA_IRQHandler
 .text.HAL_DMA_GetError
                0x08004ec8       0x18 ./Drivers/STM32F7xx_HAL_Driver/Src/stm32f7xx_hal_dma.o
                0x08004ec8                HAL_DMA_GetError
 .text.DMA_SetConfig
                0x08004ee0       0x5c ./Drivers/STM32F7xx_HAL_Driver/Src/stm32f7xx_hal_dma.o
 .text.DMA_CalcBaseAndBitshift
                0x08004f3c       0x6c ./Drivers/STM32F7xx_HAL_Driver/Src/stm32f7xx_hal_dma.o
 .text.DMA_CheckFifoParam
                0x08004fa8       0xf8 ./Drivers/STM32F7xx_HAL_Driver/Src/stm32f7xx_hal_dma.o
 .text.HAL_GPIO_Init
                0x080050a0      0x358 ./Drivers/STM32F7xx_HAL_Driver/Src/stm32f7xx_hal_gpio.o
                0x080050a0                HAL_GPIO_Init
 .text.HAL_GPIO_ReadPin
                0x080053f8       0x30 ./Drivers/STM32F7xx_HAL_Driver/Src/stm32f7xx_hal_gpio.o
                0x080053f8                HAL_GPIO_ReadPin
 .text.HAL_GPIO_WritePin
                0x08005428       0x32 ./Drivers/STM32F7xx_HAL_Driver/Src/stm32f7xx_hal_gpio.o
                0x08005428                HAL_GPIO_WritePin
 .text.HAL_GPIO_TogglePin
                0x0800545a       0x34 ./Drivers/STM32F7xx_HAL_Driver/Src/stm32f7xx_hal_gpio.o
                0x0800545a                HAL_GPIO_TogglePin
 *fill*         0x0800548e        0x2 
 .text.HAL_GPIO_EXTI_IRQHandler
                0x08005490       0x30 ./Drivers/STM32F7xx_HAL_Driver/Src/stm32f7xx_hal_gpio.o
                0x08005490                HAL_GPIO_EXTI_IRQHandler
 .text.HAL_PWREx_EnableOverDrive
                0x080054c0       0xa0 ./Drivers/STM32F7xx_HAL_Driver/Src/stm32f7xx_hal_pwr_ex.o
                0x080054c0                HAL_PWREx_EnableOverDrive
 .text.HAL_RCC_OscConfig
                0x08005560      0x548 ./Drivers/STM32F7xx_HAL_Driver/Src/stm32f7xx_hal_rcc.o
                0x08005560                HAL_RCC_OscConfig
 .text.HAL_RCC_ClockConfig
                0x08005aa8      0x1d8 ./Drivers/STM32F7xx_HAL_Driver/Src/stm32f7xx_hal_rcc.o
                0x08005aa8                HAL_RCC_ClockConfig
 .text.HAL_RCC_GetSysClockFreq
                0x08005c80      0x208 ./Drivers/STM32F7xx_HAL_Driver/Src/stm32f7xx_hal_rcc.o
                0x08005c80                HAL_RCC_GetSysClockFreq
 .text.HAL_RCC_GetHCLKFreq
                0x08005e88       0x18 ./Drivers/STM32F7xx_HAL_Driver/Src/stm32f7xx_hal_rcc.o
                0x08005e88                HAL_RCC_GetHCLKFreq
 .text.HAL_RCC_GetPCLK1Freq
                0x08005ea0       0x28 ./Drivers/STM32F7xx_HAL_Driver/Src/stm32f7xx_hal_rcc.o
                0x08005ea0                HAL_RCC_GetPCLK1Freq
 .text.HAL_RCC_GetPCLK2Freq
                0x08005ec8       0x28 ./Drivers/STM32F7xx_HAL_Driver/Src/stm32f7xx_hal_rcc.o
                0x08005ec8                HAL_RCC_GetPCLK2Freq
 .text.HAL_RCC_GetClockConfig
                0x08005ef0       0x64 ./Drivers/STM32F7xx_HAL_Driver/Src/stm32f7xx_hal_rcc.o
                0x08005ef0                HAL_RCC_GetClockConfig
 .text.HAL_RCCEx_PeriphCLKConfig
                0x08005f54      0x7e0 ./Drivers/STM32F7xx_HAL_Driver/Src/stm32f7xx_hal_rcc_ex.o
                0x08005f54                HAL_RCCEx_PeriphCLKConfig
 .text.HAL_SD_Init
                0x08006734       0x60 ./Drivers/STM32F7xx_HAL_Driver/Src/stm32f7xx_hal_sd.o
                0x08006734                HAL_SD_Init
 .text.HAL_SD_InitCard
                0x08006794      0x110 ./Drivers/STM32F7xx_HAL_Driver/Src/stm32f7xx_hal_sd.o
                0x08006794                HAL_SD_InitCard
 .text.HAL_SD_ReadBlocks_DMA
                0x080068a4      0x1c4 ./Drivers/STM32F7xx_HAL_Driver/Src/stm32f7xx_hal_sd.o
                0x080068a4                HAL_SD_ReadBlocks_DMA
 .text.HAL_SD_WriteBlocks_DMA
                0x08006a68      0x1cc ./Drivers/STM32F7xx_HAL_Driver/Src/stm32f7xx_hal_sd.o
                0x08006a68                HAL_SD_WriteBlocks_DMA
 .text.HAL_SD_IRQHandler
                0x08006c34      0x2ec ./Drivers/STM32F7xx_HAL_Driver/Src/stm32f7xx_hal_sd.o
                0x08006c34                HAL_SD_IRQHandler
 .text.HAL_SD_ErrorCallback
                0x08006f20       0x14 ./Drivers/STM32F7xx_HAL_Driver/Src/stm32f7xx_hal_sd.o
                0x08006f20                HAL_SD_ErrorCallback
 .text.HAL_SD_GetCardCSD
                0x08006f34      0x348 ./Drivers/STM32F7xx_HAL_Driver/Src/stm32f7xx_hal_sd.o
                0x08006f34                HAL_SD_GetCardCSD
 .text.HAL_SD_GetCardInfo
                0x0800727c       0x58 ./Drivers/STM32F7xx_HAL_Driver/Src/stm32f7xx_hal_sd.o
                0x0800727c                HAL_SD_GetCardInfo
 .text.HAL_SD_ConfigWideBusOperation
                0x080072d4      0x134 ./Drivers/STM32F7xx_HAL_Driver/Src/stm32f7xx_hal_sd.o
                0x080072d4                HAL_SD_ConfigWideBusOperation
 .text.HAL_SD_GetCardState
                0x08007408       0x40 ./Drivers/STM32F7xx_HAL_Driver/Src/stm32f7xx_hal_sd.o
                0x08007408                HAL_SD_GetCardState
 .text.SD_DMATransmitCplt
                0x08007448       0x2a ./Drivers/STM32F7xx_HAL_Driver/Src/stm32f7xx_hal_sd.o
 .text.SD_DMAReceiveCplt
                0x08007472       0x70 ./Drivers/STM32F7xx_HAL_Driver/Src/stm32f7xx_hal_sd.o
 *fill*         0x080074e2        0x2 
 .text.SD_DMAError
                0x080074e4       0xa4 ./Drivers/STM32F7xx_HAL_Driver/Src/stm32f7xx_hal_sd.o
 .text.SD_DMATxAbort
                0x08007588       0x6e ./Drivers/STM32F7xx_HAL_Driver/Src/stm32f7xx_hal_sd.o
 .text.SD_DMARxAbort
                0x080075f6       0x6e ./Drivers/STM32F7xx_HAL_Driver/Src/stm32f7xx_hal_sd.o
 .text.SD_InitCard
                0x08007664      0x19c ./Drivers/STM32F7xx_HAL_Driver/Src/stm32f7xx_hal_sd.o
 .text.SD_PowerON
                0x08007800      0x11c ./Drivers/STM32F7xx_HAL_Driver/Src/stm32f7xx_hal_sd.o
 .text.SD_SendStatus
                0x0800791c       0x50 ./Drivers/STM32F7xx_HAL_Driver/Src/stm32f7xx_hal_sd.o
 .text.SD_WideBus_Enable
                0x0800796c       0x96 ./Drivers/STM32F7xx_HAL_Driver/Src/stm32f7xx_hal_sd.o
 .text.SD_WideBus_Disable
                0x08007a02       0x96 ./Drivers/STM32F7xx_HAL_Driver/Src/stm32f7xx_hal_sd.o
 .text.SD_FindSCR
                0x08007a98      0x1a6 ./Drivers/STM32F7xx_HAL_Driver/Src/stm32f7xx_hal_sd.o
 .text.SD_Read_IT
                0x08007c3e       0xa2 ./Drivers/STM32F7xx_HAL_Driver/Src/stm32f7xx_hal_sd.o
 .text.SD_Write_IT
                0x08007ce0       0xaa ./Drivers/STM32F7xx_HAL_Driver/Src/stm32f7xx_hal_sd.o
 .text.HAL_TIM_Base_Init
                0x08007d8a       0xae ./Drivers/STM32F7xx_HAL_Driver/Src/stm32f7xx_hal_tim.o
                0x08007d8a                HAL_TIM_Base_Init
 .text.HAL_TIM_Base_Start_IT
                0x08007e38       0xf0 ./Drivers/STM32F7xx_HAL_Driver/Src/stm32f7xx_hal_tim.o
                0x08007e38                HAL_TIM_Base_Start_IT
 .text.HAL_TIM_IRQHandler
                0x08007f28      0x23e ./Drivers/STM32F7xx_HAL_Driver/Src/stm32f7xx_hal_tim.o
                0x08007f28                HAL_TIM_IRQHandler
 *fill*         0x08008166        0x2 
 .text.HAL_TIM_ConfigClockSource
                0x08008168      0x194 ./Drivers/STM32F7xx_HAL_Driver/Src/stm32f7xx_hal_tim.o
                0x08008168                HAL_TIM_ConfigClockSource
 .text.HAL_TIM_SlaveConfigSynchro
                0x080082fc       0x84 ./Drivers/STM32F7xx_HAL_Driver/Src/stm32f7xx_hal_tim.o
                0x080082fc                HAL_TIM_SlaveConfigSynchro
 .text.HAL_TIM_OC_DelayElapsedCallback
                0x08008380       0x14 ./Drivers/STM32F7xx_HAL_Driver/Src/stm32f7xx_hal_tim.o
                0x08008380                HAL_TIM_OC_DelayElapsedCallback
 .text.HAL_TIM_IC_CaptureCallback
                0x08008394       0x14 ./Drivers/STM32F7xx_HAL_Driver/Src/stm32f7xx_hal_tim.o
                0x08008394                HAL_TIM_IC_CaptureCallback
 .text.HAL_TIM_PWM_PulseFinishedCallback
                0x080083a8       0x14 ./Drivers/STM32F7xx_HAL_Driver/Src/stm32f7xx_hal_tim.o
                0x080083a8                HAL_TIM_PWM_PulseFinishedCallback
 .text.HAL_TIM_TriggerCallback
                0x080083bc       0x14 ./Drivers/STM32F7xx_HAL_Driver/Src/stm32f7xx_hal_tim.o
                0x080083bc                HAL_TIM_TriggerCallback
 .text.TIM_Base_SetConfig
                0x080083d0      0x140 ./Drivers/STM32F7xx_HAL_Driver/Src/stm32f7xx_hal_tim.o
                0x080083d0                TIM_Base_SetConfig
 .text.TIM_SlaveTimer_SetConfig
                0x08008510      0x128 ./Drivers/STM32F7xx_HAL_Driver/Src/stm32f7xx_hal_tim.o
 .text.TIM_TI1_ConfigInputStage
                0x08008638       0x5e ./Drivers/STM32F7xx_HAL_Driver/Src/stm32f7xx_hal_tim.o
 .text.TIM_TI2_ConfigInputStage
                0x08008696       0x60 ./Drivers/STM32F7xx_HAL_Driver/Src/stm32f7xx_hal_tim.o
 .text.TIM_ITRx_SetConfig
                0x080086f6       0x36 ./Drivers/STM32F7xx_HAL_Driver/Src/stm32f7xx_hal_tim.o
 .text.TIM_ETR_SetConfig
                0x0800872c       0x40 ./Drivers/STM32F7xx_HAL_Driver/Src/stm32f7xx_hal_tim.o
                0x0800872c                TIM_ETR_SetConfig
 .text.HAL_TIMEx_MasterConfigSynchronization
                0x0800876c      0x11c ./Drivers/STM32F7xx_HAL_Driver/Src/stm32f7xx_hal_tim_ex.o
                0x0800876c                HAL_TIMEx_MasterConfigSynchronization
 .text.HAL_TIMEx_CommutCallback
                0x08008888       0x14 ./Drivers/STM32F7xx_HAL_Driver/Src/stm32f7xx_hal_tim_ex.o
                0x08008888                HAL_TIMEx_CommutCallback
 .text.HAL_TIMEx_BreakCallback
                0x0800889c       0x14 ./Drivers/STM32F7xx_HAL_Driver/Src/stm32f7xx_hal_tim_ex.o
                0x0800889c                HAL_TIMEx_BreakCallback
 .text.HAL_TIMEx_Break2Callback
                0x080088b0       0x14 ./Drivers/STM32F7xx_HAL_Driver/Src/stm32f7xx_hal_tim_ex.o
                0x080088b0                HAL_TIMEx_Break2Callback
 .text.HAL_UART_Init
                0x080088c4       0x9c ./Drivers/STM32F7xx_HAL_Driver/Src/stm32f7xx_hal_uart.o
                0x080088c4                HAL_UART_Init
 .text.HAL_UART_Transmit
                0x08008960      0x106 ./Drivers/STM32F7xx_HAL_Driver/Src/stm32f7xx_hal_uart.o
                0x08008960                HAL_UART_Transmit
 .text.HAL_UART_Receive_DMA
                0x08008a66       0x88 ./Drivers/STM32F7xx_HAL_Driver/Src/stm32f7xx_hal_uart.o
                0x08008a66                HAL_UART_Receive_DMA
 .text.HAL_UART_RxCpltCallback
                0x08008aee       0x14 ./Drivers/STM32F7xx_HAL_Driver/Src/stm32f7xx_hal_uart.o
                0x08008aee                HAL_UART_RxCpltCallback
 .text.HAL_UART_RxHalfCpltCallback
                0x08008b02       0x14 ./Drivers/STM32F7xx_HAL_Driver/Src/stm32f7xx_hal_uart.o
                0x08008b02                HAL_UART_RxHalfCpltCallback
 .text.HAL_UART_ErrorCallback
                0x08008b16       0x14 ./Drivers/STM32F7xx_HAL_Driver/Src/stm32f7xx_hal_uart.o
                0x08008b16                HAL_UART_ErrorCallback
 .text.HAL_UARTEx_RxEventCallback
                0x08008b2a       0x18 ./Drivers/STM32F7xx_HAL_Driver/Src/stm32f7xx_hal_uart.o
                0x08008b2a                HAL_UARTEx_RxEventCallback
 *fill*         0x08008b42        0x2 
 .text.UART_SetConfig
                0x08008b44      0x4c8 ./Drivers/STM32F7xx_HAL_Driver/Src/stm32f7xx_hal_uart.o
                0x08008b44                UART_SetConfig
 .text.UART_AdvFeatureConfig
                0x0800900c      0x144 ./Drivers/STM32F7xx_HAL_Driver/Src/stm32f7xx_hal_uart.o
                0x0800900c                UART_AdvFeatureConfig
 .text.UART_CheckIdleState
                0x08009150       0x6e ./Drivers/STM32F7xx_HAL_Driver/Src/stm32f7xx_hal_uart.o
                0x08009150                UART_CheckIdleState
 .text.UART_WaitOnFlagUntilTimeout
                0x080091be      0x18c ./Drivers/STM32F7xx_HAL_Driver/Src/stm32f7xx_hal_uart.o
                0x080091be                UART_WaitOnFlagUntilTimeout
 *fill*         0x0800934a        0x2 
 .text.UART_Start_Receive_DMA
                0x0800934c      0x140 ./Drivers/STM32F7xx_HAL_Driver/Src/stm32f7xx_hal_uart.o
                0x0800934c                UART_Start_Receive_DMA
 .text.UART_EndTxTransfer
                0x0800948c       0x4c ./Drivers/STM32F7xx_HAL_Driver/Src/stm32f7xx_hal_uart.o
 .text.UART_EndRxTransfer
                0x080094d8       0xc8 ./Drivers/STM32F7xx_HAL_Driver/Src/stm32f7xx_hal_uart.o
 .text.UART_DMAReceiveCplt
                0x080095a0      0x128 ./Drivers/STM32F7xx_HAL_Driver/Src/stm32f7xx_hal_uart.o
 .text.UART_DMARxHalfCplt
                0x080096c8       0x3e ./Drivers/STM32F7xx_HAL_Driver/Src/stm32f7xx_hal_uart.o
 .text.UART_DMAError
                0x08009706       0x7e ./Drivers/STM32F7xx_HAL_Driver/Src/stm32f7xx_hal_uart.o
 .text.SDMMC_Init
                0x08009784       0x58 ./Drivers/STM32F7xx_HAL_Driver/Src/stm32f7xx_ll_sdmmc.o
                0x08009784                SDMMC_Init
 .text.SDMMC_ReadFIFO
                0x080097dc       0x1a ./Drivers/STM32F7xx_HAL_Driver/Src/stm32f7xx_ll_sdmmc.o
                0x080097dc                SDMMC_ReadFIFO
 .text.SDMMC_WriteFIFO
                0x080097f6       0x22 ./Drivers/STM32F7xx_HAL_Driver/Src/stm32f7xx_ll_sdmmc.o
                0x080097f6                SDMMC_WriteFIFO
 .text.SDMMC_PowerState_ON
                0x08009818       0x1c ./Drivers/STM32F7xx_HAL_Driver/Src/stm32f7xx_ll_sdmmc.o
                0x08009818                SDMMC_PowerState_ON
 .text.SDMMC_GetPowerState
                0x08009834       0x1c ./Drivers/STM32F7xx_HAL_Driver/Src/stm32f7xx_ll_sdmmc.o
                0x08009834                SDMMC_GetPowerState
 .text.SDMMC_SendCommand
                0x08009850       0x54 ./Drivers/STM32F7xx_HAL_Driver/Src/stm32f7xx_ll_sdmmc.o
                0x08009850                SDMMC_SendCommand
 .text.SDMMC_GetCommandResponse
                0x080098a4       0x1a ./Drivers/STM32F7xx_HAL_Driver/Src/stm32f7xx_ll_sdmmc.o
                0x080098a4                SDMMC_GetCommandResponse
 .text.SDMMC_GetResponse
                0x080098be       0x26 ./Drivers/STM32F7xx_HAL_Driver/Src/stm32f7xx_ll_sdmmc.o
                0x080098be                SDMMC_GetResponse
 .text.SDMMC_ConfigData
                0x080098e4       0x58 ./Drivers/STM32F7xx_HAL_Driver/Src/stm32f7xx_ll_sdmmc.o
                0x080098e4                SDMMC_ConfigData
 .text.SDMMC_CmdBlockLength
                0x0800993c       0x44 ./Drivers/STM32F7xx_HAL_Driver/Src/stm32f7xx_ll_sdmmc.o
                0x0800993c                SDMMC_CmdBlockLength
 .text.SDMMC_CmdReadSingleBlock
                0x08009980       0x44 ./Drivers/STM32F7xx_HAL_Driver/Src/stm32f7xx_ll_sdmmc.o
                0x08009980                SDMMC_CmdReadSingleBlock
 .text.SDMMC_CmdReadMultiBlock
                0x080099c4       0x44 ./Drivers/STM32F7xx_HAL_Driver/Src/stm32f7xx_ll_sdmmc.o
                0x080099c4                SDMMC_CmdReadMultiBlock
 .text.SDMMC_CmdWriteSingleBlock
                0x08009a08       0x44 ./Drivers/STM32F7xx_HAL_Driver/Src/stm32f7xx_ll_sdmmc.o
                0x08009a08                SDMMC_CmdWriteSingleBlock
 .text.SDMMC_CmdWriteMultiBlock
                0x08009a4c       0x44 ./Drivers/STM32F7xx_HAL_Driver/Src/stm32f7xx_ll_sdmmc.o
                0x08009a4c                SDMMC_CmdWriteMultiBlock
 .text.SDMMC_CmdStopTransfer
                0x08009a90       0x44 ./Drivers/STM32F7xx_HAL_Driver/Src/stm32f7xx_ll_sdmmc.o
                0x08009a90                SDMMC_CmdStopTransfer
 .text.SDMMC_CmdSelDesel
                0x08009ad4       0x46 ./Drivers/STM32F7xx_HAL_Driver/Src/stm32f7xx_ll_sdmmc.o
                0x08009ad4                SDMMC_CmdSelDesel
 .text.SDMMC_CmdGoIdleState
                0x08009b1a       0x3c ./Drivers/STM32F7xx_HAL_Driver/Src/stm32f7xx_ll_sdmmc.o
                0x08009b1a                SDMMC_CmdGoIdleState
 .text.SDMMC_CmdOperCond
                0x08009b56       0x3e ./Drivers/STM32F7xx_HAL_Driver/Src/stm32f7xx_ll_sdmmc.o
                0x08009b56                SDMMC_CmdOperCond
 .text.SDMMC_CmdAppCommand
                0x08009b94       0x44 ./Drivers/STM32F7xx_HAL_Driver/Src/stm32f7xx_ll_sdmmc.o
                0x08009b94                SDMMC_CmdAppCommand
 .text.SDMMC_CmdAppOperCommand
                0x08009bd8       0x48 ./Drivers/STM32F7xx_HAL_Driver/Src/stm32f7xx_ll_sdmmc.o
                0x08009bd8                SDMMC_CmdAppOperCommand
 .text.SDMMC_CmdBusWidth
                0x08009c20       0x44 ./Drivers/STM32F7xx_HAL_Driver/Src/stm32f7xx_ll_sdmmc.o
                0x08009c20                SDMMC_CmdBusWidth
 .text.SDMMC_CmdSendSCR
                0x08009c64       0x42 ./Drivers/STM32F7xx_HAL_Driver/Src/stm32f7xx_ll_sdmmc.o
                0x08009c64                SDMMC_CmdSendSCR
 .text.SDMMC_CmdSendCID
                0x08009ca6       0x3c ./Drivers/STM32F7xx_HAL_Driver/Src/stm32f7xx_ll_sdmmc.o
                0x08009ca6                SDMMC_CmdSendCID
 .text.SDMMC_CmdSendCSD
                0x08009ce2       0x3e ./Drivers/STM32F7xx_HAL_Driver/Src/stm32f7xx_ll_sdmmc.o
                0x08009ce2                SDMMC_CmdSendCSD
 .text.SDMMC_CmdSetRelAdd
                0x08009d20       0x42 ./Drivers/STM32F7xx_HAL_Driver/Src/stm32f7xx_ll_sdmmc.o
                0x08009d20                SDMMC_CmdSetRelAdd
 .text.SDMMC_CmdSendStatus
                0x08009d62       0x44 ./Drivers/STM32F7xx_HAL_Driver/Src/stm32f7xx_ll_sdmmc.o
                0x08009d62                SDMMC_CmdSendStatus
 *fill*         0x08009da6        0x2 
 .text.SDMMC_GetCmdResp1
                0x08009da8      0x1dc ./Drivers/STM32F7xx_HAL_Driver/Src/stm32f7xx_ll_sdmmc.o
                0x08009da8                SDMMC_GetCmdResp1
 .text.SDMMC_GetCmdResp2
                0x08009f84       0x90 ./Drivers/STM32F7xx_HAL_Driver/Src/stm32f7xx_ll_sdmmc.o
                0x08009f84                SDMMC_GetCmdResp2
 .text.SDMMC_GetCmdResp3
                0x0800a014       0x7c ./Drivers/STM32F7xx_HAL_Driver/Src/stm32f7xx_ll_sdmmc.o
                0x0800a014                SDMMC_GetCmdResp3
 .text.SDMMC_GetCmdResp6
                0x0800a090       0xec ./Drivers/STM32F7xx_HAL_Driver/Src/stm32f7xx_ll_sdmmc.o
                0x0800a090                SDMMC_GetCmdResp6
 .text.SDMMC_GetCmdResp7
                0x0800a17c       0x9c ./Drivers/STM32F7xx_HAL_Driver/Src/stm32f7xx_ll_sdmmc.o
                0x0800a17c                SDMMC_GetCmdResp7
 .text.SDMMC_GetCmdError
                0x0800a218       0x58 ./Drivers/STM32F7xx_HAL_Driver/Src/stm32f7xx_ll_sdmmc.o
 .text.MX_FATFS_Init
                0x0800a270       0x24 ./FATFS/App/fatfs.o
                0x0800a270                MX_FATFS_Init
 .text.get_fattime
                0x0800a294       0x10 ./FATFS/App/fatfs.o
                0x0800a294                get_fattime
 .text.BSP_SD_Init
                0x0800a2a4       0x4c ./FATFS/Target/bsp_driver_sd.o
                0x0800a2a4                BSP_SD_Init
 .text.BSP_SD_ReadBlocks_DMA
                0x0800a2f0       0x34 ./FATFS/Target/bsp_driver_sd.o
                0x0800a2f0                BSP_SD_ReadBlocks_DMA
 .text.BSP_SD_WriteBlocks_DMA
                0x0800a324       0x34 ./FATFS/Target/bsp_driver_sd.o
                0x0800a324                BSP_SD_WriteBlocks_DMA
 .text.BSP_SD_GetCardState
                0x0800a358       0x20 ./FATFS/Target/bsp_driver_sd.o
                0x0800a358                BSP_SD_GetCardState
 .text.BSP_SD_GetCardInfo
                0x0800a378       0x1c ./FATFS/Target/bsp_driver_sd.o
                0x0800a378                BSP_SD_GetCardInfo
 .text.HAL_SD_AbortCallback
                0x0800a394       0x14 ./FATFS/Target/bsp_driver_sd.o
                0x0800a394                HAL_SD_AbortCallback
 .text.HAL_SD_TxCpltCallback
                0x0800a3a8       0x14 ./FATFS/Target/bsp_driver_sd.o
                0x0800a3a8                HAL_SD_TxCpltCallback
 .text.HAL_SD_RxCpltCallback
                0x0800a3bc       0x14 ./FATFS/Target/bsp_driver_sd.o
                0x0800a3bc                HAL_SD_RxCpltCallback
 .text.BSP_SD_AbortCallback
                0x0800a3d0        0xe ./FATFS/Target/bsp_driver_sd.o
                0x0800a3d0                BSP_SD_AbortCallback
 .text.BSP_SD_IsDetected
                0x0800a3de       0x24 ./FATFS/Target/bsp_driver_sd.o
                0x0800a3de                BSP_SD_IsDetected
 *fill*         0x0800a402        0x2 
 .text.BSP_PlatformIsDetected
                0x0800a404       0x30 ./FATFS/Target/fatfs_platform.o
                0x0800a404                BSP_PlatformIsDetected
 .text.SD_CheckStatusWithTimeout
                0x0800a434       0x3a ./FATFS/Target/sd_diskio.o
 *fill*         0x0800a46e        0x2 
 .text.SD_CheckStatus
                0x0800a470       0x3c ./FATFS/Target/sd_diskio.o
 .text.SD_initialize
                0x0800a4ac       0x84 ./FATFS/Target/sd_diskio.o
                0x0800a4ac                SD_initialize
 .text.SD_status
                0x0800a530       0x1c ./FATFS/Target/sd_diskio.o
                0x0800a530                SD_status
 .text.SD_read  0x0800a54c       0x94 ./FATFS/Target/sd_diskio.o
                0x0800a54c                SD_read
 .text.SD_write
                0x0800a5e0       0x90 ./FATFS/Target/sd_diskio.o
                0x0800a5e0                SD_write
 .text.SD_ioctl
                0x0800a670       0xb0 ./FATFS/Target/sd_diskio.o
                0x0800a670                SD_ioctl
 .text.BSP_SD_WriteCpltCallback
                0x0800a720       0x24 ./FATFS/Target/sd_diskio.o
                0x0800a720                BSP_SD_WriteCpltCallback
 .text.BSP_SD_ReadCpltCallback
                0x0800a744       0x24 ./FATFS/Target/sd_diskio.o
                0x0800a744                BSP_SD_ReadCpltCallback
 .text.disk_status
                0x0800a768       0x34 ./Middlewares/Third_Party/FatFs/src/diskio.o
                0x0800a768                disk_status
 .text.disk_initialize
                0x0800a79c       0x4c ./Middlewares/Third_Party/FatFs/src/diskio.o
                0x0800a79c                disk_initialize
 .text.disk_read
                0x0800a7e8       0x40 ./Middlewares/Third_Party/FatFs/src/diskio.o
                0x0800a7e8                disk_read
 .text.disk_write
                0x0800a828       0x40 ./Middlewares/Third_Party/FatFs/src/diskio.o
                0x0800a828                disk_write
 .text.disk_ioctl
                0x0800a868       0x3c ./Middlewares/Third_Party/FatFs/src/diskio.o
                0x0800a868                disk_ioctl
 .text.ld_word  0x0800a8a4       0x30 ./Middlewares/Third_Party/FatFs/src/ff.o
 .text.ld_dword
                0x0800a8d4       0x46 ./Middlewares/Third_Party/FatFs/src/ff.o
 .text.st_word  0x0800a91a       0x36 ./Middlewares/Third_Party/FatFs/src/ff.o
 .text.st_dword
                0x0800a950       0x58 ./Middlewares/Third_Party/FatFs/src/ff.o
 .text.mem_cpy  0x0800a9a8       0x42 ./Middlewares/Third_Party/FatFs/src/ff.o
 .text.mem_set  0x0800a9ea       0x36 ./Middlewares/Third_Party/FatFs/src/ff.o
 .text.mem_cmp  0x0800aa20       0x4e ./Middlewares/Third_Party/FatFs/src/ff.o
 .text.chk_chr  0x0800aa6e       0x36 ./Middlewares/Third_Party/FatFs/src/ff.o
 .text.lock_fs  0x0800aaa4       0x2c ./Middlewares/Third_Party/FatFs/src/ff.o
 .text.unlock_fs
                0x0800aad0       0x36 ./Middlewares/Third_Party/FatFs/src/ff.o
 *fill*         0x0800ab06        0x2 
 .text.chk_lock
                0x0800ab08       0xb8 ./Middlewares/Third_Party/FatFs/src/ff.o
 .text.enq_lock
                0x0800abc0       0x44 ./Middlewares/Third_Party/FatFs/src/ff.o
 .text.inc_lock
                0x0800ac04      0x11c ./Middlewares/Third_Party/FatFs/src/ff.o
 .text.dec_lock
                0x0800ad20       0x78 ./Middlewares/Third_Party/FatFs/src/ff.o
 .text.clear_lock
                0x0800ad98       0x48 ./Middlewares/Third_Party/FatFs/src/ff.o
 .text.sync_window
                0x0800ade0       0x88 ./Middlewares/Third_Party/FatFs/src/ff.o
 .text.move_window
                0x0800ae68       0x5a ./Middlewares/Third_Party/FatFs/src/ff.o
 *fill*         0x0800aec2        0x2 
 .text.sync_fs  0x0800aec4       0xe0 ./Middlewares/Third_Party/FatFs/src/ff.o
 .text.clust2sect
                0x0800afa4       0x3e ./Middlewares/Third_Party/FatFs/src/ff.o
 .text.get_fat  0x0800afe2      0x1a6 ./Middlewares/Third_Party/FatFs/src/ff.o
 .text.put_fat  0x0800b188      0x234 ./Middlewares/Third_Party/FatFs/src/ff.o
 .text.remove_chain
                0x0800b3bc       0xca ./Middlewares/Third_Party/FatFs/src/ff.o
 .text.create_chain
                0x0800b486      0x130 ./Middlewares/Third_Party/FatFs/src/ff.o
 .text.clmt_clust
                0x0800b5b6       0x70 ./Middlewares/Third_Party/FatFs/src/ff.o
 .text.dir_sdi  0x0800b626      0x112 ./Middlewares/Third_Party/FatFs/src/ff.o
 .text.dir_next
                0x0800b738      0x1ac ./Middlewares/Third_Party/FatFs/src/ff.o
 .text.dir_alloc
                0x0800b8e4       0x8e ./Middlewares/Third_Party/FatFs/src/ff.o
 .text.ld_clust
                0x0800b972       0x3e ./Middlewares/Third_Party/FatFs/src/ff.o
 .text.st_clust
                0x0800b9b0       0x40 ./Middlewares/Third_Party/FatFs/src/ff.o
 .text.dir_find
                0x0800b9f0       0xaa ./Middlewares/Third_Party/FatFs/src/ff.o
 .text.dir_register
                0x0800ba9a       0x64 ./Middlewares/Third_Party/FatFs/src/ff.o
 *fill*         0x0800bafe        0x2 
 .text.create_name
                0x0800bb00      0x128 ./Middlewares/Third_Party/FatFs/src/ff.o
 .text.follow_path
                0x0800bc28       0xec ./Middlewares/Third_Party/FatFs/src/ff.o
 .text.get_ldnumber
                0x0800bd14       0x88 ./Middlewares/Third_Party/FatFs/src/ff.o
 .text.check_fs
                0x0800bd9c       0xac ./Middlewares/Third_Party/FatFs/src/ff.o
 .text.find_volume
                0x0800be48      0x510 ./Middlewares/Third_Party/FatFs/src/ff.o
 .text.validate
                0x0800c358       0x8e ./Middlewares/Third_Party/FatFs/src/ff.o
 *fill*         0x0800c3e6        0x2 
 .text.f_mount  0x0800c3e8       0xc8 ./Middlewares/Third_Party/FatFs/src/ff.o
                0x0800c3e8                f_mount
 .text.f_open   0x0800c4b0      0x39e ./Middlewares/Third_Party/FatFs/src/ff.o
                0x0800c4b0                f_open
 .text.f_write  0x0800c84e      0x386 ./Middlewares/Third_Party/FatFs/src/ff.o
                0x0800c84e                f_write
 .text.f_sync   0x0800cbd4      0x112 ./Middlewares/Third_Party/FatFs/src/ff.o
                0x0800cbd4                f_sync
 .text.f_close  0x0800cce6       0x5e ./Middlewares/Third_Party/FatFs/src/ff.o
                0x0800cce6                f_close
 .text.FATFS_LinkDriverEx
                0x0800cd44       0x98 ./Middlewares/Third_Party/FatFs/src/ff_gen_drv.o
                0x0800cd44                FATFS_LinkDriverEx
 .text.FATFS_LinkDriver
                0x0800cddc       0x1e ./Middlewares/Third_Party/FatFs/src/ff_gen_drv.o
                0x0800cddc                FATFS_LinkDriver
 .text.ff_cre_syncobj
                0x0800cdfa       0x36 ./Middlewares/Third_Party/FatFs/src/option/syscall.o
                0x0800cdfa                ff_cre_syncobj
 .text.ff_del_syncobj
                0x0800ce30       0x18 ./Middlewares/Third_Party/FatFs/src/option/syscall.o
                0x0800ce30                ff_del_syncobj
 .text.ff_req_grant
                0x0800ce48       0x2a ./Middlewares/Third_Party/FatFs/src/option/syscall.o
                0x0800ce48                ff_req_grant
 .text.ff_rel_grant
                0x0800ce72       0x16 ./Middlewares/Third_Party/FatFs/src/option/syscall.o
                0x0800ce72                ff_rel_grant
 .text.SVC_Setup
                0x0800ce88        0xe ./Middlewares/Third_Party/FreeRTOS/Source/CMSIS_RTOS_V2/cmsis_os2.o
 *fill*         0x0800ce96        0x2 
 .text.osKernelInitialize
                0x0800ce98       0x68 ./Middlewares/Third_Party/FreeRTOS/Source/CMSIS_RTOS_V2/cmsis_os2.o
                0x0800ce98                osKernelInitialize
 .text.osKernelGetState
                0x0800cf00       0x44 ./Middlewares/Third_Party/FreeRTOS/Source/CMSIS_RTOS_V2/cmsis_os2.o
                0x0800cf00                osKernelGetState
 .text.osKernelStart
                0x0800cf44       0x6c ./Middlewares/Third_Party/FreeRTOS/Source/CMSIS_RTOS_V2/cmsis_os2.o
                0x0800cf44                osKernelStart
 .text.osKernelGetTickCount
                0x0800cfb0       0x50 ./Middlewares/Third_Party/FreeRTOS/Source/CMSIS_RTOS_V2/cmsis_os2.o
                0x0800cfb0                osKernelGetTickCount
 .text.osThreadNew
                0x0800d000      0x14c ./Middlewares/Third_Party/FreeRTOS/Source/CMSIS_RTOS_V2/cmsis_os2.o
                0x0800d000                osThreadNew
 .text.osThreadGetId
                0x0800d14c       0x16 ./Middlewares/Third_Party/FreeRTOS/Source/CMSIS_RTOS_V2/cmsis_os2.o
                0x0800d14c                osThreadGetId
 *fill*         0x0800d162        0x2 
 .text.osThreadTerminate
                0x0800d164       0x80 ./Middlewares/Third_Party/FreeRTOS/Source/CMSIS_RTOS_V2/cmsis_os2.o
                0x0800d164                osThreadTerminate
 .text.osDelay  0x0800d1e4       0x5c ./Middlewares/Third_Party/FreeRTOS/Source/CMSIS_RTOS_V2/cmsis_os2.o
                0x0800d1e4                osDelay
 .text.osSemaphoreNew
                0x0800d240      0x138 ./Middlewares/Third_Party/FreeRTOS/Source/CMSIS_RTOS_V2/cmsis_os2.o
                0x0800d240                osSemaphoreNew
 .text.osSemaphoreAcquire
                0x0800d378       0xcc ./Middlewares/Third_Party/FreeRTOS/Source/CMSIS_RTOS_V2/cmsis_os2.o
                0x0800d378                osSemaphoreAcquire
 .text.osSemaphoreRelease
                0x0800d444       0xb0 ./Middlewares/Third_Party/FreeRTOS/Source/CMSIS_RTOS_V2/cmsis_os2.o
                0x0800d444                osSemaphoreRelease
 .text.osSemaphoreDelete
                0x0800d4f4       0x6c ./Middlewares/Third_Party/FreeRTOS/Source/CMSIS_RTOS_V2/cmsis_os2.o
                0x0800d4f4                osSemaphoreDelete
 .text.osMessageQueueNew
                0x0800d560      0x10c ./Middlewares/Third_Party/FreeRTOS/Source/CMSIS_RTOS_V2/cmsis_os2.o
                0x0800d560                osMessageQueueNew
 .text.osMessageQueuePut
                0x0800d66c       0xe8 ./Middlewares/Third_Party/FreeRTOS/Source/CMSIS_RTOS_V2/cmsis_os2.o
                0x0800d66c                osMessageQueuePut
 .text.osMessageQueueGet
                0x0800d754       0xe4 ./Middlewares/Third_Party/FreeRTOS/Source/CMSIS_RTOS_V2/cmsis_os2.o
                0x0800d754                osMessageQueueGet
 .text.vApplicationGetIdleTaskMemory
                0x0800d838       0x34 ./Middlewares/Third_Party/FreeRTOS/Source/CMSIS_RTOS_V2/cmsis_os2.o
                0x0800d838                vApplicationGetIdleTaskMemory
 .text.vApplicationGetTimerTaskMemory
                0x0800d86c       0x34 ./Middlewares/Third_Party/FreeRTOS/Source/CMSIS_RTOS_V2/cmsis_os2.o
                0x0800d86c                vApplicationGetTimerTaskMemory
 .text.vListInitialise
                0x0800d8a0       0x40 ./Middlewares/Third_Party/FreeRTOS/Source/list.o
                0x0800d8a0                vListInitialise
 .text.vListInitialiseItem
                0x0800d8e0       0x1a ./Middlewares/Third_Party/FreeRTOS/Source/list.o
                0x0800d8e0                vListInitialiseItem
 .text.vListInsertEnd
                0x0800d8fa       0x48 ./Middlewares/Third_Party/FreeRTOS/Source/list.o
                0x0800d8fa                vListInsertEnd
 .text.vListInsert
                0x0800d942       0x72 ./Middlewares/Third_Party/FreeRTOS/Source/list.o
                0x0800d942                vListInsert
 .text.uxListRemove
                0x0800d9b4       0x54 ./Middlewares/Third_Party/FreeRTOS/Source/list.o
                0x0800d9b4                uxListRemove
 .text.xQueueGenericReset
                0x0800da08       0xd8 ./Middlewares/Third_Party/FreeRTOS/Source/queue.o
                0x0800da08                xQueueGenericReset
 .text.xQueueGenericCreateStatic
                0x0800dae0      0x10e ./Middlewares/Third_Party/FreeRTOS/Source/queue.o
                0x0800dae0                xQueueGenericCreateStatic
 .text.xQueueGenericCreate
                0x0800dbee       0x86 ./Middlewares/Third_Party/FreeRTOS/Source/queue.o
                0x0800dbee                xQueueGenericCreate
 .text.prvInitialiseNewQueue
                0x0800dc74       0x46 ./Middlewares/Third_Party/FreeRTOS/Source/queue.o
 .text.xQueueCreateCountingSemaphoreStatic
                0x0800dcba       0x7a ./Middlewares/Third_Party/FreeRTOS/Source/queue.o
                0x0800dcba                xQueueCreateCountingSemaphoreStatic
 .text.xQueueCreateCountingSemaphore
                0x0800dd34       0x72 ./Middlewares/Third_Party/FreeRTOS/Source/queue.o
                0x0800dd34                xQueueCreateCountingSemaphore
 *fill*         0x0800dda6        0x2 
 .text.xQueueGenericSend
                0x0800dda8      0x214 ./Middlewares/Third_Party/FreeRTOS/Source/queue.o
                0x0800dda8                xQueueGenericSend
 .text.xQueueGenericSendFromISR
                0x0800dfbc      0x146 ./Middlewares/Third_Party/FreeRTOS/Source/queue.o
                0x0800dfbc                xQueueGenericSendFromISR
 .text.xQueueGiveFromISR
                0x0800e102      0x130 ./Middlewares/Third_Party/FreeRTOS/Source/queue.o
                0x0800e102                xQueueGiveFromISR
 *fill*         0x0800e232        0x2 
 .text.xQueueReceive
                0x0800e234      0x1d0 ./Middlewares/Third_Party/FreeRTOS/Source/queue.o
                0x0800e234                xQueueReceive
 .text.xQueueSemaphoreTake
                0x0800e404      0x230 ./Middlewares/Third_Party/FreeRTOS/Source/queue.o
                0x0800e404                xQueueSemaphoreTake
 .text.xQueueReceiveFromISR
                0x0800e634      0x110 ./Middlewares/Third_Party/FreeRTOS/Source/queue.o
                0x0800e634                xQueueReceiveFromISR
 .text.vQueueDelete
                0x0800e744       0x4c ./Middlewares/Third_Party/FreeRTOS/Source/queue.o
                0x0800e744                vQueueDelete
 .text.prvGetDisinheritPriorityAfterTimeout
                0x0800e790       0x30 ./Middlewares/Third_Party/FreeRTOS/Source/queue.o
 .text.prvCopyDataToQueue
                0x0800e7c0       0xd4 ./Middlewares/Third_Party/FreeRTOS/Source/queue.o
 .text.prvCopyDataFromQueue
                0x0800e894       0x4c ./Middlewares/Third_Party/FreeRTOS/Source/queue.o
 .text.prvUnlockQueue
                0x0800e8e0       0xa4 ./Middlewares/Third_Party/FreeRTOS/Source/queue.o
 .text.prvIsQueueEmpty
                0x0800e984       0x2c ./Middlewares/Third_Party/FreeRTOS/Source/queue.o
 .text.prvIsQueueFull
                0x0800e9b0       0x30 ./Middlewares/Third_Party/FreeRTOS/Source/queue.o
 .text.vQueueAddToRegistry
                0x0800e9e0       0x54 ./Middlewares/Third_Party/FreeRTOS/Source/queue.o
                0x0800e9e0                vQueueAddToRegistry
 .text.vQueueUnregisterQueue
                0x0800ea34       0x54 ./Middlewares/Third_Party/FreeRTOS/Source/queue.o
                0x0800ea34                vQueueUnregisterQueue
 .text.vQueueWaitForMessageRestricted
                0x0800ea88       0x68 ./Middlewares/Third_Party/FreeRTOS/Source/queue.o
                0x0800ea88                vQueueWaitForMessageRestricted
 .text.xTaskCreateStatic
                0x0800eaf0       0xcc ./Middlewares/Third_Party/FreeRTOS/Source/tasks.o
                0x0800eaf0                xTaskCreateStatic
 .text.xTaskCreate
                0x0800ebbc       0x8a ./Middlewares/Third_Party/FreeRTOS/Source/tasks.o
                0x0800ebbc                xTaskCreate
 *fill*         0x0800ec46        0x2 
 .text.prvInitialiseNewTask
                0x0800ec48      0x154 ./Middlewares/Third_Party/FreeRTOS/Source/tasks.o
 .text.prvAddNewTaskToReadyList
                0x0800ed9c       0xe0 ./Middlewares/Third_Party/FreeRTOS/Source/tasks.o
 .text.vTaskDelete
                0x0800ee7c       0xec ./Middlewares/Third_Party/FreeRTOS/Source/tasks.o
                0x0800ee7c                vTaskDelete
 .text.vTaskDelay
                0x0800ef68       0x70 ./Middlewares/Third_Party/FreeRTOS/Source/tasks.o
                0x0800ef68                vTaskDelay
 .text.eTaskGetState
                0x0800efd8       0xd4 ./Middlewares/Third_Party/FreeRTOS/Source/tasks.o
                0x0800efd8                eTaskGetState
 .text.vTaskStartScheduler
                0x0800f0ac       0xe8 ./Middlewares/Third_Party/FreeRTOS/Source/tasks.o
                0x0800f0ac                vTaskStartScheduler
 .text.vTaskSuspendAll
                0x0800f194       0x1c ./Middlewares/Third_Party/FreeRTOS/Source/tasks.o
                0x0800f194                vTaskSuspendAll
 .text.xTaskResumeAll
                0x0800f1b0      0x140 ./Middlewares/Third_Party/FreeRTOS/Source/tasks.o
                0x0800f1b0                xTaskResumeAll
 .text.xTaskGetTickCount
                0x0800f2f0       0x20 ./Middlewares/Third_Party/FreeRTOS/Source/tasks.o
                0x0800f2f0                xTaskGetTickCount
 .text.xTaskGetTickCountFromISR
                0x0800f310       0x24 ./Middlewares/Third_Party/FreeRTOS/Source/tasks.o
                0x0800f310                xTaskGetTickCountFromISR
 .text.xTaskIncrementTick
                0x0800f334      0x178 ./Middlewares/Third_Party/FreeRTOS/Source/tasks.o
                0x0800f334                xTaskIncrementTick
 .text.vTaskSwitchContext
                0x0800f4ac       0xd0 ./Middlewares/Third_Party/FreeRTOS/Source/tasks.o
                0x0800f4ac                vTaskSwitchContext
 .text.vTaskPlaceOnEventList
                0x0800f57c       0x50 ./Middlewares/Third_Party/FreeRTOS/Source/tasks.o
                0x0800f57c                vTaskPlaceOnEventList
 .text.vTaskPlaceOnEventListRestricted
                0x0800f5cc       0x5c ./Middlewares/Third_Party/FreeRTOS/Source/tasks.o
                0x0800f5cc                vTaskPlaceOnEventListRestricted
 .text.xTaskRemoveFromEventList
                0x0800f628       0xcc ./Middlewares/Third_Party/FreeRTOS/Source/tasks.o
                0x0800f628                xTaskRemoveFromEventList
 .text.vTaskInternalSetTimeOutState
                0x0800f6f4       0x2c ./Middlewares/Third_Party/FreeRTOS/Source/tasks.o
                0x0800f6f4                vTaskInternalSetTimeOutState
 .text.xTaskCheckForTimeOut
                0x0800f720       0xd0 ./Middlewares/Third_Party/FreeRTOS/Source/tasks.o
                0x0800f720                xTaskCheckForTimeOut
 .text.vTaskMissedYield
                0x0800f7f0       0x18 ./Middlewares/Third_Party/FreeRTOS/Source/tasks.o
                0x0800f7f0                vTaskMissedYield
 .text.prvIdleTask
                0x0800f808       0x30 ./Middlewares/Third_Party/FreeRTOS/Source/tasks.o
 .text.prvInitialiseTaskLists
                0x0800f838       0x80 ./Middlewares/Third_Party/FreeRTOS/Source/tasks.o
 .text.prvCheckTasksWaitingTermination
                0x0800f8b8       0x5c ./Middlewares/Third_Party/FreeRTOS/Source/tasks.o
 .text.prvDeleteTCB
                0x0800f914       0x6e ./Middlewares/Third_Party/FreeRTOS/Source/tasks.o
 *fill*         0x0800f982        0x2 
 .text.prvResetNextTaskUnblockTime
                0x0800f984       0x40 ./Middlewares/Third_Party/FreeRTOS/Source/tasks.o
 .text.xTaskGetCurrentTaskHandle
                0x0800f9c4       0x20 ./Middlewares/Third_Party/FreeRTOS/Source/tasks.o
                0x0800f9c4                xTaskGetCurrentTaskHandle
 .text.xTaskGetSchedulerState
                0x0800f9e4       0x3c ./Middlewares/Third_Party/FreeRTOS/Source/tasks.o
                0x0800f9e4                xTaskGetSchedulerState
 .text.xTaskPriorityInherit
                0x0800fa20       0xd0 ./Middlewares/Third_Party/FreeRTOS/Source/tasks.o
                0x0800fa20                xTaskPriorityInherit
 .text.xTaskPriorityDisinherit
                0x0800faf0       0xe8 ./Middlewares/Third_Party/FreeRTOS/Source/tasks.o
                0x0800faf0                xTaskPriorityDisinherit
 .text.vTaskPriorityDisinheritAfterTimeout
                0x0800fbd8      0x110 ./Middlewares/Third_Party/FreeRTOS/Source/tasks.o
                0x0800fbd8                vTaskPriorityDisinheritAfterTimeout
 .text.pvTaskIncrementMutexHeldCount
                0x0800fce8       0x28 ./Middlewares/Third_Party/FreeRTOS/Source/tasks.o
                0x0800fce8                pvTaskIncrementMutexHeldCount
 .text.prvAddCurrentTaskToDelayedList
                0x0800fd10       0xa8 ./Middlewares/Third_Party/FreeRTOS/Source/tasks.o
 .text.xTimerCreateTimerTask
                0x0800fdb8       0x98 ./Middlewares/Third_Party/FreeRTOS/Source/timers.o
                0x0800fdb8                xTimerCreateTimerTask
 .text.xTimerGenericCommand
                0x0800fe50       0xa0 ./Middlewares/Third_Party/FreeRTOS/Source/timers.o
                0x0800fe50                xTimerGenericCommand
 .text.prvProcessExpiredTimer
                0x0800fef0       0xa0 ./Middlewares/Third_Party/FreeRTOS/Source/timers.o
 .text.prvTimerTask
                0x0800ff90       0x26 ./Middlewares/Third_Party/FreeRTOS/Source/timers.o
 *fill*         0x0800ffb6        0x2 
 .text.prvProcessTimerOrBlockTask
                0x0800ffb8       0x9c ./Middlewares/Third_Party/FreeRTOS/Source/timers.o
 .text.prvGetNextExpireTime
                0x08010054       0x48 ./Middlewares/Third_Party/FreeRTOS/Source/timers.o
 .text.prvSampleTimeNow
                0x0801009c       0x40 ./Middlewares/Third_Party/FreeRTOS/Source/timers.o
 .text.prvInsertTimerInActiveList
                0x080100dc       0x84 ./Middlewares/Third_Party/FreeRTOS/Source/timers.o
 .text.prvProcessReceivedCommands
                0x08010160      0x1d8 ./Middlewares/Third_Party/FreeRTOS/Source/timers.o
 .text.prvSwitchTimerLists
                0x08010338       0xd0 ./Middlewares/Third_Party/FreeRTOS/Source/timers.o
 .text.prvCheckForValidListAndQueue
                0x08010408       0x80 ./Middlewares/Third_Party/FreeRTOS/Source/timers.o
 .text.pxPortInitialiseStack
                0x08010488       0x68 ./Middlewares/Third_Party/FreeRTOS/Source/portable/GCC/ARM_CM7/r0p1/port.o
                0x08010488                pxPortInitialiseStack
 .text.prvTaskExitError
                0x080104f0       0x64 ./Middlewares/Third_Party/FreeRTOS/Source/portable/GCC/ARM_CM7/r0p1/port.o
 *fill*         0x08010554        0xc 
 .text.SVC_Handler
                0x08010560       0x28 ./Middlewares/Third_Party/FreeRTOS/Source/portable/GCC/ARM_CM7/r0p1/port.o
                0x08010560                SVC_Handler
 .text.prvPortStartFirstTask
                0x08010588       0x28 ./Middlewares/Third_Party/FreeRTOS/Source/portable/GCC/ARM_CM7/r0p1/port.o
 .text.xPortStartScheduler
                0x080105b0       0xfc ./Middlewares/Third_Party/FreeRTOS/Source/portable/GCC/ARM_CM7/r0p1/port.o
                0x080105b0                xPortStartScheduler
 .text.vPortEnterCritical
                0x080106ac       0x6c ./Middlewares/Third_Party/FreeRTOS/Source/portable/GCC/ARM_CM7/r0p1/port.o
                0x080106ac                vPortEnterCritical
 .text.vPortExitCritical
                0x08010718       0x58 ./Middlewares/Third_Party/FreeRTOS/Source/portable/GCC/ARM_CM7/r0p1/port.o
                0x08010718                vPortExitCritical
 .text.PendSV_Handler
                0x08010770       0x68 ./Middlewares/Third_Party/FreeRTOS/Source/portable/GCC/ARM_CM7/r0p1/port.o
                0x08010770                PendSV_Handler
 .text.SysTick_Handler
                0x080107d8       0x48 ./Middlewares/Third_Party/FreeRTOS/Source/portable/GCC/ARM_CM7/r0p1/port.o
                0x080107d8                SysTick_Handler
 .text.vPortSetupTimerInterrupt
                0x08010820       0x48 ./Middlewares/Third_Party/FreeRTOS/Source/portable/GCC/ARM_CM7/r0p1/port.o
                0x08010820                vPortSetupTimerInterrupt
 .text.vPortEnableVFP
                0x08010868       0x14 ./Middlewares/Third_Party/FreeRTOS/Source/portable/GCC/ARM_CM7/r0p1/port.o
 .text.vPortValidateInterruptPriority
                0x0801087c       0x8c ./Middlewares/Third_Party/FreeRTOS/Source/portable/GCC/ARM_CM7/r0p1/port.o
                0x0801087c                vPortValidateInterruptPriority
 .text.pvPortMalloc
                0x08010908      0x19c ./Middlewares/Third_Party/FreeRTOS/Source/portable/MemMang/heap_4.o
                0x08010908                pvPortMalloc
 .text.vPortFree
                0x08010aa4       0xc0 ./Middlewares/Third_Party/FreeRTOS/Source/portable/MemMang/heap_4.o
                0x08010aa4                vPortFree
 .text.prvHeapInit
                0x08010b64       0xc4 ./Middlewares/Third_Party/FreeRTOS/Source/portable/MemMang/heap_4.o
 .text.prvInsertBlockIntoFreeList
                0x08010c28       0xb4 ./Middlewares/Third_Party/FreeRTOS/Source/portable/MemMang/heap_4.o
 .text.__cvt    0x08010cdc       0xca C:/ST/STM32CubeIDE_1.15.1/STM32CubeIDE/plugins/com.st.stm32cube.ide.mcu.externaltools.gnu-tools-for-stm32.12.3.rel1.win32_1.0.100.202403111256/tools/bin/../lib/gcc/arm-none-eabi/12.3.1/../../../../arm-none-eabi/lib/thumb/v7e-m+fp/hard\libc_nano.a(libc_a-nano-vfprintf_float.o)
                0x08010cdc                __cvt
 .text.__exponent
                0x08010da6       0x74 C:/ST/STM32CubeIDE_1.15.1/STM32CubeIDE/plugins/com.st.stm32cube.ide.mcu.externaltools.gnu-tools-for-stm32.12.3.rel1.win32_1.0.100.202403111256/tools/bin/../lib/gcc/arm-none-eabi/12.3.1/../../../../arm-none-eabi/lib/thumb/v7e-m+fp/hard\libc_nano.a(libc_a-nano-vfprintf_float.o)
                0x08010da6                __exponent
 *fill*         0x08010e1a        0x2 
 .text._printf_float
                0x08010e1c      0x454 C:/ST/STM32CubeIDE_1.15.1/STM32CubeIDE/plugins/com.st.stm32cube.ide.mcu.externaltools.gnu-tools-for-stm32.12.3.rel1.win32_1.0.100.202403111256/tools/bin/../lib/gcc/arm-none-eabi/12.3.1/../../../../arm-none-eabi/lib/thumb/v7e-m+fp/hard\libc_nano.a(libc_a-nano-vfprintf_float.o)
                0x08010e1c                _printf_float
 .text._printf_common
                0x08011270       0xda C:/ST/STM32CubeIDE_1.15.1/STM32CubeIDE/plugins/com.st.stm32cube.ide.mcu.externaltools.gnu-tools-for-stm32.12.3.rel1.win32_1.0.100.202403111256/tools/bin/../lib/gcc/arm-none-eabi/12.3.1/../../../../arm-none-eabi/lib/thumb/v7e-m+fp/hard\libc_nano.a(libc_a-nano-vfprintf_i.o)
                0x08011270                _printf_common
 *fill*         0x0801134a        0x2 
 .text._printf_i
                0x0801134c      0x240 C:/ST/STM32CubeIDE_1.15.1/STM32CubeIDE/plugins/com.st.stm32cube.ide.mcu.externaltools.gnu-tools-for-stm32.12.3.rel1.win32_1.0.100.202403111256/tools/bin/../lib/gcc/arm-none-eabi/12.3.1/../../../../arm-none-eabi/lib/thumb/v7e-m+fp/hard\libc_nano.a(libc_a-nano-vfprintf_i.o)
                0x0801134c                _printf_i
 .text.std      0x0801158c       0x6c C:/ST/STM32CubeIDE_1.15.1/STM32CubeIDE/plugins/com.st.stm32cube.ide.mcu.externaltools.gnu-tools-for-stm32.12.3.rel1.win32_1.0.100.202403111256/tools/bin/../lib/gcc/arm-none-eabi/12.3.1/../../../../arm-none-eabi/lib/thumb/v7e-m+fp/hard\libc_nano.a(libc_a-findfp.o)
 .text.stdio_exit_handler
                0x080115f8       0x18 C:/ST/STM32CubeIDE_1.15.1/STM32CubeIDE/plugins/com.st.stm32cube.ide.mcu.externaltools.gnu-tools-for-stm32.12.3.rel1.win32_1.0.100.202403111256/tools/bin/../lib/gcc/arm-none-eabi/12.3.1/../../../../arm-none-eabi/lib/thumb/v7e-m+fp/hard\libc_nano.a(libc_a-findfp.o)
 .text.cleanup_stdio
                0x08011610       0x40 C:/ST/STM32CubeIDE_1.15.1/STM32CubeIDE/plugins/com.st.stm32cube.ide.mcu.externaltools.gnu-tools-for-stm32.12.3.rel1.win32_1.0.100.202403111256/tools/bin/../lib/gcc/arm-none-eabi/12.3.1/../../../../arm-none-eabi/lib/thumb/v7e-m+fp/hard\libc_nano.a(libc_a-findfp.o)
 .text.global_stdio_init.part.0
                0x08011650       0x3c C:/ST/STM32CubeIDE_1.15.1/STM32CubeIDE/plugins/com.st.stm32cube.ide.mcu.externaltools.gnu-tools-for-stm32.12.3.rel1.win32_1.0.100.202403111256/tools/bin/../lib/gcc/arm-none-eabi/12.3.1/../../../../arm-none-eabi/lib/thumb/v7e-m+fp/hard\libc_nano.a(libc_a-findfp.o)
 .text.__sfp_lock_acquire
                0x0801168c        0xc C:/ST/STM32CubeIDE_1.15.1/STM32CubeIDE/plugins/com.st.stm32cube.ide.mcu.externaltools.gnu-tools-for-stm32.12.3.rel1.win32_1.0.100.202403111256/tools/bin/../lib/gcc/arm-none-eabi/12.3.1/../../../../arm-none-eabi/lib/thumb/v7e-m+fp/hard\libc_nano.a(libc_a-findfp.o)
                0x0801168c                __sfp_lock_acquire
 .text.__sfp_lock_release
                0x08011698        0xc C:/ST/STM32CubeIDE_1.15.1/STM32CubeIDE/plugins/com.st.stm32cube.ide.mcu.externaltools.gnu-tools-for-stm32.12.3.rel1.win32_1.0.100.202403111256/tools/bin/../lib/gcc/arm-none-eabi/12.3.1/../../../../arm-none-eabi/lib/thumb/v7e-m+fp/hard\libc_nano.a(libc_a-findfp.o)
                0x08011698                __sfp_lock_release
 .text.__sinit  0x080116a4       0x30 C:/ST/STM32CubeIDE_1.15.1/STM32CubeIDE/plugins/com.st.stm32cube.ide.mcu.externaltools.gnu-tools-for-stm32.12.3.rel1.win32_1.0.100.202403111256/tools/bin/../lib/gcc/arm-none-eabi/12.3.1/../../../../arm-none-eabi/lib/thumb/v7e-m+fp/hard\libc_nano.a(libc_a-findfp.o)
                0x080116a4                __sinit
 .text._fwalk_sglue
                0x080116d4       0x3c C:/ST/STM32CubeIDE_1.15.1/STM32CubeIDE/plugins/com.st.stm32cube.ide.mcu.externaltools.gnu-tools-for-stm32.12.3.rel1.win32_1.0.100.202403111256/tools/bin/../lib/gcc/arm-none-eabi/12.3.1/../../../../arm-none-eabi/lib/thumb/v7e-m+fp/hard\libc_nano.a(libc_a-fwalk.o)
                0x080116d4                _fwalk_sglue
 .text.sprintf  0x08011710       0x40 C:/ST/STM32CubeIDE_1.15.1/STM32CubeIDE/plugins/com.st.stm32cube.ide.mcu.externaltools.gnu-tools-for-stm32.12.3.rel1.win32_1.0.100.202403111256/tools/bin/../lib/gcc/arm-none-eabi/12.3.1/../../../../arm-none-eabi/lib/thumb/v7e-m+fp/hard\libc_nano.a(libc_a-sprintf.o)
                0x08011710                siprintf
                0x08011710                sprintf
 .text.__sread  0x08011750       0x22 C:/ST/STM32CubeIDE_1.15.1/STM32CubeIDE/plugins/com.st.stm32cube.ide.mcu.externaltools.gnu-tools-for-stm32.12.3.rel1.win32_1.0.100.202403111256/tools/bin/../lib/gcc/arm-none-eabi/12.3.1/../../../../arm-none-eabi/lib/thumb/v7e-m+fp/hard\libc_nano.a(libc_a-stdio.o)
                0x08011750                __sread
 .text.__swrite
                0x08011772       0x38 C:/ST/STM32CubeIDE_1.15.1/STM32CubeIDE/plugins/com.st.stm32cube.ide.mcu.externaltools.gnu-tools-for-stm32.12.3.rel1.win32_1.0.100.202403111256/tools/bin/../lib/gcc/arm-none-eabi/12.3.1/../../../../arm-none-eabi/lib/thumb/v7e-m+fp/hard\libc_nano.a(libc_a-stdio.o)
                0x08011772                __swrite
 .text.__sseek  0x080117aa       0x24 C:/ST/STM32CubeIDE_1.15.1/STM32CubeIDE/plugins/com.st.stm32cube.ide.mcu.externaltools.gnu-tools-for-stm32.12.3.rel1.win32_1.0.100.202403111256/tools/bin/../lib/gcc/arm-none-eabi/12.3.1/../../../../arm-none-eabi/lib/thumb/v7e-m+fp/hard\libc_nano.a(libc_a-stdio.o)
                0x080117aa                __sseek
 .text.__sclose
                0x080117ce        0x8 C:/ST/STM32CubeIDE_1.15.1/STM32CubeIDE/plugins/com.st.stm32cube.ide.mcu.externaltools.gnu-tools-for-stm32.12.3.rel1.win32_1.0.100.202403111256/tools/bin/../lib/gcc/arm-none-eabi/12.3.1/../../../../arm-none-eabi/lib/thumb/v7e-m+fp/hard\libc_nano.a(libc_a-stdio.o)
                0x080117ce                __sclose
 .text.memset   0x080117d6       0x10 C:/ST/STM32CubeIDE_1.15.1/STM32CubeIDE/plugins/com.st.stm32cube.ide.mcu.externaltools.gnu-tools-for-stm32.12.3.rel1.win32_1.0.100.202403111256/tools/bin/../lib/gcc/arm-none-eabi/12.3.1/../../../../arm-none-eabi/lib/thumb/v7e-m+fp/hard\libc_nano.a(libc_a-memset.o)
                0x080117d6                memset
 *fill*         0x080117e6        0x2 
 .text._localeconv_r
                0x080117e8        0x8 C:/ST/STM32CubeIDE_1.15.1/STM32CubeIDE/plugins/com.st.stm32cube.ide.mcu.externaltools.gnu-tools-for-stm32.12.3.rel1.win32_1.0.100.202403111256/tools/bin/../lib/gcc/arm-none-eabi/12.3.1/../../../../arm-none-eabi/lib/thumb/v7e-m+fp/hard\libc_nano.a(libc_a-localeconv.o)
                0x080117e8                _localeconv_r
 .text._close_r
                0x080117f0       0x20 C:/ST/STM32CubeIDE_1.15.1/STM32CubeIDE/plugins/com.st.stm32cube.ide.mcu.externaltools.gnu-tools-for-stm32.12.3.rel1.win32_1.0.100.202403111256/tools/bin/../lib/gcc/arm-none-eabi/12.3.1/../../../../arm-none-eabi/lib/thumb/v7e-m+fp/hard\libc_nano.a(libc_a-closer.o)
                0x080117f0                _close_r
 .text._reclaim_reent
                0x08011810       0xac C:/ST/STM32CubeIDE_1.15.1/STM32CubeIDE/plugins/com.st.stm32cube.ide.mcu.externaltools.gnu-tools-for-stm32.12.3.rel1.win32_1.0.100.202403111256/tools/bin/../lib/gcc/arm-none-eabi/12.3.1/../../../../arm-none-eabi/lib/thumb/v7e-m+fp/hard\libc_nano.a(libc_a-reent.o)
                0x08011810                _reclaim_reent
 .text._lseek_r
                0x080118bc       0x24 C:/ST/STM32CubeIDE_1.15.1/STM32CubeIDE/plugins/com.st.stm32cube.ide.mcu.externaltools.gnu-tools-for-stm32.12.3.rel1.win32_1.0.100.202403111256/tools/bin/../lib/gcc/arm-none-eabi/12.3.1/../../../../arm-none-eabi/lib/thumb/v7e-m+fp/hard\libc_nano.a(libc_a-lseekr.o)
                0x080118bc                _lseek_r
 .text._read_r  0x080118e0       0x24 C:/ST/STM32CubeIDE_1.15.1/STM32CubeIDE/plugins/com.st.stm32cube.ide.mcu.externaltools.gnu-tools-for-stm32.12.3.rel1.win32_1.0.100.202403111256/tools/bin/../lib/gcc/arm-none-eabi/12.3.1/../../../../arm-none-eabi/lib/thumb/v7e-m+fp/hard\libc_nano.a(libc_a-readr.o)
                0x080118e0                _read_r
 .text._write_r
                0x08011904       0x24 C:/ST/STM32CubeIDE_1.15.1/STM32CubeIDE/plugins/com.st.stm32cube.ide.mcu.externaltools.gnu-tools-for-stm32.12.3.rel1.win32_1.0.100.202403111256/tools/bin/../lib/gcc/arm-none-eabi/12.3.1/../../../../arm-none-eabi/lib/thumb/v7e-m+fp/hard\libc_nano.a(libc_a-writer.o)
                0x08011904                _write_r
 .text.__errno  0x08011928        0xc C:/ST/STM32CubeIDE_1.15.1/STM32CubeIDE/plugins/com.st.stm32cube.ide.mcu.externaltools.gnu-tools-for-stm32.12.3.rel1.win32_1.0.100.202403111256/tools/bin/../lib/gcc/arm-none-eabi/12.3.1/../../../../arm-none-eabi/lib/thumb/v7e-m+fp/hard\libc_nano.a(libc_a-errno.o)
                0x08011928                __errno
 .text.__libc_init_array
                0x08011934       0x48 C:/ST/STM32CubeIDE_1.15.1/STM32CubeIDE/plugins/com.st.stm32cube.ide.mcu.externaltools.gnu-tools-for-stm32.12.3.rel1.win32_1.0.100.202403111256/tools/bin/../lib/gcc/arm-none-eabi/12.3.1/../../../../arm-none-eabi/lib/thumb/v7e-m+fp/hard\libc_nano.a(libc_a-init.o)
                0x08011934                __libc_init_array
 .text.__retarget_lock_init_recursive
                0x0801197c        0x2 C:/ST/STM32CubeIDE_1.15.1/STM32CubeIDE/plugins/com.st.stm32cube.ide.mcu.externaltools.gnu-tools-for-stm32.12.3.rel1.win32_1.0.100.202403111256/tools/bin/../lib/gcc/arm-none-eabi/12.3.1/../../../../arm-none-eabi/lib/thumb/v7e-m+fp/hard\libc_nano.a(libc_a-lock.o)
                0x0801197c                __retarget_lock_init_recursive
 .text.__retarget_lock_acquire_recursive
                0x0801197e        0x2 C:/ST/STM32CubeIDE_1.15.1/STM32CubeIDE/plugins/com.st.stm32cube.ide.mcu.externaltools.gnu-tools-for-stm32.12.3.rel1.win32_1.0.100.202403111256/tools/bin/../lib/gcc/arm-none-eabi/12.3.1/../../../../arm-none-eabi/lib/thumb/v7e-m+fp/hard\libc_nano.a(libc_a-lock.o)
                0x0801197e                __retarget_lock_acquire_recursive
 .text.__retarget_lock_release_recursive
                0x08011980        0x2 C:/ST/STM32CubeIDE_1.15.1/STM32CubeIDE/plugins/com.st.stm32cube.ide.mcu.externaltools.gnu-tools-for-stm32.12.3.rel1.win32_1.0.100.202403111256/tools/bin/../lib/gcc/arm-none-eabi/12.3.1/../../../../arm-none-eabi/lib/thumb/v7e-m+fp/hard\libc_nano.a(libc_a-lock.o)
                0x08011980                __retarget_lock_release_recursive
 .text.memcpy   0x08011982       0x1c C:/ST/STM32CubeIDE_1.15.1/STM32CubeIDE/plugins/com.st.stm32cube.ide.mcu.externaltools.gnu-tools-for-stm32.12.3.rel1.win32_1.0.100.202403111256/tools/bin/../lib/gcc/arm-none-eabi/12.3.1/../../../../arm-none-eabi/lib/thumb/v7e-m+fp/hard\libc_nano.a(libc_a-memcpy-stub.o)
                0x08011982                memcpy
 .text.quorem   0x0801199e      0x110 C:/ST/STM32CubeIDE_1.15.1/STM32CubeIDE/plugins/com.st.stm32cube.ide.mcu.externaltools.gnu-tools-for-stm32.12.3.rel1.win32_1.0.100.202403111256/tools/bin/../lib/gcc/arm-none-eabi/12.3.1/../../../../arm-none-eabi/lib/thumb/v7e-m+fp/hard\libc_nano.a(libc_a-dtoa.o)
 *fill*         0x08011aae        0x2 
 .text._dtoa_r  0x08011ab0      0xb88 C:/ST/STM32CubeIDE_1.15.1/STM32CubeIDE/plugins/com.st.stm32cube.ide.mcu.externaltools.gnu-tools-for-stm32.12.3.rel1.win32_1.0.100.202403111256/tools/bin/../lib/gcc/arm-none-eabi/12.3.1/../../../../arm-none-eabi/lib/thumb/v7e-m+fp/hard\libc_nano.a(libc_a-dtoa.o)
                0x08011ab0                _dtoa_r
 .text._free_r  0x08012638       0x94 C:/ST/STM32CubeIDE_1.15.1/STM32CubeIDE/plugins/com.st.stm32cube.ide.mcu.externaltools.gnu-tools-for-stm32.12.3.rel1.win32_1.0.100.202403111256/tools/bin/../lib/gcc/arm-none-eabi/12.3.1/../../../../arm-none-eabi/lib/thumb/v7e-m+fp/hard\libc_nano.a(libc_a-freer.o)
                0x08012638                _free_r