Archive member included to satisfy reference by file (symbol)

/Applications/STM32CubeIDE.app/Contents/Eclipse/plugins/com.st.stm32cube.ide.mcu.externaltools.gnu-tools-for-stm32.13.3.rel1.macos64_1.0.0.202411102158/tools/bin/../lib/gcc/arm-none-eabi/13.3.1/../../../../arm-none-eabi/lib/thumb/v7e-m+fp/hard/libc_nano.a(libc_a-exit.o)
                              /Applications/STM32CubeIDE.app/Contents/Eclipse/plugins/com.st.stm32cube.ide.mcu.externaltools.gnu-tools-for-stm32.13.3.rel1.macos64_1.0.0.202411102158/tools/bin/../lib/gcc/arm-none-eabi/13.3.1/../../../../arm-none-eabi/lib/thumb/v7e-m+fp/hard/crt0.o (exit)
/Applications/STM32CubeIDE.app/Contents/Eclipse/plugins/com.st.stm32cube.ide.mcu.externaltools.gnu-tools-for-stm32.13.3.rel1.macos64_1.0.0.202411102158/tools/bin/../lib/gcc/arm-none-eabi/13.3.1/../../../../arm-none-eabi/lib/thumb/v7e-m+fp/hard/libc_nano.a(libc_a-nano-vfprintf_float.o)
                              (_printf_float)
/Applications/STM32CubeIDE.app/Contents/Eclipse/plugins/com.st.stm32cube.ide.mcu.externaltools.gnu-tools-for-stm32.13.3.rel1.macos64_1.0.0.202411102158/tools/bin/../lib/gcc/arm-none-eabi/13.3.1/../../../../arm-none-eabi/lib/thumb/v7e-m+fp/hard/libc_nano.a(libc_a-nano-vfprintf_i.o)
                              /Applications/STM32CubeIDE.app/Contents/Eclipse/plugins/com.st.stm32cube.ide.mcu.externaltools.gnu-tools-for-stm32.13.3.rel1.macos64_1.0.0.202411102158/tools/bin/../lib/gcc/arm-none-eabi/13.3.1/../../../../arm-none-eabi/lib/thumb/v7e-m+fp/hard/libc_nano.a(libc_a-nano-vfprintf_float.o) (_printf_common)
/Applications/STM32CubeIDE.app/Contents/Eclipse/plugins/com.st.stm32cube.ide.mcu.externaltools.gnu-tools-for-stm32.13.3.rel1.macos64_1.0.0.202411102158/tools/bin/../lib/gcc/arm-none-eabi/13.3.1/../../../../arm-none-eabi/lib/thumb/v7e-m+fp/hard/libc_nano.a(libc_a-sprintf.o)
                              ./Core/Src/sd_card.o (sprintf)
/Applications/STM32CubeIDE.app/Contents/Eclipse/plugins/com.st.stm32cube.ide.mcu.externaltools.gnu-tools-for-stm32.13.3.rel1.macos64_1.0.0.202411102158/tools/bin/../lib/gcc/arm-none-eabi/13.3.1/../../../../arm-none-eabi/lib/thumb/v7e-m+fp/hard/libc_nano.a(libc_a-findfp.o)
                              ./Middlewares/Third_Party/FreeRTOS/Source/tasks.o (__sf)
/Applications/STM32CubeIDE.app/Contents/Eclipse/plugins/com.st.stm32cube.ide.mcu.externaltools.gnu-tools-for-stm32.13.3.rel1.macos64_1.0.0.202411102158/tools/bin/../lib/gcc/arm-none-eabi/13.3.1/../../../../arm-none-eabi/lib/thumb/v7e-m+fp/hard/libc_nano.a(libc_a-fwalk.o)
                              /Applications/STM32CubeIDE.app/Contents/Eclipse/plugins/com.st.stm32cube.ide.mcu.externaltools.gnu-tools-for-stm32.13.3.rel1.macos64_1.0.0.202411102158/tools/bin/../lib/gcc/arm-none-eabi/13.3.1/../../../../arm-none-eabi/lib/thumb/v7e-m+fp/hard/libc_nano.a(libc_a-findfp.o) (_fwalk_sglue)
/Applications/STM32CubeIDE.app/Contents/Eclipse/plugins/com.st.stm32cube.ide.mcu.externaltools.gnu-tools-for-stm32.13.3.rel1.macos64_1.0.0.202411102158/tools/bin/../lib/gcc/arm-none-eabi/13.3.1/../../../../arm-none-eabi/lib/thumb/v7e-m+fp/hard/libc_nano.a(libc_a-memset.o)
                              /Applications/STM32CubeIDE.app/Contents/Eclipse/plugins/com.st.stm32cube.ide.mcu.externaltools.gnu-tools-for-stm32.13.3.rel1.macos64_1.0.0.202411102158/tools/bin/../lib/gcc/arm-none-eabi/13.3.1/../../../../arm-none-eabi/lib/thumb/v7e-m+fp/hard/crt0.o (memset)
/Applications/STM32CubeIDE.app/Contents/Eclipse/plugins/com.st.stm32cube.ide.mcu.externaltools.gnu-tools-for-stm32.13.3.rel1.macos64_1.0.0.202411102158/tools/bin/../lib/gcc/arm-none-eabi/13.3.1/../../../../arm-none-eabi/lib/thumb/v7e-m+fp/hard/libc_nano.a(libc_a-errno.o)
                              ./Core/Src/syscalls.o (__errno)
/Applications/STM32CubeIDE.app/Contents/Eclipse/plugins/com.st.stm32cube.ide.mcu.externaltools.gnu-tools-for-stm32.13.3.rel1.macos64_1.0.0.202411102158/tools/bin/../lib/gcc/arm-none-eabi/13.3.1/../../../../arm-none-eabi/lib/thumb/v7e-m+fp/hard/libc_nano.a(libc_a-init.o)
                              /Applications/STM32CubeIDE.app/Contents/Eclipse/plugins/com.st.stm32cube.ide.mcu.externaltools.gnu-tools-for-stm32.13.3.rel1.macos64_1.0.0.202411102158/tools/bin/../lib/gcc/arm-none-eabi/13.3.1/../../../../arm-none-eabi/lib/thumb/v7e-m+fp/hard/crt0.o (__libc_init_array)
/Applications/STM32CubeIDE.app/Contents/Eclipse/plugins/com.st.stm32cube.ide.mcu.externaltools.gnu-tools-for-stm32.13.3.rel1.macos64_1.0.0.202411102158/tools/bin/../lib/gcc/arm-none-eabi/13.3.1/../../../../arm-none-eabi/lib/thumb/v7e-m+fp/hard/libc_nano.a(libc_a-lock.o)
                              /Applications/STM32CubeIDE.app/Contents/Eclipse/plugins/com.st.stm32cube.ide.mcu.externaltools.gnu-tools-for-stm32.13.3.rel1.macos64_1.0.0.202411102158/tools/bin/../lib/gcc/arm-none-eabi/13.3.1/../../../../arm-none-eabi/lib/thumb/v7e-m+fp/hard/libc_nano.a(libc_a-findfp.o) (__retarget_lock_init_recursive)
[...]
Memory Configuration

Name             Origin             Length             Attributes
RAM              0x20000000         0x00050000         xrw
FLASH            0x08000000         0x00100000         xr
*default*        0x00000000         0xffffffff

Linker script and memory map

LOAD /Applications/STM32CubeIDE.app/Contents/Eclipse/plugins/com.st.stm32cube.ide.mcu.externaltools.gnu-tools-for-stm32.13.3.rel1.macos64_1.0.0.202411102158/tools/bin/../lib/gcc/arm-none-eabi/13.3.1/thumb/v7e-m+fp/hard/crti.o
LOAD /Applications/STM32CubeIDE.app/Contents/Eclipse/plugins/com.st.stm32cube.ide.mcu.externaltools.gnu-tools-for-stm32.13.3.rel1.macos64_1.0.0.202411102158/tools/bin/../lib/gcc/arm-none-eabi/13.3.1/thumb/v7e-m+fp/hard/crtbegin.o
LOAD /Applications/STM32CubeIDE.app/Contents/Eclipse/plugins/com.st.stm32cube.ide.mcu.externaltools.gnu-tools-for-stm32.13.3.rel1.macos64_1.0.0.202411102158/tools/bin/../lib/gcc/arm-none-eabi/13.3.1/../../../../arm-none-eabi/lib/thumb/v7e-m+fp/hard/crt0.o
LOAD ./Core/Src/can_manager.o
LOAD ./Core/Src/freertos.o
LOAD ./Core/Src/fsm.o
LOAD ./Core/Src/main.o
LOAD ./Core/Src/sd_card.o
LOAD ./Core/Src/sensors.o
LOAD ./Core/Src/serial.o
LOAD ./Core/Src/serial_print.o
LOAD ./Core/Src/stm32f7xx_hal_msp.o
LOAD ./Core/Src/stm32f7xx_hal_timebase_tim.o
LOAD ./Core/Src/stm32f7xx_it.o
LOAD ./Core/Src/syscalls.o
LOAD ./Core/Src/sysmem.o
LOAD ./Core/Src/system_stm32f7xx.o
LOAD ./Core/Src/telem.o
LOAD ./Core/Src/wheel_speed.o
LOAD ./Core/Src/xsens.o
LOAD ./Core/Src/xsens/xsens_mdata2.o
LOAD ./Core/Src/xsens/xsens_mti.o
LOAD ./Core/Src/xsens/xsens_utility.o
LOAD ./Core/Startup/startup_stm32f746zgtx.o
LOAD ./Drivers/STM32F7xx_HAL_Driver/Src/stm32f7xx_hal.o
LOAD ./Drivers/STM32F7xx_HAL_Driver/Src/stm32f7xx_hal_can.o
LOAD ./Drivers/STM32F7xx_HAL_Driver/Src/stm32f7xx_hal_cortex.o
LOAD ./Drivers/STM32F7xx_HAL_Driver/Src/stm32f7xx_hal_dma.o
LOAD ./Drivers/STM32F7xx_HAL_Driver/Src/stm32f7xx_hal_dma_ex.o
LOAD ./Drivers/STM32F7xx_HAL_Driver/Src/stm32f7xx_hal_exti.o
LOAD ./Drivers/STM32F7xx_HAL_Driver/Src/stm32f7xx_hal_flash.o
LOAD ./Drivers/STM32F7xx_HAL_Driver/Src/stm32f7xx_hal_flash_ex.o
LOAD ./Drivers/STM32F7xx_HAL_Driver/Src/stm32f7xx_hal_gpio.o
LOAD ./Drivers/STM32F7xx_HAL_Driver/Src/stm32f7xx_hal_i2c.o
LOAD ./Drivers/STM32F7xx_HAL_Driver/Src/stm32f7xx_hal_i2c_ex.o
LOAD ./Drivers/STM32F7xx_HAL_Driver/Src/stm32f7xx_hal_mmc.o
LOAD ./Drivers/STM32F7xx_HAL_Driver/Src/stm32f7xx_hal_pwr.o
LOAD ./Drivers/STM32F7xx_HAL_Driver/Src/stm32f7xx_hal_pwr_ex.o
LOAD ./Drivers/STM32F7xx_HAL_Driver/Src/stm32f7xx_hal_rcc.o
LOAD ./Drivers/STM32F7xx_HAL_Driver/Src/stm32f7xx_hal_rcc_ex.o
LOAD ./Drivers/STM32F7xx_HAL_Driver/Src/stm32f7xx_hal_sd.o
LOAD ./Drivers/STM32F7xx_HAL_Driver/Src/stm32f7xx_hal_tim.o
LOAD ./Drivers/STM32F7xx_HAL_Driver/Src/stm32f7xx_hal_tim_ex.o
LOAD ./Drivers/STM32F7xx_HAL_Driver/Src/stm32f7xx_hal_uart.o
LOAD ./Drivers/STM32F7xx_HAL_Driver/Src/stm32f7xx_hal_uart_ex.o
LOAD ./Drivers/STM32F7xx_HAL_Driver/Src/stm32f7xx_ll_sdmmc.o
LOAD ./FATFS/App/fatfs.o
LOAD ./FATFS/Target/bsp_driver_sd.o
LOAD ./FATFS/Target/fatfs_platform.o
LOAD ./FATFS/Target/sd_diskio.o
LOAD ./Middlewares/Third_Party/FatFs/src/diskio.o
LOAD ./Middlewares/Third_Party/FatFs/src/ff.o
LOAD ./Middlewares/Third_Party/FatFs/src/ff_gen_drv.o
LOAD ./Middlewares/Third_Party/FatFs/src/option/syscall.o
LOAD ./Middlewares/Third_Party/FreeRTOS/Source/CMSIS_RTOS_V2/cmsis_os2.o
LOAD ./Middlewares/Third_Party/FreeRTOS/Source/croutine.o
LOAD ./Middlewares/Third_Party/FreeRTOS/Source/event_groups.o
LOAD ./Middlewares/Third_Party/FreeRTOS/Source/list.o
LOAD ./Middlewares/Third_Party/FreeRTOS/Source/queue.o
LOAD ./Middlewares/Third_Party/FreeRTOS/Source/stream_buffer.o
LOAD ./Middlewares/Third_Party/FreeRTOS/Source/tasks.o
LOAD ./Middlewares/Third_Party/FreeRTOS/Source/timers.o
LOAD ./Middlewares/Third_Party/FreeRTOS/Source/portable/GCC/ARM_CM7/r0p1/port.o
LOAD ./Middlewares/Third_Party/FreeRTOS/Source/portable/MemMang/heap_4.o
START GROUP
LOAD /Applications/STM32CubeIDE.app/Contents/Eclipse/plugins/com.st.stm32cube.ide.mcu.externaltools.gnu-tools-for-stm32.13.3.rel1.macos64_1.0.0.202411102158/tools/bin/../lib/gcc/arm-none-eabi/13.3.1/../../../../arm-none-eabi/lib/thumb/v7e-m+fp/hard/libc_nano.a
LOAD /Applications/STM32CubeIDE.app/Contents/Eclipse/plugins/com.st.stm32cube.ide.mcu.externaltools.gnu-tools-for-stm32.13.3.rel1.macos64_1.0.0.202411102158/tools/bin/../lib/gcc/arm-none-eabi/13.3.1/../../../../arm-none-eabi/lib/thumb/v7e-m+fp/hard/libm.a
END GROUP
START GROUP
LOAD /Applications/STM32CubeIDE.app/Contents/Eclipse/plugins/com.st.stm32cube.ide.mcu.externaltools.gnu-tools-for-stm32.13.3.rel1.macos64_1.0.0.202411102158/tools/bin/../lib/gcc/arm-none-eabi/13.3.1/thumb/v7e-m+fp/hard/libgcc.a
LOAD /Applications/STM32CubeIDE.app/Contents/Eclipse/plugins/com.st.stm32cube.ide.mcu.externaltools.gnu-tools-for-stm32.13.3.rel1.macos64_1.0.0.202411102158/tools/bin/../lib/gcc/arm-none-eabi/13.3.1/../../../../arm-none-eabi/lib/thumb/v7e-m+fp/hard/libc_nano.a
END GROUP
START GROUP
LOAD /Applications/STM32CubeIDE.app/Contents/Eclipse/plugins/com.st.stm32cube.ide.mcu.externaltools.gnu-tools-for-stm32.13.3.rel1.macos64_1.0.0.202411102158/tools/bin/../lib/gcc/arm-none-eabi/13.3.1/thumb/v7e-m+fp/hard/libgcc.a
LOAD /Applications/STM32CubeIDE.app/Contents/Eclipse/plugins/com.st.stm32cube.ide.mcu.externaltools.gnu-tools-for-stm32.13.3.rel1.macos64_1.0.0.202411102158/tools/bin/../lib/gcc/arm-none-eabi/13.3.1/../../../../arm-none-eabi/lib/thumb/v7e-m+fp/hard/libc_nano.a
LOAD /Applications/STM32CubeIDE.app/Contents/Eclipse/plugins/com.st.stm32cube.ide.mcu.externaltools.gnu-tools-for-stm32.13.3.rel1.macos64_1.0.0.202411102158/tools/bin/../lib/gcc/arm-none-eabi/13.3.1/../../../../arm-none-eabi/lib/thumb/v7e-m+fp/hard/libnosys.a
END GROUP
START GROUP
LOAD /Applications/STM32CubeIDE.app/Contents/Eclipse/plugins/com.st.stm32cube.ide.mcu.externaltools.gnu-tools-for-stm32.13.3.rel1.macos64_1.0.0.202411102158/tools/bin/../lib/gcc/arm-none-eabi/13.3.1/thumb/v7e-m+fp/hard/libgcc.a
LOAD /Applications/STM32CubeIDE.app/Contents/Eclipse/plugins/com.st.stm32cube.ide.mcu.externaltools.gnu-tools-for-stm32.13.3.rel1.macos64_1.0.0.202411102158/tools/bin/../lib/gcc/arm-none-eabi/13.3.1/../../../../arm-none-eabi/lib/thumb/v7e-m+fp/hard/libc_nano.a
LOAD /Applications/STM32CubeIDE.app/Contents/Eclipse/plugins/com.st.stm32cube.ide.mcu.externaltools.gnu-tools-for-stm32.13.3.rel1.macos64_1.0.0.202411102158/tools/bin/../lib/gcc/arm-none-eabi/13.3.1/../../../../arm-none-eabi/lib/thumb/v7e-m+fp/hard/libnosys.a
END GROUP
LOAD /Applications/STM32CubeIDE.app/Contents/Eclipse/plugins/com.st.stm32cube.ide.mcu.externaltools.gnu-tools-for-stm32.13.3.rel1.macos64_1.0.0.202411102158/tools/bin/../lib/gcc/arm-none-eabi/13.3.1/thumb/v7e-m+fp/hard/crtend.o
LOAD /Applications/STM32CubeIDE.app/Contents/Eclipse/plugins/com.st.stm32cube.ide.mcu.externaltools.gnu-tools-for-stm32.13.3.rel1.macos64_1.0.0.202411102158/tools/bin/../lib/gcc/arm-none-eabi/13.3.1/thumb/v7e-m+fp/hard/crtn.o
                0x20050000                        _estack = (ORIGIN (RAM) + LENGTH (RAM))
                0x00000200                        _Min_Heap_Size = 0x200
                0x00000400                        _Min_Stack_Size = 0x400

.isr_vector     0x08000000      0x1c8
                0x08000000                        . = ALIGN (0x4)
 *(.isr_vector)
 .isr_vector    0x08000000      0x1c8 ./Core/Startup/startup_stm32f746zgtx.o
                0x08000000                g_pfnVectors
                0x080001c8                        . = ALIGN (0x4)

.text           0x080001d0    0x13898
                0x080001d0                        . = ALIGN (0x4)
 *(.text)
 .text          0x080001d0       0x40 /Applications/STM32CubeIDE.app/Contents/Eclipse/plugins/com.st.stm32cube.ide.mcu.externaltools.gnu-tools-for-stm32.13.3.rel1.macos64_1.0.0.202411102158/tools/bin/../lib/gcc/arm-none-eabi/13.3.1/thumb/v7e-m+fp/hard/crtbegin.o
 .text          0x08000210       0xa0 /Applications/STM32CubeIDE.app/Contents/Eclipse/plugins/com.st.stm32cube.ide.mcu.externaltools.gnu-tools-for-stm32.13.3.rel1.macos64_1.0.0.202411102158/tools/bin/../lib/gcc/arm-none-eabi/13.3.1/../../../../arm-none-eabi/lib/thumb/v7e-m+fp/hard/libc_nano.a(libc_a-memchr.o)
                0x08000210                memchr
 .text          0x080002b0       0x10 /Applications/STM32CubeIDE.app/Contents/Eclipse/plugins/com.st.stm32cube.ide.mcu.externaltools.gnu-tools-for-stm32.13.3.rel1.macos64_1.0.0.202411102158/tools/bin/../lib/gcc/arm-none-eabi/13.3.1/../../../../arm-none-eabi/lib/thumb/v7e-m+fp/hard/libc_nano.a(libc_a-strlen.o)
                0x080002b0                strlen
 .text          0x080002c0      0x378 /Applications/STM32CubeIDE.app/Contents/Eclipse/plugins/com.st.stm32cube.ide.mcu.externaltools.gnu-tools-for-stm32.13.3.rel1.macos64_1.0.0.202411102158/tools/bin/../lib/gcc/arm-none-eabi/13.3.1/thumb/v7e-m+fp/hard/libgcc.a(_arm_addsubdf3.o)
                0x080002c0                __aeabi_drsub
                0x080002c8                __subdf3
                0x080002c8                __aeabi_dsub
                0x080002cc                __aeabi_dadd
                0x080002cc                __adddf3
                0x08000544                __aeabi_ui2d
                0x08000544                __floatunsidf
                0x08000564                __floatsidf
                0x08000564                __aeabi_i2d
                0x08000588                __extendsfdf2
                0x08000588                __aeabi_f2d
                0x080005cc                __aeabi_ul2d
                0x080005cc                __floatundidf
                0x080005dc                __aeabi_l2d
                0x080005dc                __floatdidf
 .text          0x08000638      0x424 /Applications/STM32CubeIDE.app/Contents/Eclipse/plugins/com.st.stm32cube.ide.mcu.externaltools.gnu-tools-for-stm32.13.3.rel1.macos64_1.0.0.202411102158/tools/bin/../lib/gcc/arm-none-eabi/13.3.1/thumb/v7e-m+fp/hard/libgcc.a(_arm_muldivdf3.o)
                0x08000638                __aeabi_dmul
                0x08000638                __muldf3
                0x0800088c                __aeabi_ddiv
                0x0800088c                __divdf3
 .text          0x08000a5c      0x110 /Applications/STM32CubeIDE.app/Contents/Eclipse/plugins/com.st.stm32cube.ide.mcu.externaltools.gnu-tools-for-stm32.13.3.rel1.macos64_1.0.0.202411102158/tools/bin/../lib/gcc/arm-none-eabi/13.3.1/thumb/v7e-m+fp/hard/libgcc.a(_arm_cmpdf2.o)
                0x08000a5c                __gedf2
                0x08000a5c                __gtdf2
                0x08000a64                __ledf2
                0x08000a64                __ltdf2
                0x08000a6c                __cmpdf2
                0x08000a6c                __eqdf2
                0x08000a6c                __nedf2
                0x08000ae8                __aeabi_cdrcmple
                0x08000af8                __aeabi_cdcmple
                0x08000af8                __aeabi_cdcmpeq
                0x08000b08                __aeabi_dcmpeq
                0x08000b1c                __aeabi_dcmplt
                0x08000b30                __aeabi_dcmple
                0x08000b44                __aeabi_dcmpge
                0x08000b58                __aeabi_dcmpgt
 .text          0x08000b6c       0x2c /Applications/STM32CubeIDE.app/Contents/Eclipse/plugins/com.st.stm32cube.ide.mcu.externaltools.gnu-tools-for-stm32.13.3.rel1.macos64_1.0.0.202411102158/tools/bin/../lib/gcc/arm-none-eabi/13.3.1/thumb/v7e-m+fp/hard/libgcc.a(_arm_unorddf2.o)
                0x08000b6c                __aeabi_dcmpun
                0x08000b6c                __unorddf2
 .text          0x08000b98       0x50 /Applications/STM32CubeIDE.app/Contents/Eclipse/plugins/com.st.stm32cube.ide.mcu.externaltools.gnu-tools-for-stm32.13.3.rel1.macos64_1.0.0.202411102158/tools/bin/../lib/gcc/arm-none-eabi/13.3.1/thumb/v7e-m+fp/hard/libgcc.a(_arm_fixdfsi.o)
                0x08000b98                __fixdfsi
                0x08000b98                __aeabi_d2iz
 .text          0x08000be8       0x30 /Applications/STM32CubeIDE.app/Contents/Eclipse/plugins/com.st.stm32cube.ide.mcu.externaltools.gnu-tools-for-stm32.13.3.rel1.macos64_1.0.0.202411102158/tools/bin/../lib/gcc/arm-none-eabi/13.3.1/thumb/v7e-m+fp/hard/libgcc.a(_aeabi_uldivmod.o)
                0x08000be8                __aeabi_uldivmod
 .text          0x08000c18      0x2f8 /Applications/STM32CubeIDE.app/Contents/Eclipse/plugins/com.st.stm32cube.ide.mcu.externaltools.gnu-tools-for-stm32.13.3.rel1.macos64_1.0.0.202411102158/tools/bin/../lib/gcc/arm-none-eabi/13.3.1/thumb/v7e-m+fp/hard/libgcc.a(_udivmoddi4.o)
                0x08000c18                __udivmoddi4
 .text          0x08000f10        0x4 /Applications/STM32CubeIDE.app/Contents/Eclipse/plugins/com.st.stm32cube.ide.mcu.externaltools.gnu-tools-for-stm32.13.3.rel1.macos64_1.0.0.202411102158/tools/bin/../lib/gcc/arm-none-eabi/13.3.1/thumb/v7e-m+fp/hard/libgcc.a(_dvmd_tls.o)
                0x08000f10                __aeabi_ldiv0
                0x08000f10                __aeabi_idiv0
 *(.text*)
 .text.HAL_CAN_RxFifo0MsgPendingCallback
                0x08000f14       0x3c ./Core/Src/can_manager.o
                0x08000f14                HAL_CAN_RxFifo0MsgPendingCallback
 .text.save_can_rx_data
                0x08000f50      0x784 ./Core/Src/can_manager.o
 .text.CAN_Send
                0x080016d4       0x54 ./Core/Src/can_manager.o
                0x080016d4                CAN_Send
 .text.__NVIC_EnableIRQ
                0x08001728       0x3c ./Core/Src/main.o
 .text.HAL_GPIO_EXTI_Callback
                0x08001764       0x16 ./Core/Src/main.o
                0x08001764                HAL_GPIO_EXTI_Callback
 *fill*         0x0800177a        0x2 
 .text.main     0x0800177c       0x80 ./Core/Src/main.o
                0x0800177c                main
 .text.SystemClock_Config
                0x080017fc       0xd8 ./Core/Src/main.o
                0x080017fc                SystemClock_Config
 .text.MX_CAN1_Init
                0x080018d4       0xd0 ./Core/Src/main.o
 .text.MX_CAN2_Init
                0x080019a4       0x7c ./Core/Src/main.o
 .text.MX_SDMMC1_SD_Init
                0x08001a20       0x60 ./Core/Src/main.o
 .text.MX_TIM1_Init
                0x08001a80       0xa8 ./Core/Src/main.o
 .text.MX_TIM4_Init
                0x08001b28       0xa0 ./Core/Src/main.o
 .text.MX_TIM7_Init
                0x08001bc8       0x74 ./Core/Src/main.o
 .text.MX_UART4_Init
                0x08001c3c       0x60 ./Core/Src/main.o
 .text.MX_USART2_UART_Init
                0x08001c9c       0x60 ./Core/Src/main.o
 .text.MX_USART3_UART_Init
                0x08001cfc       0x68 ./Core/Src/main.o
 .text.MX_DMA_Init
                0x08001d64       0x74 ./Core/Src/main.o
 .text.MX_GPIO_Init
                0x08001dd8      0x16c ./Core/Src/main.o
 .text.MainEntry
                0x08001f44       0x8c ./Core/Src/main.o
                0x08001f44                MainEntry
 .text.SDCardEntry
                0x08001fd0       0x30 ./Core/Src/main.o
                0x08001fd0                SDCardEntry
 .text.HAL_TIM_PeriodElapsedCallback
                0x08002000       0x24 ./Core/Src/main.o
                0x08002000                HAL_TIM_PeriodElapsedCallback
 .text.Error_Handler
                0x08002024        0xc ./Core/Src/main.o
                0x08002024                Error_Handler
 .text.sd_card_mount
                0x08002030      0x138 ./Core/Src/sd_card.o
                0x08002030                sd_card_mount
 .text.sd_card_write_data
                0x08002168       0xdc ./Core/Src/sd_card.o
                0x08002168                sd_card_write_data
 .text.sd_card_write_can_rx
                0x08002244       0x24 ./Core/Src/sd_card.o
                0x08002244                sd_card_write_can_rx
 .text.sd_card_update_async
                0x08002268       0x1c ./Core/Src/sd_card.o
                0x08002268                sd_card_update_async
 .text.sd_card_flush_internal
                0x08002284       0x1c ./Core/Src/sd_card.o
 .text.sd_card_write_data_bytes
                0x080022a0       0x4c ./Core/Src/sd_card.o
 .text.sd_card_write_from_buffer
                0x080022ec       0x44 ./Core/Src/sd_card.o
 .text.Serial_Init
                0x08002330       0x32 ./Core/Src/serial.o
                0x08002330                Serial_Init
 .text.Serial_StartListening
                0x08002362       0x26 ./Core/Src/serial.o
                0x08002362                Serial_StartListening
 .text.Serial_BytesAvailable
                0x08002388       0x48 ./Core/Src/serial.o
                0x08002388                Serial_BytesAvailable
 .text.Serial_GetByte
                0x080023d0       0x40 ./Core/Src/serial.o
                0x080023d0                Serial_GetByte
 .text.print    0x08002410       0x28 ./Core/Src/serial_print.o
                0x08002410                print
 .text.HAL_MspInit
                0x08002438       0x50 ./Core/Src/stm32f7xx_hal_msp.o
                0x08002438                HAL_MspInit
 .text.HAL_CAN_MspInit
                0x08002488      0x140 ./Core/Src/stm32f7xx_hal_msp.o
                0x08002488                HAL_CAN_MspInit
 .text.HAL_SD_MspInit
                0x080025c8      0x248 ./Core/Src/stm32f7xx_hal_msp.o
                0x080025c8                HAL_SD_MspInit
 .text.HAL_TIM_Base_MspInit
                0x08002810       0x9c ./Core/Src/stm32f7xx_hal_msp.o
                0x08002810                HAL_TIM_Base_MspInit
 .text.HAL_UART_MspInit
                0x080028ac      0x238 ./Core/Src/stm32f7xx_hal_msp.o
                0x080028ac                HAL_UART_MspInit
 .text.HAL_InitTick
                0x08002ae4       0xf4 ./Core/Src/stm32f7xx_hal_timebase_tim.o
                0x08002ae4                HAL_InitTick
 .text.NMI_Handler
                0x08002bd8        0x8 ./Core/Src/stm32f7xx_it.o
                0x08002bd8                NMI_Handler
 .text.HardFault_Handler
                0x08002be0        0x8 ./Core/Src/stm32f7xx_it.o
                0x08002be0                HardFault_Handler
 .text.MemManage_Handler
                0x08002be8        0x8 ./Core/Src/stm32f7xx_it.o
                0x08002be8                MemManage_Handler
 .text.BusFault_Handler
                0x08002bf0        0x8 ./Core/Src/stm32f7xx_it.o
                0x08002bf0                BusFault_Handler
 .text.UsageFault_Handler
                0x08002bf8        0x8 ./Core/Src/stm32f7xx_it.o
                0x08002bf8                UsageFault_Handler
 .text.DebugMon_Handler
                0x08002c00        0xe ./Core/Src/stm32f7xx_it.o
                0x08002c00                DebugMon_Handler
 *fill*         0x08002c0e        0x2 
 .text.DMA1_Stream2_IRQHandler
                0x08002c10       0x14 ./Core/Src/stm32f7xx_it.o
                0x08002c10                DMA1_Stream2_IRQHandler
 .text.CAN1_RX0_IRQHandler
                0x08002c24       0x14 ./Core/Src/stm32f7xx_it.o
                0x08002c24                CAN1_RX0_IRQHandler
 .text.EXTI15_10_IRQHandler
                0x08002c38       0x10 ./Core/Src/stm32f7xx_it.o
                0x08002c38                EXTI15_10_IRQHandler
 .text.SDMMC1_IRQHandler
                0x08002c48       0x14 ./Core/Src/stm32f7xx_it.o
                0x08002c48                SDMMC1_IRQHandler
 .text.TIM6_DAC_IRQHandler
                0x08002c5c       0x14 ./Core/Src/stm32f7xx_it.o
                0x08002c5c                TIM6_DAC_IRQHandler
 .text.TIM7_IRQHandler
                0x08002c70       0x14 ./Core/Src/stm32f7xx_it.o
                0x08002c70                TIM7_IRQHandler
 .text.DMA2_Stream3_IRQHandler
                0x08002c84       0x14 ./Core/Src/stm32f7xx_it.o
                0x08002c84                DMA2_Stream3_IRQHandler
 .text.DMA2_Stream6_IRQHandler
                0x08002c98       0x14 ./Core/Src/stm32f7xx_it.o
                0x08002c98                DMA2_Stream6_IRQHandler
 .text._getpid  0x08002cac       0x10 ./Core/Src/syscalls.o
                0x08002cac                _getpid
 .text._kill    0x08002cbc       0x20 ./Core/Src/syscalls.o
                0x08002cbc                _kill
 .text._exit    0x08002cdc       0x16 ./Core/Src/syscalls.o
                0x08002cdc                _exit
 .text._read    0x08002cf2       0x3a ./Core/Src/syscalls.o
                0x08002cf2                _read
 .text._write   0x08002d2c       0x38 ./Core/Src/syscalls.o
                0x08002d2c                _write
 .text._close   0x08002d64       0x18 ./Core/Src/syscalls.o
                0x08002d64                _close
 .text._fstat   0x08002d7c       0x20 ./Core/Src/syscalls.o
                0x08002d7c                _fstat
 .text._isatty  0x08002d9c       0x16 ./Core/Src/syscalls.o
                0x08002d9c                _isatty
 .text._lseek   0x08002db2       0x1a ./Core/Src/syscalls.o
                0x08002db2                _lseek
 .text._sbrk    0x08002dcc       0x6c ./Core/Src/sysmem.o
                0x08002dcc                _sbrk
 .text.SystemInit
                0x08002e38       0x24 ./Core/Src/system_stm32f7xx.o
                0x08002e38                SystemInit
 .text.telem_send
                0x08002e5c      0x114 ./Core/Src/telem.o
                0x08002e5c                telem_send
 .text.Xsens_Update
                0x08002f70       0x88 ./Core/Src/xsens.o
                0x08002f70                Xsens_Update
 .text.imu_callback
                0x08002ff8      0x1b8 ./Core/Src/xsens.o
                0x08002ff8                imu_callback
 .text.xsens_mdata2_process
                0x080031b0      0x1a0 ./Core/Src/xsens/xsens_mdata2.o
                0x080031b0                xsens_mdata2_process
 .text.xsens_mdata2_decode_field
                0x08003350      0x250 ./Core/Src/xsens/xsens_mdata2.o
                0x08003350                xsens_mdata2_decode_field
 .text.xsens_mti_parse
                0x080035a0      0x148 ./Core/Src/xsens/xsens_mti.o
                0x080035a0                xsens_mti_parse
 .text.xsens_mti_reset_parser
                0x080036e8       0x30 ./Core/Src/xsens/xsens_mti.o
                0x080036e8                xsens_mti_reset_parser
 .text.xsens_mti_handle_payload
                0x08003718       0x44 ./Core/Src/xsens/xsens_mti.o
                0x08003718                xsens_mti_handle_payload
 .text.xsens_mti_find_inbound_handler_entry
                0x0800375c       0x28 ./Core/Src/xsens/xsens_mti.o
                0x0800375c                xsens_mti_find_inbound_handler_entry
 .text.xsens_mti_find_handler_entry
                0x08003784       0x4c ./Core/Src/xsens/xsens_mti.o
                0x08003784                xsens_mti_find_handler_entry
 .text.xsens_internal_handle_device_id
                0x080037d0       0x78 ./Core/Src/xsens/xsens_mti.o
                0x080037d0                xsens_internal_handle_device_id
 .text.xsens_internal_handle_product_code
                0x08003848       0x14 ./Core/Src/xsens/xsens_mti.o
                0x08003848                xsens_internal_handle_product_code
 .text.xsens_internal_handle_hardware_version
                0x0800385c       0x14 ./Core/Src/xsens/xsens_mti.o
                0x0800385c                xsens_internal_handle_hardware_version
 .text.xsens_internal_handle_firmware_version
                0x08003870       0x3a ./Core/Src/xsens/xsens_mti.o
                0x08003870                xsens_internal_handle_firmware_version
 .text.xsens_internal_handle_selftest_results
                0x080038aa       0x14 ./Core/Src/xsens/xsens_mti.o
                0x080038aa                xsens_internal_handle_selftest_results
 .text.xsens_internal_handle_error
                0x080038be       0x1a ./Core/Src/xsens/xsens_mti.o
                0x080038be                xsens_internal_handle_error
 .text.xsens_internal_handle_mdata2
                0x080038d8       0x24 ./Core/Src/xsens/xsens_mti.o
                0x080038d8                xsens_internal_handle_mdata2
 .text.xsens_coalesce_16BE_16LE
                0x080038fc       0x2c ./Core/Src/xsens/xsens_utility.o
                0x080038fc                xsens_coalesce_16BE_16LE
 .text.xsens_coalesce_32BE_32LE
                0x08003928       0x38 ./Core/Src/xsens/xsens_utility.o
                0x08003928                xsens_coalesce_32BE_32LE
 .text.xsens_coalesce_32BE_F32LE
                0x08003960       0x48 ./Core/Src/xsens/xsens_utility.o
                0x08003960                xsens_coalesce_32BE_F32LE
 .text.Reset_Handler
                0x080039a8       0x50 ./Core/Startup/startup_stm32f746zgtx.o
                0x080039a8                Reset_Handler
 .text.Default_Handler
                0x080039f8        0x2 ./Core/Startup/startup_stm32f746zgtx.o
                0x080039f8                DMA1_Stream3_IRQHandler
                0x080039f8                EXTI2_IRQHandler
                0x080039f8                TIM8_CC_IRQHandler
                0x080039f8                UART8_IRQHandler
                0x080039f8                SPI4_IRQHandler
                0x080039f8                TIM1_CC_IRQHandler
                0x080039f8                DMA2_Stream5_IRQHandler
                0x080039f8                DMA1_Stream5_IRQHandler
                0x080039f8                PVD_IRQHandler
                0x080039f8                TAMP_STAMP_IRQHandler
                0x080039f8                CAN2_RX1_IRQHandler
                0x080039f8                EXTI3_IRQHandler
                0x080039f8                TIM8_TRG_COM_TIM14_IRQHandler
                0x080039f8                TIM1_UP_TIM10_IRQHandler
                0x080039f8                TIM8_UP_TIM13_IRQHandler
                0x080039f8                I2C3_ER_IRQHandler
                0x080039f8                EXTI0_IRQHandler
                0x080039f8                I2C2_EV_IRQHandler
                0x080039f8                FPU_IRQHandler
                0x080039f8                OTG_HS_WKUP_IRQHandler
                0x080039f8                LTDC_ER_IRQHandler
                0x080039f8                CAN2_SCE_IRQHandler
                0x080039f8                DMA2_Stream2_IRQHandler
                0x080039f8                SPI1_IRQHandler
                0x080039f8                TIM1_BRK_TIM9_IRQHandler
                0x080039f8                DCMI_IRQHandler
                0x080039f8                CAN2_RX0_IRQHandler
                0x080039f8                SAI2_IRQHandler
                0x080039f8                USART6_IRQHandler
                0x080039f8                USART3_IRQHandler
                0x080039f8                CAN1_RX1_IRQHandler
                0x080039f8                UART5_IRQHandler
                0x080039f8                DMA2_Stream0_IRQHandler
                0x080039f8                TIM4_IRQHandler
                0x080039f8                QUADSPI_IRQHandler
                0x080039f8                I2C1_EV_IRQHandler
                0x080039f8                DMA1_Stream6_IRQHandler
                0x080039f8                DMA1_Stream1_IRQHandler
                0x080039f8                UART4_IRQHandler
                0x080039f8                TIM3_IRQHandler
                0x080039f8                RCC_IRQHandler
                0x080039f8                TIM8_BRK_TIM12_IRQHandler
                0x080039f8                Default_Handler
                0x080039f8                CEC_IRQHandler
                0x080039f8                ADC_IRQHandler
                0x080039f8                DMA1_Stream7_IRQHandler
                0x080039f8                SPI5_IRQHandler
                0x080039f8                CAN2_TX_IRQHandler
                0x080039f8                TIM5_IRQHandler
                0x080039f8                DMA2_Stream7_IRQHandler
                0x080039f8                I2C3_EV_IRQHandler
                0x080039f8                EXTI9_5_IRQHandler
                0x080039f8                RTC_WKUP_IRQHandler
                0x080039f8                LTDC_IRQHandler
                0x080039f8                ETH_WKUP_IRQHandler
                0x080039f8                SPDIF_RX_IRQHandler
                0x080039f8                SPI2_IRQHandler
                0x080039f8                OTG_HS_EP1_IN_IRQHandler
                0x080039f8                DMA1_Stream0_IRQHandler
                0x080039f8                CAN1_TX_IRQHandler
                0x080039f8                EXTI4_IRQHandler
                0x080039f8                RNG_IRQHandler
                0x080039f8                ETH_IRQHandler
                0x080039f8                OTG_HS_EP1_OUT_IRQHandler
                0x080039f8                WWDG_IRQHandler
                0x080039f8                SPI6_IRQHandler
                0x080039f8                I2C4_EV_IRQHandler
                0x080039f8                TIM2_IRQHandler
                0x080039f8                OTG_FS_WKUP_IRQHandler
                0x080039f8                TIM1_TRG_COM_TIM11_IRQHandler
                0x080039f8                OTG_HS_IRQHandler
                0x080039f8                DMA2D_IRQHandler
                0x080039f8                EXTI1_IRQHandler
                0x080039f8                UART7_IRQHandler
                0x080039f8                USART2_IRQHandler
                0x080039f8                I2C2_ER_IRQHandler
                0x080039f8                DMA2_Stream1_IRQHandler
                0x080039f8                CAN1_SCE_IRQHandler
                0x080039f8                FLASH_IRQHandler
                0x080039f8                DMA2_Stream4_IRQHandler
                0x080039f8                USART1_IRQHandler
                0x080039f8                OTG_FS_IRQHandler
                0x080039f8                SPI3_IRQHandler
                0x080039f8                DMA1_Stream4_IRQHandler
                0x080039f8                I2C1_ER_IRQHandler
                0x080039f8                FMC_IRQHandler
                0x080039f8                LPTIM1_IRQHandler
                0x080039f8                I2C4_ER_IRQHandler
                0x080039f8                SAI1_IRQHandler
                0x080039f8                RTC_Alarm_IRQHandler
 .text.HAL_Init
                0x080039fa       0x1a ./Drivers/STM32F7xx_HAL_Driver/Src/stm32f7xx_hal.o
                0x080039fa                HAL_Init
 .text.HAL_IncTick
                0x08003a14       0x28 ./Drivers/STM32F7xx_HAL_Driver/Src/stm32f7xx_hal.o
                0x08003a14                HAL_IncTick
 .text.HAL_GetTick
                0x08003a3c       0x18 ./Drivers/STM32F7xx_HAL_Driver/Src/stm32f7xx_hal.o
                0x08003a3c                HAL_GetTick
 .text.HAL_Delay
                0x08003a54       0x48 ./Drivers/STM32F7xx_HAL_Driver/Src/stm32f7xx_hal.o
                0x08003a54                HAL_Delay
 .text.HAL_CAN_Init
                0x08003a9c      0x1f6 ./Drivers/STM32F7xx_HAL_Driver/Src/stm32f7xx_hal_can.o
                0x08003a9c                HAL_CAN_Init
 *fill*         0x08003c92        0x2 
 .text.HAL_CAN_ConfigFilter
                0x08003c94      0x1c0 ./Drivers/STM32F7xx_HAL_Driver/Src/stm32f7xx_hal_can.o
                0x08003c94                HAL_CAN_ConfigFilter
 .text.HAL_CAN_Start
                0x08003e54       0x88 ./Drivers/STM32F7xx_HAL_Driver/Src/stm32f7xx_hal_can.o
                0x08003e54                HAL_CAN_Start
 .text.HAL_CAN_AddTxMessage
                0x08003edc      0x1a0 ./Drivers/STM32F7xx_HAL_Driver/Src/stm32f7xx_hal_can.o
                0x08003edc                HAL_CAN_AddTxMessage
 .text.HAL_CAN_GetTxMailboxesFreeLevel
                0x0800407c       0x6a ./Drivers/STM32F7xx_HAL_Driver/Src/stm32f7xx_hal_can.o
                0x0800407c                HAL_CAN_GetTxMailboxesFreeLevel
 .text.HAL_CAN_GetRxMessage
                0x080040e6      0x224 ./Drivers/STM32F7xx_HAL_Driver/Src/stm32f7xx_hal_can.o
                0x080040e6                HAL_CAN_GetRxMessage
 .text.HAL_CAN_ActivateNotification
                0x0800430a       0x4c ./Drivers/STM32F7xx_HAL_Driver/Src/stm32f7xx_hal_can.o
                0x0800430a                HAL_CAN_ActivateNotification
 .text.HAL_CAN_IRQHandler
                0x08004356      0x36e ./Drivers/STM32F7xx_HAL_Driver/Src/stm32f7xx_hal_can.o
                0x08004356                HAL_CAN_IRQHandler
 .text.HAL_CAN_TxMailbox0CompleteCallback
                0x080046c4       0x14 ./Drivers/STM32F7xx_HAL_Driver/Src/stm32f7xx_hal_can.o
                0x080046c4                HAL_CAN_TxMailbox0CompleteCallback
 .text.HAL_CAN_TxMailbox1CompleteCallback
                0x080046d8       0x14 ./Drivers/STM32F7xx_HAL_Driver/Src/stm32f7xx_hal_can.o
                0x080046d8                HAL_CAN_TxMailbox1CompleteCallback
 .text.HAL_CAN_TxMailbox2CompleteCallback
                0x080046ec       0x14 ./Drivers/STM32F7xx_HAL_Driver/Src/stm32f7xx_hal_can.o
                0x080046ec                HAL_CAN_TxMailbox2CompleteCallback
 .text.HAL_CAN_TxMailbox0AbortCallback
                0x08004700       0x14 ./Drivers/STM32F7xx_HAL_Driver/Src/stm32f7xx_hal_can.o
                0x08004700                HAL_CAN_TxMailbox0AbortCallback
 .text.HAL_CAN_TxMailbox1AbortCallback
                0x08004714       0x14 ./Drivers/STM32F7xx_HAL_Driver/Src/stm32f7xx_hal_can.o
                0x08004714                HAL_CAN_TxMailbox1AbortCallback
 .text.HAL_CAN_TxMailbox2AbortCallback
                0x08004728       0x14 ./Drivers/STM32F7xx_HAL_Driver/Src/stm32f7xx_hal_can.o
                0x08004728                HAL_CAN_TxMailbox2AbortCallback
 .text.HAL_CAN_RxFifo0FullCallback
                0x0800473c       0x14 ./Drivers/STM32F7xx_HAL_Driver/Src/stm32f7xx_hal_can.o
                0x0800473c                HAL_CAN_RxFifo0FullCallback
 .text.HAL_CAN_RxFifo1MsgPendingCallback
                0x08004750       0x14 ./Drivers/STM32F7xx_HAL_Driver/Src/stm32f7xx_hal_can.o
                0x08004750                HAL_CAN_RxFifo1MsgPendingCallback
 .text.HAL_CAN_RxFifo1FullCallback
                0x08004764       0x14 ./Drivers/STM32F7xx_HAL_Driver/Src/stm32f7xx_hal_can.o
                0x08004764                HAL_CAN_RxFifo1FullCallback
 .text.HAL_CAN_SleepCallback
                0x08004778       0x14 ./Drivers/STM32F7xx_HAL_Driver/Src/stm32f7xx_hal_can.o
                0x08004778                HAL_CAN_SleepCallback
 .text.HAL_CAN_WakeUpFromRxMsgCallback
                0x0800478c       0x14 ./Drivers/STM32F7xx_HAL_Driver/Src/stm32f7xx_hal_can.o
                0x0800478c                HAL_CAN_WakeUpFromRxMsgCallback
 .text.HAL_CAN_ErrorCallback
                0x080047a0       0x14 ./Drivers/STM32F7xx_HAL_Driver/Src/stm32f7xx_hal_can.o
                0x080047a0                HAL_CAN_ErrorCallback
 .text.__NVIC_SetPriorityGrouping
                0x080047b4       0x48 ./Drivers/STM32F7xx_HAL_Driver/Src/stm32f7xx_hal_cortex.o
 .text.__NVIC_GetPriorityGrouping
                0x080047fc       0x1c ./Drivers/STM32F7xx_HAL_Driver/Src/stm32f7xx_hal_cortex.o
 .text.__NVIC_EnableIRQ
                0x08004818       0x3c ./Drivers/STM32F7xx_HAL_Driver/Src/stm32f7xx_hal_cortex.o
 .text.__NVIC_SetPriority
                0x08004854       0x54 ./Drivers/STM32F7xx_HAL_Driver/Src/stm32f7xx_hal_cortex.o
 .text.NVIC_EncodePriority
                0x080048a8       0x66 ./Drivers/STM32F7xx_HAL_Driver/Src/stm32f7xx_hal_cortex.o
 .text.HAL_NVIC_SetPriorityGrouping
                0x0800490e       0x16 ./Drivers/STM32F7xx_HAL_Driver/Src/stm32f7xx_hal_cortex.o
                0x0800490e                HAL_NVIC_SetPriorityGrouping
 .text.HAL_NVIC_SetPriority
                0x08004924       0x38 ./Drivers/STM32F7xx_HAL_Driver/Src/stm32f7xx_hal_cortex.o
                0x08004924                HAL_NVIC_SetPriority
 .text.HAL_NVIC_EnableIRQ
                0x0800495c       0x1c ./Drivers/STM32F7xx_HAL_Driver/Src/stm32f7xx_hal_cortex.o
                0x0800495c                HAL_NVIC_EnableIRQ
 .text.HAL_DMA_Init
                0x08004978      0x15c ./Drivers/STM32F7xx_HAL_Driver/Src/stm32f7xx_hal_dma.o
                0x08004978                HAL_DMA_Init
 .text.HAL_DMA_Start_IT
                0x08004ad4       0xc0 ./Drivers/STM32F7xx_HAL_Driver/Src/stm32f7xx_hal_dma.o
                0x08004ad4                HAL_DMA_Start_IT
 .text.HAL_DMA_Abort_IT
                0x08004b94       0x44 ./Drivers/STM32F7xx_HAL_Driver/Src/stm32f7xx_hal_dma.o
                0x08004b94                HAL_DMA_Abort_IT
 .text.HAL_DMA_IRQHandler
                0x08004bd8      0x314 ./Drivers/STM32F7xx_HAL_Driver/Src/stm32f7xx_hal_dma.o
                0x08004bd8                HAL_DMA_IRQHandler
 .text.HAL_DMA_GetError
                0x08004eec       0x18 ./Drivers/STM32F7xx_HAL_Driver/Src/stm32f7xx_hal_dma.o
                0x08004eec                HAL_DMA_GetError
 .text.DMA_SetConfig
                0x08004f04       0x5c ./Drivers/STM32F7xx_HAL_Driver/Src/stm32f7xx_hal_dma.o
 .text.DMA_CalcBaseAndBitshift
                0x08004f60       0x6c ./Drivers/STM32F7xx_HAL_Driver/Src/stm32f7xx_hal_dma.o
 .text.DMA_CheckFifoParam
                0x08004fcc       0xf8 ./Drivers/STM32F7xx_HAL_Driver/Src/stm32f7xx_hal_dma.o
 .text.HAL_GPIO_Init
                0x080050c4      0x358 ./Drivers/STM32F7xx_HAL_Driver/Src/stm32f7xx_hal_gpio.o
                0x080050c4                HAL_GPIO_Init
 .text.HAL_GPIO_ReadPin
                0x0800541c       0x30 ./Drivers/STM32F7xx_HAL_Driver/Src/stm32f7xx_hal_gpio.o
                0x0800541c                HAL_GPIO_ReadPin
 .text.HAL_GPIO_WritePin
                0x0800544c       0x32 ./Drivers/STM32F7xx_HAL_Driver/Src/stm32f7xx_hal_gpio.o
                0x0800544c                HAL_GPIO_WritePin
 .text.HAL_GPIO_TogglePin
                0x0800547e       0x34 ./Drivers/STM32F7xx_HAL_Driver/Src/stm32f7xx_hal_gpio.o
                0x0800547e                HAL_GPIO_TogglePin
 *fill*         0x080054b2        0x2 
 .text.HAL_GPIO_EXTI_IRQHandler
                0x080054b4       0x30 ./Drivers/STM32F7xx_HAL_Driver/Src/stm32f7xx_hal_gpio.o
                0x080054b4                HAL_GPIO_EXTI_IRQHandler
 .text.HAL_PWREx_EnableOverDrive
                0x080054e4       0xa0 ./Drivers/STM32F7xx_HAL_Driver/Src/stm32f7xx_hal_pwr_ex.o
                0x080054e4                HAL_PWREx_EnableOverDrive
 .text.HAL_RCC_OscConfig
                0x08005584      0x548 ./Drivers/STM32F7xx_HAL_Driver/Src/stm32f7xx_hal_rcc.o
                0x08005584                HAL_RCC_OscConfig
 .text.HAL_RCC_ClockConfig
                0x08005acc      0x1d8 ./Drivers/STM32F7xx_HAL_Driver/Src/stm32f7xx_hal_rcc.o
                0x08005acc                HAL_RCC_ClockConfig
 .text.HAL_RCC_GetSysClockFreq
                0x08005ca4      0x208 ./Drivers/STM32F7xx_HAL_Driver/Src/stm32f7xx_hal_rcc.o
                0x08005ca4                HAL_RCC_GetSysClockFreq
 .text.HAL_RCC_GetHCLKFreq
                0x08005eac       0x18 ./Drivers/STM32F7xx_HAL_Driver/Src/stm32f7xx_hal_rcc.o
                0x08005eac                HAL_RCC_GetHCLKFreq
 .text.HAL_RCC_GetPCLK1Freq
                0x08005ec4       0x28 ./Drivers/STM32F7xx_HAL_Driver/Src/stm32f7xx_hal_rcc.o
                0x08005ec4                HAL_RCC_GetPCLK1Freq
 .text.HAL_RCC_GetPCLK2Freq
                0x08005eec       0x28 ./Drivers/STM32F7xx_HAL_Driver/Src/stm32f7xx_hal_rcc.o
                0x08005eec                HAL_RCC_GetPCLK2Freq
 .text.HAL_RCC_GetClockConfig
                0x08005f14       0x64 ./Drivers/STM32F7xx_HAL_Driver/Src/stm32f7xx_hal_rcc.o
                0x08005f14                HAL_RCC_GetClockConfig
 .text.HAL_RCCEx_PeriphCLKConfig
                0x08005f78      0x7e0 ./Drivers/STM32F7xx_HAL_Driver/Src/stm32f7xx_hal_rcc_ex.o
                0x08005f78                HAL_RCCEx_PeriphCLKConfig
 .text.HAL_SD_Init
                0x08006758       0x60 ./Drivers/STM32F7xx_HAL_Driver/Src/stm32f7xx_hal_sd.o
                0x08006758                HAL_SD_Init
 .text.HAL_SD_InitCard
                0x080067b8      0x110 ./Drivers/STM32F7xx_HAL_Driver/Src/stm32f7xx_hal_sd.o
                0x080067b8                HAL_SD_InitCard
 .text.HAL_SD_ReadBlocks_DMA
                0x080068c8      0x1c4 ./Drivers/STM32F7xx_HAL_Driver/Src/stm32f7xx_hal_sd.o
                0x080068c8                HAL_SD_ReadBlocks_DMA
 .text.HAL_SD_WriteBlocks_DMA
                0x08006a8c      0x1cc ./Drivers/STM32F7xx_HAL_Driver/Src/stm32f7xx_hal_sd.o
                0x08006a8c                HAL_SD_WriteBlocks_DMA
 .text.HAL_SD_IRQHandler
                0x08006c58      0x2ec ./Drivers/STM32F7xx_HAL_Driver/Src/stm32f7xx_hal_sd.o
                0x08006c58                HAL_SD_IRQHandler
 .text.HAL_SD_ErrorCallback
                0x08006f44       0x14 ./Drivers/STM32F7xx_HAL_Driver/Src/stm32f7xx_hal_sd.o
                0x08006f44                HAL_SD_ErrorCallback
 .text.HAL_SD_GetCardCSD
                0x08006f58      0x348 ./Drivers/STM32F7xx_HAL_Driver/Src/stm32f7xx_hal_sd.o
                0x08006f58                HAL_SD_GetCardCSD
 .text.HAL_SD_GetCardInfo
                0x080072a0       0x58 ./Drivers/STM32F7xx_HAL_Driver/Src/stm32f7xx_hal_sd.o
                0x080072a0                HAL_SD_GetCardInfo
 .text.HAL_SD_ConfigWideBusOperation
                0x080072f8      0x134 ./Drivers/STM32F7xx_HAL_Driver/Src/stm32f7xx_hal_sd.o
                0x080072f8                HAL_SD_ConfigWideBusOperation
 .text.HAL_SD_GetCardState
                0x0800742c       0x40 ./Drivers/STM32F7xx_HAL_Driver/Src/stm32f7xx_hal_sd.o
                0x0800742c                HAL_SD_GetCardState
 .text.SD_DMATransmitCplt
                0x0800746c       0x2a ./Drivers/STM32F7xx_HAL_Driver/Src/stm32f7xx_hal_sd.o
 .text.SD_DMAReceiveCplt
                0x08007496       0x70 ./Drivers/STM32F7xx_HAL_Driver/Src/stm32f7xx_hal_sd.o
 *fill*         0x08007506        0x2 
 .text.SD_DMAError
                0x08007508       0xa4 ./Drivers/STM32F7xx_HAL_Driver/Src/stm32f7xx_hal_sd.o
 .text.SD_DMATxAbort
                0x080075ac       0x6e ./Drivers/STM32F7xx_HAL_Driver/Src/stm32f7xx_hal_sd.o
 .text.SD_DMARxAbort
                0x0800761a       0x6e ./Drivers/STM32F7xx_HAL_Driver/Src/stm32f7xx_hal_sd.o
 .text.SD_InitCard
                0x08007688      0x19c ./Drivers/STM32F7xx_HAL_Driver/Src/stm32f7xx_hal_sd.o
 .text.SD_PowerON
                0x08007824      0x11c ./Drivers/STM32F7xx_HAL_Driver/Src/stm32f7xx_hal_sd.o
 .text.SD_SendStatus
                0x08007940       0x50 ./Drivers/STM32F7xx_HAL_Driver/Src/stm32f7xx_hal_sd.o
 .text.SD_WideBus_Enable
                0x08007990       0x96 ./Drivers/STM32F7xx_HAL_Driver/Src/stm32f7xx_hal_sd.o
 .text.SD_WideBus_Disable
                0x08007a26       0x96 ./Drivers/STM32F7xx_HAL_Driver/Src/stm32f7xx_hal_sd.o
 .text.SD_FindSCR
                0x08007abc      0x1a6 ./Drivers/STM32F7xx_HAL_Driver/Src/stm32f7xx_hal_sd.o
 .text.SD_Read_IT
                0x08007c62       0xa2 ./Drivers/STM32F7xx_HAL_Driver/Src/stm32f7xx_hal_sd.o
 .text.SD_Write_IT
                0x08007d04       0xaa ./Drivers/STM32F7xx_HAL_Driver/Src/stm32f7xx_hal_sd.o
 .text.HAL_TIM_Base_Init
                0x08007dae       0xae ./Drivers/STM32F7xx_HAL_Driver/Src/stm32f7xx_hal_tim.o
                0x08007dae                HAL_TIM_Base_Init
 .text.HAL_TIM_Base_Start_IT
                0x08007e5c       0xf0 ./Drivers/STM32F7xx_HAL_Driver/Src/stm32f7xx_hal_tim.o
                0x08007e5c                HAL_TIM_Base_Start_IT
 .text.HAL_TIM_IRQHandler
                0x08007f4c      0x23e ./Drivers/STM32F7xx_HAL_Driver/Src/stm32f7xx_hal_tim.o
                0x08007f4c                HAL_TIM_IRQHandler
 *fill*         0x0800818a        0x2 
 .text.HAL_TIM_ConfigClockSource
                0x0800818c      0x194 ./Drivers/STM32F7xx_HAL_Driver/Src/stm32f7xx_hal_tim.o
                0x0800818c                HAL_TIM_ConfigClockSource
 .text.HAL_TIM_SlaveConfigSynchro
                0x08008320       0x84 ./Drivers/STM32F7xx_HAL_Driver/Src/stm32f7xx_hal_tim.o
                0x08008320                HAL_TIM_SlaveConfigSynchro
 .text.HAL_TIM_OC_DelayElapsedCallback
                0x080083a4       0x14 ./Drivers/STM32F7xx_HAL_Driver/Src/stm32f7xx_hal_tim.o
                0x080083a4                HAL_TIM_OC_DelayElapsedCallback
 .text.HAL_TIM_IC_CaptureCallback
                0x080083b8       0x14 ./Drivers/STM32F7xx_HAL_Driver/Src/stm32f7xx_hal_tim.o
                0x080083b8                HAL_TIM_IC_CaptureCallback
 .text.HAL_TIM_PWM_PulseFinishedCallback
                0x080083cc       0x14 ./Drivers/STM32F7xx_HAL_Driver/Src/stm32f7xx_hal_tim.o
                0x080083cc                HAL_TIM_PWM_PulseFinishedCallback
 .text.HAL_TIM_TriggerCallback
                0x080083e0       0x14 ./Drivers/STM32F7xx_HAL_Driver/Src/stm32f7xx_hal_tim.o
                0x080083e0                HAL_TIM_TriggerCallback
 .text.TIM_Base_SetConfig
                0x080083f4      0x140 ./Drivers/STM32F7xx_HAL_Driver/Src/stm32f7xx_hal_tim.o
                0x080083f4                TIM_Base_SetConfig
 .text.TIM_SlaveTimer_SetConfig
                0x08008534      0x128 ./Drivers/STM32F7xx_HAL_Driver/Src/stm32f7xx_hal_tim.o
 .text.TIM_TI1_ConfigInputStage
                0x0800865c       0x5e ./Drivers/STM32F7xx_HAL_Driver/Src/stm32f7xx_hal_tim.o
 .text.TIM_TI2_ConfigInputStage
                0x080086ba       0x60 ./Drivers/STM32F7xx_HAL_Driver/Src/stm32f7xx_hal_tim.o
 .text.TIM_ITRx_SetConfig
                0x0800871a       0x36 ./Drivers/STM32F7xx_HAL_Driver/Src/stm32f7xx_hal_tim.o
 .text.TIM_ETR_SetConfig
                0x08008750       0x40 ./Drivers/STM32F7xx_HAL_Driver/Src/stm32f7xx_hal_tim.o
                0x08008750                TIM_ETR_SetConfig
 .text.HAL_TIMEx_MasterConfigSynchronization
                0x08008790      0x11c ./Drivers/STM32F7xx_HAL_Driver/Src/stm32f7xx_hal_tim_ex.o
                0x08008790                HAL_TIMEx_MasterConfigSynchronization
 .text.HAL_TIMEx_CommutCallback
                0x080088ac       0x14 ./Drivers/STM32F7xx_HAL_Driver/Src/stm32f7xx_hal_tim_ex.o
                0x080088ac                HAL_TIMEx_CommutCallback
 .text.HAL_TIMEx_BreakCallback
                0x080088c0       0x14 ./Drivers/STM32F7xx_HAL_Driver/Src/stm32f7xx_hal_tim_ex.o
                0x080088c0                HAL_TIMEx_BreakCallback
 .text.HAL_TIMEx_Break2Callback
                0x080088d4       0x14 ./Drivers/STM32F7xx_HAL_Driver/Src/stm32f7xx_hal_tim_ex.o
                0x080088d4                HAL_TIMEx_Break2Callback
 .text.HAL_UART_Init
                0x080088e8       0x9c ./Drivers/STM32F7xx_HAL_Driver/Src/stm32f7xx_hal_uart.o
                0x080088e8                HAL_UART_Init
 .text.HAL_UART_Transmit
                0x08008984      0x106 ./Drivers/STM32F7xx_HAL_Driver/Src/stm32f7xx_hal_uart.o
                0x08008984                HAL_UART_Transmit
 .text.HAL_UART_Receive_DMA
                0x08008a8a       0x88 ./Drivers/STM32F7xx_HAL_Driver/Src/stm32f7xx_hal_uart.o
                0x08008a8a                HAL_UART_Receive_DMA
 .text.HAL_UART_RxCpltCallback
                0x08008b12       0x14 ./Drivers/STM32F7xx_HAL_Driver/Src/stm32f7xx_hal_uart.o
                0x08008b12                HAL_UART_RxCpltCallback
 .text.HAL_UART_RxHalfCpltCallback
                0x08008b26       0x14 ./Drivers/STM32F7xx_HAL_Driver/Src/stm32f7xx_hal_uart.o
                0x08008b26                HAL_UART_RxHalfCpltCallback
 .text.HAL_UART_ErrorCallback
                0x08008b3a       0x14 ./Drivers/STM32F7xx_HAL_Driver/Src/stm32f7xx_hal_uart.o
                0x08008b3a                HAL_UART_ErrorCallback
 .text.HAL_UARTEx_RxEventCallback
                0x08008b4e       0x18 ./Drivers/STM32F7xx_HAL_Driver/Src/stm32f7xx_hal_uart.o
                0x08008b4e                HAL_UARTEx_RxEventCallback
 *fill*         0x08008b66        0x2 
 .text.UART_SetConfig
                0x08008b68      0x4c8 ./Drivers/STM32F7xx_HAL_Driver/Src/stm32f7xx_hal_uart.o
                0x08008b68                UART_SetConfig
 .text.UART_AdvFeatureConfig
                0x08009030      0x144 ./Drivers/STM32F7xx_HAL_Driver/Src/stm32f7xx_hal_uart.o
                0x08009030                UART_AdvFeatureConfig
 .text.UART_CheckIdleState
                0x08009174       0x6e ./Drivers/STM32F7xx_HAL_Driver/Src/stm32f7xx_hal_uart.o
                0x08009174                UART_CheckIdleState
 .text.UART_WaitOnFlagUntilTimeout
                0x080091e2      0x18c ./Drivers/STM32F7xx_HAL_Driver/Src/stm32f7xx_hal_uart.o
                0x080091e2                UART_WaitOnFlagUntilTimeout
 *fill*         0x0800936e        0x2 
 .text.UART_Start_Receive_DMA
                0x08009370      0x140 ./Drivers/STM32F7xx_HAL_Driver/Src/stm32f7xx_hal_uart.o
                0x08009370                UART_Start_Receive_DMA
 .text.UART_EndTxTransfer
                0x080094b0       0x4c ./Drivers/STM32F7xx_HAL_Driver/Src/stm32f7xx_hal_uart.o
 .text.UART_EndRxTransfer
                0x080094fc       0xc8 ./Drivers/STM32F7xx_HAL_Driver/Src/stm32f7xx_hal_uart.o
 .text.UART_DMAReceiveCplt
                0x080095c4      0x128 ./Drivers/STM32F7xx_HAL_Driver/Src/stm32f7xx_hal_uart.o
 .text.UART_DMARxHalfCplt
                0x080096ec       0x3e ./Drivers/STM32F7xx_HAL_Driver/Src/stm32f7xx_hal_uart.o
 .text.UART_DMAError
                0x0800972a       0x7e ./Drivers/STM32F7xx_HAL_Driver/Src/stm32f7xx_hal_uart.o
 .text.SDMMC_Init
                0x080097a8       0x58 ./Drivers/STM32F7xx_HAL_Driver/Src/stm32f7xx_ll_sdmmc.o
                0x080097a8                SDMMC_Init
 .text.SDMMC_ReadFIFO
                0x08009800       0x1a ./Drivers/STM32F7xx_HAL_Driver/Src/stm32f7xx_ll_sdmmc.o
                0x08009800                SDMMC_ReadFIFO
 .text.SDMMC_WriteFIFO
                0x0800981a       0x22 ./Drivers/STM32F7xx_HAL_Driver/Src/stm32f7xx_ll_sdmmc.o
                0x0800981a                SDMMC_WriteFIFO
 .text.SDMMC_PowerState_ON
                0x0800983c       0x1c ./Drivers/STM32F7xx_HAL_Driver/Src/stm32f7xx_ll_sdmmc.o
                0x0800983c                SDMMC_PowerState_ON
 .text.SDMMC_GetPowerState
                0x08009858       0x1c ./Drivers/STM32F7xx_HAL_Driver/Src/stm32f7xx_ll_sdmmc.o
                0x08009858                SDMMC_GetPowerState
 .text.SDMMC_SendCommand
                0x08009874       0x54 ./Drivers/STM32F7xx_HAL_Driver/Src/stm32f7xx_ll_sdmmc.o
                0x08009874                SDMMC_SendCommand
 .text.SDMMC_GetCommandResponse
                0x080098c8       0x1a ./Drivers/STM32F7xx_HAL_Driver/Src/stm32f7xx_ll_sdmmc.o
                0x080098c8                SDMMC_GetCommandResponse
 .text.SDMMC_GetResponse
                0x080098e2       0x26 ./Drivers/STM32F7xx_HAL_Driver/Src/stm32f7xx_ll_sdmmc.o
                0x080098e2                SDMMC_GetResponse
 .text.SDMMC_ConfigData
                0x08009908       0x58 ./Drivers/STM32F7xx_HAL_Driver/Src/stm32f7xx_ll_sdmmc.o
                0x08009908                SDMMC_ConfigData
 .text.SDMMC_CmdBlockLength
                0x08009960       0x44 ./Drivers/STM32F7xx_HAL_Driver/Src/stm32f7xx_ll_sdmmc.o
                0x08009960                SDMMC_CmdBlockLength
 .text.SDMMC_CmdReadSingleBlock
                0x080099a4       0x44 ./Drivers/STM32F7xx_HAL_Driver/Src/stm32f7xx_ll_sdmmc.o
                0x080099a4                SDMMC_CmdReadSingleBlock
 .text.SDMMC_CmdReadMultiBlock
                0x080099e8       0x44 ./Drivers/STM32F7xx_HAL_Driver/Src/stm32f7xx_ll_sdmmc.o
                0x080099e8                SDMMC_CmdReadMultiBlock
 .text.SDMMC_CmdWriteSingleBlock
                0x08009a2c       0x44 ./Drivers/STM32F7xx_HAL_Driver/Src/stm32f7xx_ll_sdmmc.o
                0x08009a2c                SDMMC_CmdWriteSingleBlock
 .text.SDMMC_CmdWriteMultiBlock
                0x08009a70       0x44 ./Drivers/STM32F7xx_HAL_Driver/Src/stm32f7xx_ll_sdmmc.o
                0x08009a70                SDMMC_CmdWriteMultiBlock
 .text.SDMMC_CmdStopTransfer
                0x08009ab4       0x44 ./Drivers/STM32F7xx_HAL_Driver/Src/stm32f7xx_ll_sdmmc.o
                0x08009ab4                SDMMC_CmdStopTransfer
 .text.SDMMC_CmdSelDesel
                0x08009af8       0x46 ./Drivers/STM32F7xx_HAL_Driver/Src/stm32f7xx_ll_sdmmc.o
                0x08009af8                SDMMC_CmdSelDesel
 .text.SDMMC_CmdGoIdleState
                0x08009b3e       0x3c ./Drivers/STM32F7xx_HAL_Driver/Src/stm32f7xx_ll_sdmmc.o
                0x08009b3e                SDMMC_CmdGoIdleState
 .text.SDMMC_CmdOperCond
                0x08009b7a       0x3e ./Drivers/STM32F7xx_HAL_Driver/Src/stm32f7xx_ll_sdmmc.o
                0x08009b7a                SDMMC_CmdOperCond
 .text.SDMMC_CmdAppCommand
                0x08009bb8       0x44 ./Drivers/STM32F7xx_HAL_Driver/Src/stm32f7xx_ll_sdmmc.o
                0x08009bb8                SDMMC_CmdAppCommand
 .text.SDMMC_CmdAppOperCommand
                0x08009bfc       0x48 ./Drivers/STM32F7xx_HAL_Driver/Src/stm32f7xx_ll_sdmmc.o
                0x08009bfc                SDMMC_CmdAppOperCommand
 .text.SDMMC_CmdBusWidth
                0x08009c44       0x44 ./Drivers/STM32F7xx_HAL_Driver/Src/stm32f7xx_ll_sdmmc.o
                0x08009c44                SDMMC_CmdBusWidth
 .text.SDMMC_CmdSendSCR
                0x08009c88       0x42 ./Drivers/STM32F7xx_HAL_Driver/Src/stm32f7xx_ll_sdmmc.o
                0x08009c88                SDMMC_CmdSendSCR
 .text.SDMMC_CmdSendCID
                0x08009cca       0x3c ./Drivers/STM32F7xx_HAL_Driver/Src/stm32f7xx_ll_sdmmc.o
                0x08009cca                SDMMC_CmdSendCID
 .text.SDMMC_CmdSendCSD
                0x08009d06       0x3e ./Drivers/STM32F7xx_HAL_Driver/Src/stm32f7xx_ll_sdmmc.o
                0x08009d06                SDMMC_CmdSendCSD
 .text.SDMMC_CmdSetRelAdd
                0x08009d44       0x42 ./Drivers/STM32F7xx_HAL_Driver/Src/stm32f7xx_ll_sdmmc.o
                0x08009d44                SDMMC_CmdSetRelAdd
 .text.SDMMC_CmdSendStatus
                0x08009d86       0x44 ./Drivers/STM32F7xx_HAL_Driver/Src/stm32f7xx_ll_sdmmc.o
                0x08009d86                SDMMC_CmdSendStatus
 *fill*         0x08009dca        0x2 
 .text.SDMMC_GetCmdResp1
                0x08009dcc      0x1dc ./Drivers/STM32F7xx_HAL_Driver/Src/stm32f7xx_ll_sdmmc.o
                0x08009dcc                SDMMC_GetCmdResp1
 .text.SDMMC_GetCmdResp2
                0x08009fa8       0x90 ./Drivers/STM32F7xx_HAL_Driver/Src/stm32f7xx_ll_sdmmc.o
                0x08009fa8                SDMMC_GetCmdResp2
 .text.SDMMC_GetCmdResp3
                0x0800a038       0x7c ./Drivers/STM32F7xx_HAL_Driver/Src/stm32f7xx_ll_sdmmc.o
                0x0800a038                SDMMC_GetCmdResp3
 .text.SDMMC_GetCmdResp6
                0x0800a0b4       0xec ./Drivers/STM32F7xx_HAL_Driver/Src/stm32f7xx_ll_sdmmc.o
                0x0800a0b4                SDMMC_GetCmdResp6
 .text.SDMMC_GetCmdResp7
                0x0800a1a0       0x9c ./Drivers/STM32F7xx_HAL_Driver/Src/stm32f7xx_ll_sdmmc.o
                0x0800a1a0                SDMMC_GetCmdResp7
 .text.SDMMC_GetCmdError
                0x0800a23c       0x58 ./Drivers/STM32F7xx_HAL_Driver/Src/stm32f7xx_ll_sdmmc.o
 .text.MX_FATFS_Init
                0x0800a294       0x24 ./FATFS/App/fatfs.o
                0x0800a294                MX_FATFS_Init
 .text.get_fattime
                0x0800a2b8       0x10 ./FATFS/App/fatfs.o
                0x0800a2b8                get_fattime
 .text.BSP_SD_Init
                0x0800a2c8       0x4c ./FATFS/Target/bsp_driver_sd.o
                0x0800a2c8                BSP_SD_Init
 .text.BSP_SD_ReadBlocks_DMA
                0x0800a314       0x34 ./FATFS/Target/bsp_driver_sd.o
                0x0800a314                BSP_SD_ReadBlocks_DMA
 .text.BSP_SD_WriteBlocks_DMA
                0x0800a348       0x34 ./FATFS/Target/bsp_driver_sd.o
                0x0800a348                BSP_SD_WriteBlocks_DMA
 .text.BSP_SD_GetCardState
                0x0800a37c       0x20 ./FATFS/Target/bsp_driver_sd.o
                0x0800a37c                BSP_SD_GetCardState
 .text.BSP_SD_GetCardInfo
                0x0800a39c       0x1c ./FATFS/Target/bsp_driver_sd.o
                0x0800a39c                BSP_SD_GetCardInfo
 .text.HAL_SD_AbortCallback
                0x0800a3b8       0x14 ./FATFS/Target/bsp_driver_sd.o
                0x0800a3b8                HAL_SD_AbortCallback
 .text.HAL_SD_TxCpltCallback
                0x0800a3cc       0x14 ./FATFS/Target/bsp_driver_sd.o
                0x0800a3cc                HAL_SD_TxCpltCallback
 .text.HAL_SD_RxCpltCallback
                0x0800a3e0       0x14 ./FATFS/Target/bsp_driver_sd.o
                0x0800a3e0                HAL_SD_RxCpltCallback
 .text.BSP_SD_AbortCallback
                0x0800a3f4        0xe ./FATFS/Target/bsp_driver_sd.o
                0x0800a3f4                BSP_SD_AbortCallback
 .text.BSP_SD_IsDetected
                0x0800a402       0x24 ./FATFS/Target/bsp_driver_sd.o
                0x0800a402                BSP_SD_IsDetected
 *fill*         0x0800a426        0x2 
 .text.BSP_PlatformIsDetected
                0x0800a428       0x30 ./FATFS/Target/fatfs_platform.o
                0x0800a428                BSP_PlatformIsDetected
 .text.SD_CheckStatusWithTimeout
                0x0800a458       0x3a ./FATFS/Target/sd_diskio.o
 *fill*         0x0800a492        0x2 
 .text.SD_CheckStatus
                0x0800a494       0x3c ./FATFS/Target/sd_diskio.o
 .text.SD_initialize
                0x0800a4d0       0x84 ./FATFS/Target/sd_diskio.o
                0x0800a4d0                SD_initialize
 .text.SD_status
                0x0800a554       0x1c ./FATFS/Target/sd_diskio.o
                0x0800a554                SD_status
 .text.SD_read  0x0800a570       0x94 ./FATFS/Target/sd_diskio.o
                0x0800a570                SD_read
 .text.SD_write
                0x0800a604       0x90 ./FATFS/Target/sd_diskio.o
                0x0800a604                SD_write
 .text.SD_ioctl
                0x0800a694       0xb0 ./FATFS/Target/sd_diskio.o
                0x0800a694                SD_ioctl
 .text.BSP_SD_WriteCpltCallback
                0x0800a744       0x24 ./FATFS/Target/sd_diskio.o
                0x0800a744                BSP_SD_WriteCpltCallback
 .text.BSP_SD_ReadCpltCallback
                0x0800a768       0x24 ./FATFS/Target/sd_diskio.o
                0x0800a768                BSP_SD_ReadCpltCallback
 .text.disk_status
                0x0800a78c       0x34 ./Middlewares/Third_Party/FatFs/src/diskio.o
                0x0800a78c                disk_status
 .text.disk_initialize
                0x0800a7c0       0x4c ./Middlewares/Third_Party/FatFs/src/diskio.o
                0x0800a7c0                disk_initialize
 .text.disk_read
                0x0800a80c       0x40 ./Middlewares/Third_Party/FatFs/src/diskio.o
                0x0800a80c                disk_read
 .text.disk_write
                0x0800a84c       0x40 ./Middlewares/Third_Party/FatFs/src/diskio.o
                0x0800a84c                disk_write
 .text.disk_ioctl
                0x0800a88c       0x3c ./Middlewares/Third_Party/FatFs/src/diskio.o
                0x0800a88c                disk_ioctl
 .text.ld_word  0x0800a8c8       0x32 ./Middlewares/Third_Party/FatFs/src/ff.o
 .text.ld_dword
                0x0800a8fa       0x46 ./Middlewares/Third_Party/FatFs/src/ff.o
 .text.st_word  0x0800a940       0x36 ./Middlewares/Third_Party/FatFs/src/ff.o
 .text.st_dword
                0x0800a976       0x58 ./Middlewares/Third_Party/FatFs/src/ff.o
 .text.mem_cpy  0x0800a9ce       0x42 ./Middlewares/Third_Party/FatFs/src/ff.o
 .text.mem_set  0x0800aa10       0x36 ./Middlewares/Third_Party/FatFs/src/ff.o
 .text.mem_cmp  0x0800aa46       0x4e ./Middlewares/Third_Party/FatFs/src/ff.o
 .text.chk_chr  0x0800aa94       0x36 ./Middlewares/Third_Party/FatFs/src/ff.o
 .text.lock_fs  0x0800aaca       0x2c ./Middlewares/Third_Party/FatFs/src/ff.o
 .text.unlock_fs
                0x0800aaf6       0x36 ./Middlewares/Third_Party/FatFs/src/ff.o
 .text.chk_lock
                0x0800ab2c       0xb8 ./Middlewares/Third_Party/FatFs/src/ff.o
 .text.enq_lock
                0x0800abe4       0x44 ./Middlewares/Third_Party/FatFs/src/ff.o
 .text.inc_lock
                0x0800ac28      0x11c ./Middlewares/Third_Party/FatFs/src/ff.o
 .text.dec_lock
                0x0800ad44       0x78 ./Middlewares/Third_Party/FatFs/src/ff.o
 .text.clear_lock
                0x0800adbc       0x48 ./Middlewares/Third_Party/FatFs/src/ff.o
 .text.sync_window
                0x0800ae04       0x88 ./Middlewares/Third_Party/FatFs/src/ff.o
 .text.move_window
                0x0800ae8c       0x5a ./Middlewares/Third_Party/FatFs/src/ff.o
 *fill*         0x0800aee6        0x2 
 .text.sync_fs  0x0800aee8       0xe0 ./Middlewares/Third_Party/FatFs/src/ff.o
 .text.clust2sect
                0x0800afc8       0x3e ./Middlewares/Third_Party/FatFs/src/ff.o
 .text.get_fat  0x0800b006      0x1a6 ./Middlewares/Third_Party/FatFs/src/ff.o
 .text.put_fat  0x0800b1ac      0x234 ./Middlewares/Third_Party/FatFs/src/ff.o
 .text.remove_chain
                0x0800b3e0       0xca ./Middlewares/Third_Party/FatFs/src/ff.o
 .text.create_chain
                0x0800b4aa      0x130 ./Middlewares/Third_Party/FatFs/src/ff.o
 .text.clmt_clust
                0x0800b5da       0x70 ./Middlewares/Third_Party/FatFs/src/ff.o
 .text.dir_sdi  0x0800b64a      0x112 ./Middlewares/Third_Party/FatFs/src/ff.o
 .text.dir_next
                0x0800b75c      0x1ac ./Middlewares/Third_Party/FatFs/src/ff.o
 .text.dir_alloc
                0x0800b908       0x8e ./Middlewares/Third_Party/FatFs/src/ff.o
 .text.ld_clust
                0x0800b996       0x3e ./Middlewares/Third_Party/FatFs/src/ff.o
 .text.st_clust
                0x0800b9d4       0x40 ./Middlewares/Third_Party/FatFs/src/ff.o
 .text.dir_find
                0x0800ba14       0xaa ./Middlewares/Third_Party/FatFs/src/ff.o
 .text.dir_register
                0x0800babe       0x64 ./Middlewares/Third_Party/FatFs/src/ff.o
 *fill*         0x0800bb22        0x2 
 .text.create_name
                0x0800bb24      0x128 ./Middlewares/Third_Party/FatFs/src/ff.o
 .text.follow_path
                0x0800bc4c       0xec ./Middlewares/Third_Party/FatFs/src/ff.o
 .text.get_ldnumber
                0x0800bd38       0x88 ./Middlewares/Third_Party/FatFs/src/ff.o
 .text.check_fs
                0x0800bdc0       0xac ./Middlewares/Third_Party/FatFs/src/ff.o
 .text.find_volume
                0x0800be6c      0x510 ./Middlewares/Third_Party/FatFs/src/ff.o
 .text.validate
                0x0800c37c       0x8e ./Middlewares/Third_Party/FatFs/src/ff.o
 *fill*         0x0800c40a        0x2 
 .text.f_mount  0x0800c40c       0xc8 ./Middlewares/Third_Party/FatFs/src/ff.o
                0x0800c40c                f_mount
 .text.f_open   0x0800c4d4      0x39e ./Middlewares/Third_Party/FatFs/src/ff.o
                0x0800c4d4                f_open
 .text.f_write  0x0800c872      0x386 ./Middlewares/Third_Party/FatFs/src/ff.o
                0x0800c872                f_write
 .text.f_sync   0x0800cbf8      0x112 ./Middlewares/Third_Party/FatFs/src/ff.o
                0x0800cbf8                f_sync
 .text.f_close  0x0800cd0a       0x5e ./Middlewares/Third_Party/FatFs/src/ff.o
                0x0800cd0a                f_close
 .text.FATFS_LinkDriverEx
                0x0800cd68       0x98 ./Middlewares/Third_Party/FatFs/src/ff_gen_drv.o
                0x0800cd68                FATFS_LinkDriverEx
 .text.FATFS_LinkDriver
                0x0800ce00       0x1e ./Middlewares/Third_Party/FatFs/src/ff_gen_drv.o
                0x0800ce00                FATFS_LinkDriver
 .text.ff_cre_syncobj
                0x0800ce1e       0x36 ./Middlewares/Third_Party/FatFs/src/option/syscall.o
                0x0800ce1e                ff_cre_syncobj
 .text.ff_del_syncobj
                0x0800ce54       0x18 ./Middlewares/Third_Party/FatFs/src/option/syscall.o
                0x0800ce54                ff_del_syncobj
 .text.ff_req_grant
                0x0800ce6c       0x2a ./Middlewares/Third_Party/FatFs/src/option/syscall.o
                0x0800ce6c                ff_req_grant
 .text.ff_rel_grant
                0x0800ce96       0x16 ./Middlewares/Third_Party/FatFs/src/option/syscall.o
                0x0800ce96                ff_rel_grant
 .text.SVC_Setup
                0x0800ceac        0xe ./Middlewares/Third_Party/FreeRTOS/Source/CMSIS_RTOS_V2/cmsis_os2.o
 *fill*         0x0800ceba        0x2 
 .text.osKernelInitialize
                0x0800cebc       0x68 ./Middlewares/Third_Party/FreeRTOS/Source/CMSIS_RTOS_V2/cmsis_os2.o
                0x0800cebc                osKernelInitialize
 .text.osKernelGetState
                0x0800cf24       0x44 ./Middlewares/Third_Party/FreeRTOS/Source/CMSIS_RTOS_V2/cmsis_os2.o
                0x0800cf24                osKernelGetState
 .text.osKernelStart
                0x0800cf68       0x6c ./Middlewares/Third_Party/FreeRTOS/Source/CMSIS_RTOS_V2/cmsis_os2.o
                0x0800cf68                osKernelStart
 .text.osKernelGetTickCount
                0x0800cfd4       0x50 ./Middlewares/Third_Party/FreeRTOS/Source/CMSIS_RTOS_V2/cmsis_os2.o
                0x0800cfd4                osKernelGetTickCount
 .text.osThreadNew
                0x0800d024      0x14c ./Middlewares/Third_Party/FreeRTOS/Source/CMSIS_RTOS_V2/cmsis_os2.o
                0x0800d024                osThreadNew
 .text.osThreadGetId
                0x0800d170       0x16 ./Middlewares/Third_Party/FreeRTOS/Source/CMSIS_RTOS_V2/cmsis_os2.o
                0x0800d170                osThreadGetId
 *fill*         0x0800d186        0x2 
 .text.osThreadTerminate
                0x0800d188       0x80 ./Middlewares/Third_Party/FreeRTOS/Source/CMSIS_RTOS_V2/cmsis_os2.o
                0x0800d188                osThreadTerminate
 .text.osDelay  0x0800d208       0x5c ./Middlewares/Third_Party/FreeRTOS/Source/CMSIS_RTOS_V2/cmsis_os2.o
                0x0800d208                osDelay
 .text.osSemaphoreNew
                0x0800d264      0x138 ./Middlewares/Third_Party/FreeRTOS/Source/CMSIS_RTOS_V2/cmsis_os2.o
                0x0800d264                osSemaphoreNew
 .text.osSemaphoreAcquire
                0x0800d39c       0xcc ./Middlewares/Third_Party/FreeRTOS/Source/CMSIS_RTOS_V2/cmsis_os2.o
                0x0800d39c                osSemaphoreAcquire
 .text.osSemaphoreRelease
                0x0800d468       0xb0 ./Middlewares/Third_Party/FreeRTOS/Source/CMSIS_RTOS_V2/cmsis_os2.o
                0x0800d468                osSemaphoreRelease
 .text.osSemaphoreDelete
                0x0800d518       0x6c ./Middlewares/Third_Party/FreeRTOS/Source/CMSIS_RTOS_V2/cmsis_os2.o
                0x0800d518                osSemaphoreDelete
 .text.osMessageQueueNew
                0x0800d584      0x10c ./Middlewares/Third_Party/FreeRTOS/Source/CMSIS_RTOS_V2/cmsis_os2.o
                0x0800d584                osMessageQueueNew
 .text.osMessageQueuePut
                0x0800d690       0xe8 ./Middlewares/Third_Party/FreeRTOS/Source/CMSIS_RTOS_V2/cmsis_os2.o
                0x0800d690                osMessageQueuePut
 .text.osMessageQueueGet
                0x0800d778       0xe4 ./Middlewares/Third_Party/FreeRTOS/Source/CMSIS_RTOS_V2/cmsis_os2.o
                0x0800d778                osMessageQueueGet
 .text.vApplicationGetIdleTaskMemory
                0x0800d85c       0x34 ./Middlewares/Third_Party/FreeRTOS/Source/CMSIS_RTOS_V2/cmsis_os2.o
                0x0800d85c                vApplicationGetIdleTaskMemory
 .text.vApplicationGetTimerTaskMemory
                0x0800d890       0x34 ./Middlewares/Third_Party/FreeRTOS/Source/CMSIS_RTOS_V2/cmsis_os2.o
                0x0800d890                vApplicationGetTimerTaskMemory
 .text.vListInitialise
                0x0800d8c4       0x40 ./Middlewares/Third_Party/FreeRTOS/Source/list.o
                0x0800d8c4                vListInitialise
 .text.vListInitialiseItem
                0x0800d904       0x1a ./Middlewares/Third_Party/FreeRTOS/Source/list.o
                0x0800d904                vListInitialiseItem
 .text.vListInsertEnd
                0x0800d91e       0x48 ./Middlewares/Third_Party/FreeRTOS/Source/list.o
                0x0800d91e                vListInsertEnd
 .text.vListInsert
                0x0800d966       0x72 ./Middlewares/Third_Party/FreeRTOS/Source/list.o
                0x0800d966                vListInsert
 .text.uxListRemove
                0x0800d9d8       0x54 ./Middlewares/Third_Party/FreeRTOS/Source/list.o
                0x0800d9d8                uxListRemove
 .text.xQueueGenericReset
                0x0800da2c       0xd8 ./Middlewares/Third_Party/FreeRTOS/Source/queue.o
                0x0800da2c                xQueueGenericReset
 .text.xQueueGenericCreateStatic
                0x0800db04      0x10e ./Middlewares/Third_Party/FreeRTOS/Source/queue.o
                0x0800db04                xQueueGenericCreateStatic
 .text.xQueueGenericCreate
                0x0800dc12       0x86 ./Middlewares/Third_Party/FreeRTOS/Source/queue.o
                0x0800dc12                xQueueGenericCreate
 .text.prvInitialiseNewQueue
                0x0800dc98       0x46 ./Middlewares/Third_Party/FreeRTOS/Source/queue.o
 .text.xQueueCreateCountingSemaphoreStatic
                0x0800dcde       0x7a ./Middlewares/Third_Party/FreeRTOS/Source/queue.o
                0x0800dcde                xQueueCreateCountingSemaphoreStatic
 .text.xQueueCreateCountingSemaphore
                0x0800dd58       0x72 ./Middlewares/Third_Party/FreeRTOS/Source/queue.o
                0x0800dd58                xQueueCreateCountingSemaphore
 *fill*         0x0800ddca        0x2 
 .text.xQueueGenericSend
                0x0800ddcc      0x214 ./Middlewares/Third_Party/FreeRTOS/Source/queue.o
                0x0800ddcc                xQueueGenericSend
 .text.xQueueGenericSendFromISR
                0x0800dfe0      0x146 ./Middlewares/Third_Party/FreeRTOS/Source/queue.o
                0x0800dfe0                xQueueGenericSendFromISR
 .text.xQueueGiveFromISR
                0x0800e126      0x130 ./Middlewares/Third_Party/FreeRTOS/Source/queue.o
                0x0800e126                xQueueGiveFromISR
 *fill*         0x0800e256        0x2 
 .text.xQueueReceive
                0x0800e258      0x1d0 ./Middlewares/Third_Party/FreeRTOS/Source/queue.o
                0x0800e258                xQueueReceive
 .text.xQueueSemaphoreTake
                0x0800e428      0x230 ./Middlewares/Third_Party/FreeRTOS/Source/queue.o
                0x0800e428                xQueueSemaphoreTake
 .text.xQueueReceiveFromISR
                0x0800e658      0x110 ./Middlewares/Third_Party/FreeRTOS/Source/queue.o
                0x0800e658                xQueueReceiveFromISR
 .text.vQueueDelete
                0x0800e768       0x4c ./Middlewares/Third_Party/FreeRTOS/Source/queue.o
                0x0800e768                vQueueDelete
 .text.prvGetDisinheritPriorityAfterTimeout
                0x0800e7b4       0x30 ./Middlewares/Third_Party/FreeRTOS/Source/queue.o
 .text.prvCopyDataToQueue
                0x0800e7e4       0xd4 ./Middlewares/Third_Party/FreeRTOS/Source/queue.o
 .text.prvCopyDataFromQueue
                0x0800e8b8       0x4c ./Middlewares/Third_Party/FreeRTOS/Source/queue.o
 .text.prvUnlockQueue
                0x0800e904       0xa4 ./Middlewares/Third_Party/FreeRTOS/Source/queue.o
 .text.prvIsQueueEmpty
                0x0800e9a8       0x2c ./Middlewares/Third_Party/FreeRTOS/Source/queue.o
 .text.prvIsQueueFull
                0x0800e9d4       0x30 ./Middlewares/Third_Party/FreeRTOS/Source/queue.o
 .text.vQueueAddToRegistry
                0x0800ea04       0x54 ./Middlewares/Third_Party/FreeRTOS/Source/queue.o
                0x0800ea04                vQueueAddToRegistry
 .text.vQueueUnregisterQueue
                0x0800ea58       0x54 ./Middlewares/Third_Party/FreeRTOS/Source/queue.o
                0x0800ea58                vQueueUnregisterQueue
 .text.vQueueWaitForMessageRestricted
                0x0800eaac       0x68 ./Middlewares/Third_Party/FreeRTOS/Source/queue.o
                0x0800eaac                vQueueWaitForMessageRestricted
 .text.xTaskCreateStatic
                0x0800eb14       0xcc ./Middlewares/Third_Party/FreeRTOS/Source/tasks.o
                0x0800eb14                xTaskCreateStatic
 .text.xTaskCreate
                0x0800ebe0       0x8a ./Middlewares/Third_Party/FreeRTOS/Source/tasks.o
                0x0800ebe0                xTaskCreate
 *fill*         0x0800ec6a        0x2 
 .text.prvInitialiseNewTask
                0x0800ec6c      0x154 ./Middlewares/Third_Party/FreeRTOS/Source/tasks.o
 .text.prvAddNewTaskToReadyList
                0x0800edc0       0xe0 ./Middlewares/Third_Party/FreeRTOS/Source/tasks.o
 .text.vTaskDelete
                0x0800eea0       0xec ./Middlewares/Third_Party/FreeRTOS/Source/tasks.o
                0x0800eea0                vTaskDelete
 .text.vTaskDelay
                0x0800ef8c       0x70 ./Middlewares/Third_Party/FreeRTOS/Source/tasks.o
                0x0800ef8c                vTaskDelay
 .text.eTaskGetState
                0x0800effc       0xd4 ./Middlewares/Third_Party/FreeRTOS/Source/tasks.o
                0x0800effc                eTaskGetState
 .text.vTaskStartScheduler
                0x0800f0d0       0xe8 ./Middlewares/Third_Party/FreeRTOS/Source/tasks.o
                0x0800f0d0                vTaskStartScheduler
 .text.vTaskSuspendAll
                0x0800f1b8       0x1c ./Middlewares/Third_Party/FreeRTOS/Source/tasks.o
                0x0800f1b8                vTaskSuspendAll
 .text.xTaskResumeAll
                0x0800f1d4      0x140 ./Middlewares/Third_Party/FreeRTOS/Source/tasks.o
                0x0800f1d4                xTaskResumeAll
 .text.xTaskGetTickCount
                0x0800f314       0x20 ./Middlewares/Third_Party/FreeRTOS/Source/tasks.o
                0x0800f314                xTaskGetTickCount
 .text.xTaskGetTickCountFromISR
                0x0800f334       0x24 ./Middlewares/Third_Party/FreeRTOS/Source/tasks.o
                0x0800f334                xTaskGetTickCountFromISR
 .text.xTaskIncrementTick
                0x0800f358      0x178 ./Middlewares/Third_Party/FreeRTOS/Source/tasks.o
                0x0800f358                xTaskIncrementTick
 .text.vTaskSwitchContext
                0x0800f4d0       0xd0 ./Middlewares/Third_Party/FreeRTOS/Source/tasks.o
                0x0800f4d0                vTaskSwitchContext
 .text.vTaskPlaceOnEventList
                0x0800f5a0       0x50 ./Middlewares/Third_Party/FreeRTOS/Source/tasks.o
                0x0800f5a0                vTaskPlaceOnEventList
 .text.vTaskPlaceOnEventListRestricted
                0x0800f5f0       0x5c ./Middlewares/Third_Party/FreeRTOS/Source/tasks.o
                0x0800f5f0                vTaskPlaceOnEventListRestricted
 .text.xTaskRemoveFromEventList
                0x0800f64c       0xcc ./Middlewares/Third_Party/FreeRTOS/Source/tasks.o
                0x0800f64c                xTaskRemoveFromEventList
 .text.vTaskInternalSetTimeOutState
                0x0800f718       0x2c ./Middlewares/Third_Party/FreeRTOS/Source/tasks.o
                0x0800f718                vTaskInternalSetTimeOutState
 .text.xTaskCheckForTimeOut
                0x0800f744       0xd0 ./Middlewares/Third_Party/FreeRTOS/Source/tasks.o
                0x0800f744                xTaskCheckForTimeOut
 .text.vTaskMissedYield
                0x0800f814       0x18 ./Middlewares/Third_Party/FreeRTOS/Source/tasks.o
                0x0800f814                vTaskMissedYield
 .text.prvIdleTask
                0x0800f82c       0x30 ./Middlewares/Third_Party/FreeRTOS/Source/tasks.o
 .text.prvInitialiseTaskLists
                0x0800f85c       0x80 ./Middlewares/Third_Party/FreeRTOS/Source/tasks.o
 .text.prvCheckTasksWaitingTermination
                0x0800f8dc       0x5c ./Middlewares/Third_Party/FreeRTOS/Source/tasks.o
 .text.prvDeleteTCB
                0x0800f938       0x6e ./Middlewares/Third_Party/FreeRTOS/Source/tasks.o
 *fill*         0x0800f9a6        0x2 
 .text.prvResetNextTaskUnblockTime
                0x0800f9a8       0x40 ./Middlewares/Third_Party/FreeRTOS/Source/tasks.o
 .text.xTaskGetCurrentTaskHandle
                0x0800f9e8       0x20 ./Middlewares/Third_Party/FreeRTOS/Source/tasks.o
                0x0800f9e8                xTaskGetCurrentTaskHandle
 .text.xTaskGetSchedulerState
                0x0800fa08       0x3c ./Middlewares/Third_Party/FreeRTOS/Source/tasks.o
                0x0800fa08                xTaskGetSchedulerState
 .text.xTaskPriorityInherit
                0x0800fa44       0xd0 ./Middlewares/Third_Party/FreeRTOS/Source/tasks.o
                0x0800fa44                xTaskPriorityInherit
 .text.xTaskPriorityDisinherit
                0x0800fb14       0xe8 ./Middlewares/Third_Party/FreeRTOS/Source/tasks.o
                0x0800fb14                xTaskPriorityDisinherit
 .text.vTaskPriorityDisinheritAfterTimeout
                0x0800fbfc      0x110 ./Middlewares/Third_Party/FreeRTOS/Source/tasks.o
                0x0800fbfc                vTaskPriorityDisinheritAfterTimeout
 .text.pvTaskIncrementMutexHeldCount
                0x0800fd0c       0x28 ./Middlewares/Third_Party/FreeRTOS/Source/tasks.o
                0x0800fd0c                pvTaskIncrementMutexHeldCount
 .text.prvAddCurrentTaskToDelayedList
                0x0800fd34       0xa8 ./Middlewares/Third_Party/FreeRTOS/Source/tasks.o
 .text.xTimerCreateTimerTask
                0x0800fddc       0x98 ./Middlewares/Third_Party/FreeRTOS/Source/timers.o
                0x0800fddc                xTimerCreateTimerTask
 .text.xTimerGenericCommand
                0x0800fe74       0xa0 ./Middlewares/Third_Party/FreeRTOS/Source/timers.o
                0x0800fe74                xTimerGenericCommand
 .text.prvProcessExpiredTimer
                0x0800ff14       0xa0 ./Middlewares/Third_Party/FreeRTOS/Source/timers.o
 .text.prvTimerTask
                0x0800ffb4       0x26 ./Middlewares/Third_Party/FreeRTOS/Source/timers.o
 *fill*         0x0800ffda        0x2 
 .text.prvProcessTimerOrBlockTask
                0x0800ffdc       0x9c ./Middlewares/Third_Party/FreeRTOS/Source/timers.o
 .text.prvGetNextExpireTime
                0x08010078       0x48 ./Middlewares/Third_Party/FreeRTOS/Source/timers.o
 .text.prvSampleTimeNow
                0x080100c0       0x40 ./Middlewares/Third_Party/FreeRTOS/Source/timers.o
 .text.prvInsertTimerInActiveList
                0x08010100       0x84 ./Middlewares/Third_Party/FreeRTOS/Source/timers.o
 .text.prvProcessReceivedCommands
                0x08010184      0x1d8 ./Middlewares/Third_Party/FreeRTOS/Source/timers.o
 .text.prvSwitchTimerLists
                0x0801035c       0xd0 ./Middlewares/Third_Party/FreeRTOS/Source/timers.o
 .text.prvCheckForValidListAndQueue
                0x0801042c       0x80 ./Middlewares/Third_Party/FreeRTOS/Source/timers.o
 .text.pxPortInitialiseStack
                0x080104ac       0x68 ./Middlewares/Third_Party/FreeRTOS/Source/portable/GCC/ARM_CM7/r0p1/port.o
                0x080104ac                pxPortInitialiseStack
 .text.prvTaskExitError
                0x08010514       0x64 ./Middlewares/Third_Party/FreeRTOS/Source/portable/GCC/ARM_CM7/r0p1/port.o
 *fill*         0x08010578        0x8 
 .text.SVC_Handler
                0x08010580       0x28 ./Middlewares/Third_Party/FreeRTOS/Source/portable/GCC/ARM_CM7/r0p1/port.o
                0x08010580                SVC_Handler
 .text.prvPortStartFirstTask
                0x080105a8       0x28 ./Middlewares/Third_Party/FreeRTOS/Source/portable/GCC/ARM_CM7/r0p1/port.o
 .text.xPortStartScheduler
                0x080105d0       0xfc ./Middlewares/Third_Party/FreeRTOS/Source/portable/GCC/ARM_CM7/r0p1/port.o
                0x080105d0                xPortStartScheduler
 .text.vPortEnterCritical
                0x080106cc       0x6c ./Middlewares/Third_Party/FreeRTOS/Source/portable/GCC/ARM_CM7/r0p1/port.o
                0x080106cc                vPortEnterCritical
 .text.vPortExitCritical
                0x08010738       0x58 ./Middlewares/Third_Party/FreeRTOS/Source/portable/GCC/ARM_CM7/r0p1/port.o
                0x08010738                vPortExitCritical
 .text.PendSV_Handler
                0x08010790       0x68 ./Middlewares/Third_Party/FreeRTOS/Source/portable/GCC/ARM_CM7/r0p1/port.o
                0x08010790                PendSV_Handler
 .text.SysTick_Handler
                0x080107f8       0x48 ./Middlewares/Third_Party/FreeRTOS/Source/portable/GCC/ARM_CM7/r0p1/port.o
                0x080107f8                SysTick_Handler
 .text.vPortSetupTimerInterrupt
                0x08010840       0x48 ./Middlewares/Third_Party/FreeRTOS/Source/portable/GCC/ARM_CM7/r0p1/port.o
                0x08010840                vPortSetupTimerInterrupt
 .text.vPortEnableVFP
                0x08010888       0x14 ./Middlewares/Third_Party/FreeRTOS/Source/portable/GCC/ARM_CM7/r0p1/port.o
 .text.vPortValidateInterruptPriority
                0x0801089c       0x8c ./Middlewares/Third_Party/FreeRTOS/Source/portable/GCC/ARM_CM7/r0p1/port.o
                0x0801089c                vPortValidateInterruptPriority
 .text.pvPortMalloc
                0x08010928      0x19c ./Middlewares/Third_Party/FreeRTOS/Source/portable/MemMang/heap_4.o
                0x08010928                pvPortMalloc
 .text.vPortFree
                0x08010ac4       0xc0 ./Middlewares/Third_Party/FreeRTOS/Source/portable/MemMang/heap_4.o
                0x08010ac4                vPortFree
 .text.prvHeapInit
                0x08010b84       0xc4 ./Middlewares/Third_Party/FreeRTOS/Source/portable/MemMang/heap_4.o
 .text.prvInsertBlockIntoFreeList
                0x08010c48       0xb4 ./Middlewares/Third_Party/FreeRTOS/Source/portable/MemMang/heap_4.o
 .text.__cvt    0x08010cfc       0xca /Applications/STM32CubeIDE.app/Contents/Eclipse/plugins/com.st.stm32cube.ide.mcu.externaltools.gnu-tools-for-stm32.13.3.rel1.macos64_1.0.0.202411102158/tools/bin/../lib/gcc/arm-none-eabi/13.3.1/../../../../arm-none-eabi/lib/thumb/v7e-m+fp/hard/libc_nano.a(libc_a-nano-vfprintf_float.o)
                0x08010cfc                __cvt
 .text.__exponent
                0x08010dc6       0x74 /Applications/STM32CubeIDE.app/Contents/Eclipse/plugins/com.st.stm32cube.ide.mcu.externaltools.gnu-tools-for-stm32.13.3.rel1.macos64_1.0.0.202411102158/tools/bin/../lib/gcc/arm-none-eabi/13.3.1/../../../../arm-none-eabi/lib/thumb/v7e-m+fp/hard/libc_nano.a(libc_a-nano-vfprintf_float.o)
                0x08010dc6                __exponent
 *fill*         0x08010e3a        0x2 
 .text._printf_float
                0x08010e3c      0x454 /Applications/STM32CubeIDE.app/Contents/Eclipse/plugins/com.st.stm32cube.ide.mcu.externaltools.gnu-tools-for-stm32.13.3.rel1.macos64_1.0.0.202411102158/tools/bin/../lib/gcc/arm-none-eabi/13.3.1/../../../../arm-none-eabi/lib/thumb/v7e-m+fp/hard/libc_nano.a(libc_a-nano-vfprintf_float.o)
                0x08010e3c                _printf_float
 .text._printf_common
                0x08011290       0xda /Applications/STM32CubeIDE.app/Contents/Eclipse/plugins/com.st.stm32cube.ide.mcu.externaltools.gnu-tools-for-stm32.13.3.rel1.macos64_1.0.0.202411102158/tools/bin/../lib/gcc/arm-none-eabi/13.3.1/../../../../arm-none-eabi/lib/thumb/v7e-m+fp/hard/libc_nano.a(libc_a-nano-vfprintf_i.o)
                0x08011290                _printf_common
 *fill*         0x0801136a        0x2 
 .text._printf_i
                0x0801136c      0x23c /Applications/STM32CubeIDE.app/Contents/Eclipse/plugins/com.st.stm32cube.ide.mcu.externaltools.gnu-tools-for-stm32.13.3.rel1.macos64_1.0.0.202411102158/tools/bin/../lib/gcc/arm-none-eabi/13.3.1/../../../../arm-none-eabi/lib/thumb/v7e-m+fp/hard/libc_nano.a(libc_a-nano-vfprintf_i.o)
                0x0801136c                _printf_i
 .text.sprintf  0x080115a8       0x44 /Applications/STM32CubeIDE.app/Contents/Eclipse/plugins/com.st.stm32cube.ide.mcu.externaltools.gnu-tools-for-stm32.13.3.rel1.macos64_1.0.0.202411102158/tools/bin/../lib/gcc/arm-none-eabi/13.3.1/../../../../arm-none-eabi/lib/thumb/v7e-m+fp/hard/libc_nano.a(libc_a-sprintf.o)
                0x080115a8                sprintf
                0x080115a8                siprintf
 .text.std      0x080115ec       0x6c /Applications/STM32CubeIDE.app/Contents/Eclipse/plugins/com.st.stm32cube.ide.mcu.externaltools.gnu-tools-for-stm32.13.3.rel1.macos64_1.0.0.202411102158/tools/bin/../lib/gcc/arm-none-eabi/13.3.1/../../../../arm-none-eabi/lib/thumb/v7e-m+fp/hard/libc_nano.a(libc_a-findfp.o)
 .text.stdio_exit_handler
                0x08011658       0x18 /Applications/STM32CubeIDE.app/Contents/Eclipse/plugins/com.st.stm32cube.ide.mcu.externaltools.gnu-tools-for-stm32.13.3.rel1.macos64_1.0.0.202411102158/tools/bin/../lib/gcc/arm-none-eabi/13.3.1/../../../../arm-none-eabi/lib/thumb/v7e-m+fp/hard/libc_nano.a(libc_a-findfp.o)
 .text.cleanup_stdio
                0x08011670       0x40 /Applications/STM32CubeIDE.app/Contents/Eclipse/plugins/com.st.stm32cube.ide.mcu.externaltools.gnu-tools-for-stm32.13.3.rel1.macos64_1.0.0.202411102158/tools/bin/../lib/gcc/arm-none-eabi/13.3.1/../../../../arm-none-eabi/lib/thumb/v7e-m+fp/hard/libc_nano.a(libc_a-findfp.o)
 .text.global_stdio_init.part.0
                0x080116b0       0x3c /Applications/STM32CubeIDE.app/Contents/Eclipse/plugins/com.st.stm32cube.ide.mcu.externaltools.gnu-tools-for-stm32.13.3.rel1.macos64_1.0.0.202411102158/tools/bin/../lib/gcc/arm-none-eabi/13.3.1/../../../../arm-none-eabi/lib/thumb/v7e-m+fp/hard/libc_nano.a(libc_a-findfp.o)
 .text.__sfp_lock_acquire
                0x080116ec        0xc /Applications/STM32CubeIDE.app/Contents/Eclipse/plugins/com.st.stm32cube.ide.mcu.externaltools.gnu-tools-for-stm32.13.3.rel1.macos64_1.0.0.202411102158/tools/bin/../lib/gcc/arm-none-eabi/13.3.1/../../../../arm-none-eabi/lib/thumb/v7e-m+fp/hard/libc_nano.a(libc_a-findfp.o)
                0x080116ec                __sfp_lock_acquire
 .text.__sfp_lock_release
                0x080116f8        0xc /Applications/STM32CubeIDE.app/Contents/Eclipse/plugins/com.st.stm32cube.ide.mcu.externaltools.gnu-tools-for-stm32.13.3.rel1.macos64_1.0.0.202411102158/tools/bin/../lib/gcc/arm-none-eabi/13.3.1/../../../../arm-none-eabi/lib/thumb/v7e-m+fp/hard/libc_nano.a(libc_a-findfp.o)
                0x080116f8                __sfp_lock_release
 .text.__sinit  0x08011704       0x30 /Applications/STM32CubeIDE.app/Contents/Eclipse/plugins/com.st.stm32cube.ide.mcu.externaltools.gnu-tools-for-stm32.13.3.rel1.macos64_1.0.0.202411102158/tools/bin/../lib/gcc/arm-none-eabi/13.3.1/../../../../arm-none-eabi/lib/thumb/v7e-m+fp/hard/libc_nano.a(libc_a-findfp.o)
                0x08011704                __sinit
 .text._fwalk_sglue
                0x08011734       0x3c /Applications/STM32CubeIDE.app/Contents/Eclipse/plugins/com.st.stm32cube.ide.mcu.externaltools.gnu-tools-for-stm32.13.3.rel1.macos64_1.0.0.202411102158/tools/bin/../lib/gcc/arm-none-eabi/13.3.1/../../../../arm-none-eabi/lib/thumb/v7e-m+fp/hard/libc_nano.a(libc_a-fwalk.o)
                0x08011734                _fwalk_sglue
 .text.memset   0x08011770       0x10 /Applications/STM32CubeIDE.app/Contents/Eclipse/plugins/com.st.stm32cube.ide.mcu.externaltools.gnu-tools-for-stm32.13.3.rel1.macos64_1.0.0.202411102158/tools/bin/../lib/gcc/arm-none-eabi/13.3.1/../../../../arm-none-eabi/lib/thumb/v7e-m+fp/hard/libc_nano.a(libc_a-memset.o)
                0x08011770                memset
 .text.__errno  0x08011780        0xc /Applications/STM32CubeIDE.app/Contents/Eclipse/plugins/com.st.stm32cube.ide.mcu.externaltools.gnu-tools-for-stm32.13.3.rel1.macos64_1.0.0.202411102158/tools/bin/../lib/gcc/arm-none-eabi/13.3.1/../../../../arm-none-eabi/lib/thumb/v7e-m+fp/hard/libc_nano.a(libc_a-errno.o)
                0x08011780                __errno
 .text.__libc_init_array
                0x0801178c       0x48 /Applications/STM32CubeIDE.app/Contents/Eclipse/plugins/com.st.stm32cube.ide.mcu.externaltools.gnu-tools-for-stm32.13.3.rel1.macos64_1.0.0.202411102158/tools/bin/../lib/gcc/arm-none-eabi/13.3.1/../../../../arm-none-eabi/lib/thumb/v7e-m+fp/hard/libc_nano.a(libc_a-init.o)
                0x0801178c                __libc_init_array
 .text.__retarget_lock_init_recursive
                0x080117d4        0x2 /Applications/STM32CubeIDE.app/Contents/Eclipse/plugins/com.st.stm32cube.ide.mcu.externaltools.gnu-tools-for-stm32.13.3.rel1.macos64_1.0.0.202411102158/tools/bin/../lib/gcc/arm-none-eabi/13.3.1/../../../../arm-none-eabi/lib/thumb/v7e-m+fp/hard/libc_nano.a(libc_a-lock.o)
                0x080117d4                __retarget_lock_init_recursive
 .text.__retarget_lock_acquire_recursive
                0x080117d6        0x2 /Applications/STM32CubeIDE.app/Contents/Eclipse/plugins/com.st.stm32cube.ide.mcu.externaltools.gnu-tools-for-stm32.13.3.rel1.macos64_1.0.0.202411102158/tools/bin/../lib/gcc/arm-none-eabi/13.3.1/../../../../arm-none-eabi/lib/thumb/v7e-m+fp/hard/libc_nano.a(libc_a-lock.o)
                0x080117d6                __retarget_lock_acquire_recursive
 .text.__retarget_lock_release_recursive
                0x080117d8        0x2 /Applications/STM32CubeIDE.app/Contents/Eclipse/plugins/com.st.stm32cube.ide.mcu.externaltools.gnu-tools-for-stm32.13.3.rel1.macos64_1.0.0.202411102158/tools/bin/../lib/gcc/arm-none-eabi/13.3.1/../../../../arm-none-eabi/lib/thumb/v7e-m+fp/hard/libc_nano.a(libc_a-lock.o)
                0x080117d8                __retarget_lock_release_recursive
 *fill*         0x080117da        0x2 
 .text._localeconv_r
                0x080117dc        0x8 /Applications/STM32CubeIDE.app/Contents/Eclipse/plugins/com.st.stm32cube.ide.mcu.externaltools.gnu-tools-for-stm32.13.3.rel1.macos64_1.0.0.202411102158/tools/bin/../lib/gcc/arm-none-eabi/13.3.1/../../../../arm-none-eabi/lib/thumb/v7e-m+fp/hard/libc_nano.a(libc_a-localeconv.o)
                0x080117dc                _localeconv_r
 .text._reclaim_reent
                0x080117e4       0xbc /Applications/STM32CubeIDE.app/Contents/Eclipse/plugins/com.st.stm32cube.ide.mcu.externaltools.gnu-tools-for-stm32.13.3.rel1.macos64_1.0.0.202411102158/tools/bin/../lib/gcc/arm-none-eabi/13.3.1/../../../../arm-none-eabi/lib/thumb/v7e-m+fp/hard/libc_nano.a(libc_a-reent.o)
                0x080117e4                _reclaim_reent
 .text.memcpy   0x080118a0       0x1c /Applications/STM32CubeIDE.app/Contents/Eclipse/plugins/com.st.stm32cube.ide.mcu.externaltools.gnu-tools-for-stm32.13.3.rel1.macos64_1.0.0.202411102158/tools/bin/../lib/gcc/arm-none-eabi/13.3.1/../../../../arm-none-eabi/lib/thumb/v7e-m+fp/hard/libc_nano.a(libc_a-memcpy-stub.o)
                0x080118a0                memcpy
 .text.quorem   0x080118bc      0x110 /Applications/STM32CubeIDE.app/Contents/Eclipse/plugins/com.st.stm32cube.ide.mcu.externaltools.gnu-tools-for-stm32.13.3.rel1.macos64_1.0.0.202411102158/tools/bin/../lib/gcc/arm-none-eabi/13.3.1/../../../../arm-none-eabi/lib/thumb/v7e-m+fp/hard/libc_nano.a(libc_a-dtoa.o)
 *fill*         0x080119cc        0x4 
 .text._dtoa_r  0x080119d0      0xba0 /Applications/STM32CubeIDE.app/Contents/Eclipse/plugins/com.st.stm32cube.ide.mcu.externaltools.gnu-tools-for-stm32.13.3.rel1.macos64_1.0.0.202411102158/tools/bin/../lib/gcc/arm-none-eabi/13.3.1/../../../../arm-none-eabi/lib/thumb/v7e-m+fp/hard/libc_nano.a(libc_a-dtoa.o)
                0x080119d0                _dtoa_r
 .text._free_r  0x08012570       0x94 /Applications/STM32CubeIDE.app/Contents/Eclipse/plugins/com.st.stm32cube.ide.mcu.externaltools.gnu-tools-for-stm32.13.3.rel1.macos64_1.0.0.202411102158/tools/bin/../lib/gcc/arm-none-eabi/13.3.1/../../../../arm-none-eabi/lib/thumb/v7e-m+fp/hard/libc_nano.a(libc_a-freer.o)
                0x08012570                _free_r
 .text.__ssputs_r
                0x08012604       0xb6 /Applications/STM32CubeIDE.app/Contents/Eclipse/plugins/com.st.stm32cube.ide.mcu.externaltools.gnu-tools-for-stm32.13.3.rel1.macos64_1.0.0.202411102158/tools/bin/../lib/gcc/arm-none-eabi/13.3.1/../../../../arm-none-eabi/lib/thumb/v7e-m+fp/hard/libc_nano.a(libc_a-nano-svfprintf.o)
                0x08012604                __ssputs_r
 *fill*         0x080126ba        0x2 
 .text._svfprintf_r
                0x080126bc      0x1f8 /Applications/STM32CubeIDE.app/Contents/Eclipse/plugins/com.st.stm32cube.ide.mcu.externaltools.gnu-tools-for-stm32.13.3.rel1.macos64_1.0.0.202411102158/tools/bin/../lib/gcc/arm-none-eabi/13.3.1/../../../../arm-none-eabi/lib/thumb/v7e-m+fp/hard/libc_nano.a(libc_a-nano-svfprintf.o)
                0x080126bc                _svfprintf_r
                0x080126bc                _svfiprintf_r
 .text.malloc   0x080128b4       0x10 /Applications/STM32CubeIDE.app/Contents/Eclipse/plugins/com.st.stm32cube.ide.mcu.externaltools.gnu-tools-for-stm32.13.3.rel1.macos64_1.0.0.202411102158/tools/bin/../lib/gcc/arm-none-eabi/13.3.1/../../../../arm-none-eabi/lib/thumb/v7e-m+fp/hard/libc_nano.a(libc_a-malloc.o)
                0x080128b4                malloc
 .text.sbrk_aligned
                0x080128c4       0x44 /Applications/STM32CubeIDE.app/Contents/Eclipse/plugins/com.st.stm32cube.ide.mcu.externaltools.gnu-tools-for-stm32.13.3.rel1.macos64_1.0.0.202411102158/tools/bin/../lib/gcc/arm-none-eabi/13.3.1/../../../../arm-none-eabi/lib/thumb/v7e-m+fp/hard/libc_nano.a(libc_a-mallocr.o)
 .text._malloc_r
                0x08012908      0x100 /Applications/STM32CubeIDE.app/Contents/Eclipse/plugins/com.st.stm32cube.ide.mcu.externaltools.gnu-tools-for-stm32.13.3.rel1.macos64_1.0.0.202411102158/tools/bin/../lib/gcc/arm-none-eabi/13.3.1/../../../../arm-none-eabi/lib/thumb/v7e-m+fp/hard/libc_nano.a(libc_a-mallocr.o)
                0x08012908                _malloc_r
 .text.__sflush_r
                0x08012a08      0x108 /Applications/STM32CubeIDE.app/Contents/Eclipse/plugins/com.st.stm32cube.ide.mcu.externaltools.gnu-tools-for-stm32.13.3.rel1.macos64_1.0.0.202411102158/tools/bin/../lib/gcc/arm-none-eabi/13.3.1/../../../../arm-none-eabi/lib/thumb/v7e-m+fp/hard/libc_nano.a(libc_a-fflush.o)
                0x08012a08                __sflush_r
 .text._fflush_r
                0x08012b10       0x50 /Applications/STM32CubeIDE.app/Contents/Eclipse/plugins/com.st.stm32cube.ide.mcu.externaltools.gnu-tools-for-stm32.13.3.rel1.macos64_1.0.0.202411102158/tools/bin/../lib/gcc/arm-none-eabi/13.3.1/../../../../arm-none-eabi/lib/thumb/v7e-m+fp/hard/libc_nano.a(libc_a-fflush.o)
                0x08012b10                _fflush_r
 .text.__malloc_lock