Archive member included to satisfy reference by file (symbol)

C:/ST/STM32CubeIDE_1.19.0/STM32CubeIDE/plugins/com.st.stm32cube.ide.mcu.externaltools.gnu-tools-for-stm32.13.3.rel1.win32_1.0.0.202411081344/tools/bin/../lib/gcc/arm-none-eabi/13.3.1/../../../../arm-none-eabi/lib/thumb/v7e-m+fp/hard\libc_nano.a(libc_a-exit.o)
                              C:/ST/STM32CubeIDE_1.19.0/STM32CubeIDE/plugins/com.st.stm32cube.ide.mcu.externaltools.gnu-tools-for-stm32.13.3.rel1.win32_1.0.0.202411081344/tools/bin/../lib/gcc/arm-none-eabi/13.3.1/../../../../arm-none-eabi/lib/thumb/v7e-m+fp/hard/crt0.o (exit)
C:/ST/STM32CubeIDE_1.19.0/STM32CubeIDE/plugins/com.st.stm32cube.ide.mcu.externaltools.gnu-tools-for-stm32.13.3.rel1.win32_1.0.0.202411081344/tools/bin/../lib/gcc/arm-none-eabi/13.3.1/../../../../arm-none-eabi/lib/thumb/v7e-m+fp/hard\libc_nano.a(libc_a-nano-vfprintf_float.o)
                              (_printf_float)
C:/ST/STM32CubeIDE_1.19.0/STM32CubeIDE/plugins/com.st.stm32cube.ide.mcu.externaltools.gnu-tools-for-stm32.13.3.rel1.win32_1.0.0.202411081344/tools/bin/../lib/gcc/arm-none-eabi/13.3.1/../../../../arm-none-eabi/lib/thumb/v7e-m+fp/hard\libc_nano.a(libc_a-nano-vfprintf_i.o)
                              C:/ST/STM32CubeIDE_1.19.0/STM32CubeIDE/plugins/com.st.stm32cube.ide.mcu.externaltools.gnu-tools-for-stm32.13.3.rel1.win32_1.0.0.202411081344/tools/bin/../lib/gcc/arm-none-eabi/13.3.1/../../../../arm-none-eabi/lib/thumb/v7e-m+fp/hard\libc_nano.a(libc_a-nano-vfprintf_float.o) (_printf_common)
C:/ST/STM32CubeIDE_1.19.0/STM32CubeIDE/plugins/com.st.stm32cube.ide.mcu.externaltools.gnu-tools-for-stm32.13.3.rel1.win32_1.0.0.202411081344/tools/bin/../lib/gcc/arm-none-eabi/13.3.1/../../../../arm-none-eabi/lib/thumb/v7e-m+fp/hard\libc_nano.a(libc_a-findfp.o)
                              ./Middlewares/Third_Party/FreeRTOS/Source/tasks.o (__sf)
C:/ST/STM32CubeIDE_1.19.0/STM32CubeIDE/plugins/com.st.stm32cube.ide.mcu.externaltools.gnu-tools-for-stm32.13.3.rel1.win32_1.0.0.202411081344/tools/bin/../lib/gcc/arm-none-eabi/13.3.1/../../../../arm-none-eabi/lib/thumb/v7e-m+fp/hard\libc_nano.a(libc_a-fwalk.o)
                              C:/ST/STM32CubeIDE_1.19.0/STM32CubeIDE/plugins/com.st.stm32cube.ide.mcu.externaltools.gnu-tools-for-stm32.13.3.rel1.win32_1.0.0.202411081344/tools/bin/../lib/gcc/arm-none-eabi/13.3.1/../../../../arm-none-eabi/lib/thumb/v7e-m+fp/hard\libc_nano.a(libc_a-findfp.o) (_fwalk_sglue)
C:/ST/STM32CubeIDE_1.19.0/STM32CubeIDE/plugins/com.st.stm32cube.ide.mcu.externaltools.gnu-tools-for-stm32.13.3.rel1.win32_1.0.0.202411081344/tools/bin/../lib/gcc/arm-none-eabi/13.3.1/../../../../arm-none-eabi/lib/thumb/v7e-m+fp/hard\libc_nano.a(libc_a-sprintf.o)
                              ./Core/Src/sd_card.o (sprintf)
C:/ST/STM32CubeIDE_1.19.0/STM32CubeIDE/plugins/com.st.stm32cube.ide.mcu.externaltools.gnu-tools-for-stm32.13.3.rel1.win32_1.0.0.202411081344/tools/bin/../lib/gcc/arm-none-eabi/13.3.1/../../../../arm-none-eabi/lib/thumb/v7e-m+fp/hard\libc_nano.a(libc_a-stdio.o)
                              C:/ST/STM32CubeIDE_1.19.0/STM32CubeIDE/plugins/com.st.stm32cube.ide.mcu.externaltools.gnu-tools-for-stm32.13.3.rel1.win32_1.0.0.202411081344/tools/bin/../lib/gcc/arm-none-eabi/13.3.1/../../../../arm-none-eabi/lib/thumb/v7e-m+fp/hard\libc_nano.a(libc_a-findfp.o) (__sread)
C:/ST/STM32CubeIDE_1.19.0/STM32CubeIDE/plugins/com.st.stm32cube.ide.mcu.externaltools.gnu-tools-for-stm32.13.3.rel1.win32_1.0.0.202411081344/tools/bin/../lib/gcc/arm-none-eabi/13.3.1/../../../../arm-none-eabi/lib/thumb/v7e-m+fp/hard\libc_nano.a(libc_a-memset.o)
                              C:/ST/STM32CubeIDE_1.19.0/STM32CubeIDE/plugins/com.st.stm32cube.ide.mcu.externaltools.gnu-tools-for-stm32.13.3.rel1.win32_1.0.0.202411081344/tools/bin/../lib/gcc/arm-none-eabi/13.3.1/../../../../arm-none-eabi/lib/thumb/v7e-m+fp/hard/crt0.o (memset)
C:/ST/STM32CubeIDE_1.19.0/STM32CubeIDE/plugins/com.st.stm32cube.ide.mcu.externaltools.gnu-tools-for-stm32.13.3.rel1.win32_1.0.0.202411081344/tools/bin/../lib/gcc/arm-none-eabi/13.3.1/../../../../arm-none-eabi/lib/thumb/v7e-m+fp/hard\libc_nano.a(libc_a-localeconv.o)
                              C:/ST/STM32CubeIDE_1.19.0/STM32CubeIDE/plugins/com.st.stm32cube.ide.mcu.externaltools.gnu-tools-for-stm32.13.3.rel1.win32_1.0.0.202411081344/tools/bin/../lib/gcc/arm-none-eabi/13.3.1/../../../../arm-none-eabi/lib/thumb/v7e-m+fp/hard\libc_nano.a(libc_a-nano-vfprintf_float.o) (_localeconv_r)
C:/ST/STM32CubeIDE_1.19.0/STM32CubeIDE/plugins/com.st.stm32cube.ide.mcu.externaltools.gnu-tools-for-stm32.13.3.rel1.win32_1.0.0.202411081344/tools/bin/../lib/gcc/arm-none-eabi/13.3.1/../../../../arm-none-eabi/lib/thumb/v7e-m+fp/hard\libc_nano.a(libc_a-closer.o)
[...]
Memory Configuration

Name             Origin             Length             Attributes
RAM              0x20000000         0x00050000         xrw
FLASH            0x08000000         0x00100000         xr
*default*        0x00000000         0xffffffff

Linker script and memory map

LOAD C:/ST/STM32CubeIDE_1.19.0/STM32CubeIDE/plugins/com.st.stm32cube.ide.mcu.externaltools.gnu-tools-for-stm32.13.3.rel1.win32_1.0.0.202411081344/tools/bin/../lib/gcc/arm-none-eabi/13.3.1/thumb/v7e-m+fp/hard/crti.o
LOAD C:/ST/STM32CubeIDE_1.19.0/STM32CubeIDE/plugins/com.st.stm32cube.ide.mcu.externaltools.gnu-tools-for-stm32.13.3.rel1.win32_1.0.0.202411081344/tools/bin/../lib/gcc/arm-none-eabi/13.3.1/thumb/v7e-m+fp/hard/crtbegin.o
LOAD C:/ST/STM32CubeIDE_1.19.0/STM32CubeIDE/plugins/com.st.stm32cube.ide.mcu.externaltools.gnu-tools-for-stm32.13.3.rel1.win32_1.0.0.202411081344/tools/bin/../lib/gcc/arm-none-eabi/13.3.1/../../../../arm-none-eabi/lib/thumb/v7e-m+fp/hard/crt0.o
LOAD ./Core/Src/can_manager.o
LOAD ./Core/Src/freertos.o
LOAD ./Core/Src/fsm.o
LOAD ./Core/Src/main.o
LOAD ./Core/Src/sd_card.o
LOAD ./Core/Src/sensors.o
LOAD ./Core/Src/serial.o
LOAD ./Core/Src/serial_print.o
LOAD ./Core/Src/stm32f7xx_hal_msp.o
LOAD ./Core/Src/stm32f7xx_hal_timebase_tim.o
LOAD ./Core/Src/stm32f7xx_it.o
LOAD ./Core/Src/syscalls.o
LOAD ./Core/Src/sysmem.o
LOAD ./Core/Src/system_stm32f7xx.o
LOAD ./Core/Src/telem.o
LOAD ./Core/Src/xsens.o
LOAD ./Core/Src/xsens/xsens_mdata2.o
LOAD ./Core/Src/xsens/xsens_mti.o
LOAD ./Core/Src/xsens/xsens_utility.o
LOAD ./Core/Startup/startup_stm32f746zgtx.o
LOAD ./Drivers/STM32F7xx_HAL_Driver/Src/stm32f7xx_hal.o
LOAD ./Drivers/STM32F7xx_HAL_Driver/Src/stm32f7xx_hal_can.o
LOAD ./Drivers/STM32F7xx_HAL_Driver/Src/stm32f7xx_hal_cortex.o
LOAD ./Drivers/STM32F7xx_HAL_Driver/Src/stm32f7xx_hal_dma.o
LOAD ./Drivers/STM32F7xx_HAL_Driver/Src/stm32f7xx_hal_dma_ex.o
LOAD ./Drivers/STM32F7xx_HAL_Driver/Src/stm32f7xx_hal_eth.o
LOAD ./Drivers/STM32F7xx_HAL_Driver/Src/stm32f7xx_hal_exti.o
LOAD ./Drivers/STM32F7xx_HAL_Driver/Src/stm32f7xx_hal_flash.o
LOAD ./Drivers/STM32F7xx_HAL_Driver/Src/stm32f7xx_hal_flash_ex.o
LOAD ./Drivers/STM32F7xx_HAL_Driver/Src/stm32f7xx_hal_gpio.o
LOAD ./Drivers/STM32F7xx_HAL_Driver/Src/stm32f7xx_hal_i2c.o
LOAD ./Drivers/STM32F7xx_HAL_Driver/Src/stm32f7xx_hal_i2c_ex.o
LOAD ./Drivers/STM32F7xx_HAL_Driver/Src/stm32f7xx_hal_mmc.o
LOAD ./Drivers/STM32F7xx_HAL_Driver/Src/stm32f7xx_hal_pwr.o
LOAD ./Drivers/STM32F7xx_HAL_Driver/Src/stm32f7xx_hal_pwr_ex.o
LOAD ./Drivers/STM32F7xx_HAL_Driver/Src/stm32f7xx_hal_rcc.o
LOAD ./Drivers/STM32F7xx_HAL_Driver/Src/stm32f7xx_hal_rcc_ex.o
LOAD ./Drivers/STM32F7xx_HAL_Driver/Src/stm32f7xx_hal_sd.o
LOAD ./Drivers/STM32F7xx_HAL_Driver/Src/stm32f7xx_hal_tim.o
LOAD ./Drivers/STM32F7xx_HAL_Driver/Src/stm32f7xx_hal_tim_ex.o
LOAD ./Drivers/STM32F7xx_HAL_Driver/Src/stm32f7xx_hal_uart.o
LOAD ./Drivers/STM32F7xx_HAL_Driver/Src/stm32f7xx_hal_uart_ex.o
LOAD ./Drivers/STM32F7xx_HAL_Driver/Src/stm32f7xx_ll_sdmmc.o
LOAD ./FATFS/App/fatfs.o
LOAD ./FATFS/Target/bsp_driver_sd.o
LOAD ./FATFS/Target/fatfs_platform.o
LOAD ./FATFS/Target/sd_diskio.o
LOAD ./Middlewares/Third_Party/FatFs/src/diskio.o
LOAD ./Middlewares/Third_Party/FatFs/src/ff.o
LOAD ./Middlewares/Third_Party/FatFs/src/ff_gen_drv.o
LOAD ./Middlewares/Third_Party/FatFs/src/option/syscall.o
LOAD ./Middlewares/Third_Party/FreeRTOS/Source/CMSIS_RTOS_V2/cmsis_os2.o
LOAD ./Middlewares/Third_Party/FreeRTOS/Source/croutine.o
LOAD ./Middlewares/Third_Party/FreeRTOS/Source/event_groups.o
LOAD ./Middlewares/Third_Party/FreeRTOS/Source/list.o
LOAD ./Middlewares/Third_Party/FreeRTOS/Source/queue.o
LOAD ./Middlewares/Third_Party/FreeRTOS/Source/stream_buffer.o
LOAD ./Middlewares/Third_Party/FreeRTOS/Source/tasks.o
LOAD ./Middlewares/Third_Party/FreeRTOS/Source/timers.o
LOAD ./Middlewares/Third_Party/FreeRTOS/Source/portable/GCC/ARM_CM7/r0p1/port.o
LOAD ./Middlewares/Third_Party/FreeRTOS/Source/portable/MemMang/heap_4.o
START GROUP
LOAD C:/ST/STM32CubeIDE_1.19.0/STM32CubeIDE/plugins/com.st.stm32cube.ide.mcu.externaltools.gnu-tools-for-stm32.13.3.rel1.win32_1.0.0.202411081344/tools/bin/../lib/gcc/arm-none-eabi/13.3.1/../../../../arm-none-eabi/lib/thumb/v7e-m+fp/hard\libc_nano.a
LOAD C:/ST/STM32CubeIDE_1.19.0/STM32CubeIDE/plugins/com.st.stm32cube.ide.mcu.externaltools.gnu-tools-for-stm32.13.3.rel1.win32_1.0.0.202411081344/tools/bin/../lib/gcc/arm-none-eabi/13.3.1/../../../../arm-none-eabi/lib/thumb/v7e-m+fp/hard\libm.a
END GROUP
START GROUP
LOAD C:/ST/STM32CubeIDE_1.19.0/STM32CubeIDE/plugins/com.st.stm32cube.ide.mcu.externaltools.gnu-tools-for-stm32.13.3.rel1.win32_1.0.0.202411081344/tools/bin/../lib/gcc/arm-none-eabi/13.3.1/thumb/v7e-m+fp/hard\libgcc.a
LOAD C:/ST/STM32CubeIDE_1.19.0/STM32CubeIDE/plugins/com.st.stm32cube.ide.mcu.externaltools.gnu-tools-for-stm32.13.3.rel1.win32_1.0.0.202411081344/tools/bin/../lib/gcc/arm-none-eabi/13.3.1/../../../../arm-none-eabi/lib/thumb/v7e-m+fp/hard\libc_nano.a
END GROUP
START GROUP
LOAD C:/ST/STM32CubeIDE_1.19.0/STM32CubeIDE/plugins/com.st.stm32cube.ide.mcu.externaltools.gnu-tools-for-stm32.13.3.rel1.win32_1.0.0.202411081344/tools/bin/../lib/gcc/arm-none-eabi/13.3.1/thumb/v7e-m+fp/hard\libgcc.a
LOAD C:/ST/STM32CubeIDE_1.19.0/STM32CubeIDE/plugins/com.st.stm32cube.ide.mcu.externaltools.gnu-tools-for-stm32.13.3.rel1.win32_1.0.0.202411081344/tools/bin/../lib/gcc/arm-none-eabi/13.3.1/../../../../arm-none-eabi/lib/thumb/v7e-m+fp/hard\libc_nano.a
LOAD C:/ST/STM32CubeIDE_1.19.0/STM32CubeIDE/plugins/com.st.stm32cube.ide.mcu.externaltools.gnu-tools-for-stm32.13.3.rel1.win32_1.0.0.202411081344/tools/bin/../lib/gcc/arm-none-eabi/13.3.1/../../../../arm-none-eabi/lib/thumb/v7e-m+fp/hard\libnosys.a
END GROUP
START GROUP
LOAD C:/ST/STM32CubeIDE_1.19.0/STM32CubeIDE/plugins/com.st.stm32cube.ide.mcu.externaltools.gnu-tools-for-stm32.13.3.rel1.win32_1.0.0.202411081344/tools/bin/../lib/gcc/arm-none-eabi/13.3.1/thumb/v7e-m+fp/hard\libgcc.a
LOAD C:/ST/STM32CubeIDE_1.19.0/STM32CubeIDE/plugins/com.st.stm32cube.ide.mcu.externaltools.gnu-tools-for-stm32.13.3.rel1.win32_1.0.0.202411081344/tools/bin/../lib/gcc/arm-none-eabi/13.3.1/../../../../arm-none-eabi/lib/thumb/v7e-m+fp/hard\libc_nano.a
LOAD C:/ST/STM32CubeIDE_1.19.0/STM32CubeIDE/plugins/com.st.stm32cube.ide.mcu.externaltools.gnu-tools-for-stm32.13.3.rel1.win32_1.0.0.202411081344/tools/bin/../lib/gcc/arm-none-eabi/13.3.1/../../../../arm-none-eabi/lib/thumb/v7e-m+fp/hard\libnosys.a
END GROUP
LOAD C:/ST/STM32CubeIDE_1.19.0/STM32CubeIDE/plugins/com.st.stm32cube.ide.mcu.externaltools.gnu-tools-for-stm32.13.3.rel1.win32_1.0.0.202411081344/tools/bin/../lib/gcc/arm-none-eabi/13.3.1/thumb/v7e-m+fp/hard/crtend.o
LOAD C:/ST/STM32CubeIDE_1.19.0/STM32CubeIDE/plugins/com.st.stm32cube.ide.mcu.externaltools.gnu-tools-for-stm32.13.3.rel1.win32_1.0.0.202411081344/tools/bin/../lib/gcc/arm-none-eabi/13.3.1/thumb/v7e-m+fp/hard/crtn.o
                0x20050000                        _estack = (ORIGIN (RAM) + LENGTH (RAM))
                0x00000200                        _Min_Heap_Size = 0x200
                0x00000400                        _Min_Stack_Size = 0x400

.isr_vector     0x08000000      0x1c8
                0x08000000                        . = ALIGN (0x4)
 *(.isr_vector)
 .isr_vector    0x08000000      0x1c8 ./Core/Startup/startup_stm32f746zgtx.o
                0x08000000                g_pfnVectors
                0x080001c8                        . = ALIGN (0x4)

.text           0x080001d0    0x14504
                0x080001d0                        . = ALIGN (0x4)
 *(.text)
 .text          0x080001d0       0x40 C:/ST/STM32CubeIDE_1.19.0/STM32CubeIDE/plugins/com.st.stm32cube.ide.mcu.externaltools.gnu-tools-for-stm32.13.3.rel1.win32_1.0.0.202411081344/tools/bin/../lib/gcc/arm-none-eabi/13.3.1/thumb/v7e-m+fp/hard/crtbegin.o
 .text          0x08000210       0xa0 C:/ST/STM32CubeIDE_1.19.0/STM32CubeIDE/plugins/com.st.stm32cube.ide.mcu.externaltools.gnu-tools-for-stm32.13.3.rel1.win32_1.0.0.202411081344/tools/bin/../lib/gcc/arm-none-eabi/13.3.1/../../../../arm-none-eabi/lib/thumb/v7e-m+fp/hard\libc_nano.a(libc_a-memchr.o)
                0x08000210                memchr
 .text          0x080002b0       0x10 C:/ST/STM32CubeIDE_1.19.0/STM32CubeIDE/plugins/com.st.stm32cube.ide.mcu.externaltools.gnu-tools-for-stm32.13.3.rel1.win32_1.0.0.202411081344/tools/bin/../lib/gcc/arm-none-eabi/13.3.1/../../../../arm-none-eabi/lib/thumb/v7e-m+fp/hard\libc_nano.a(libc_a-strlen.o)
                0x080002b0                strlen
 .text          0x080002c0      0x378 C:/ST/STM32CubeIDE_1.19.0/STM32CubeIDE/plugins/com.st.stm32cube.ide.mcu.externaltools.gnu-tools-for-stm32.13.3.rel1.win32_1.0.0.202411081344/tools/bin/../lib/gcc/arm-none-eabi/13.3.1/thumb/v7e-m+fp/hard\libgcc.a(_arm_addsubdf3.o)
                0x080002c0                __aeabi_drsub
                0x080002c8                __aeabi_dsub
                0x080002c8                __subdf3
                0x080002cc                __aeabi_dadd
                0x080002cc                __adddf3
                0x08000544                __floatunsidf
                0x08000544                __aeabi_ui2d
                0x08000564                __floatsidf
                0x08000564                __aeabi_i2d
                0x08000588                __aeabi_f2d
                0x08000588                __extendsfdf2
                0x080005cc                __floatundidf
                0x080005cc                __aeabi_ul2d
                0x080005dc                __floatdidf
                0x080005dc                __aeabi_l2d
 .text          0x08000638      0x424 C:/ST/STM32CubeIDE_1.19.0/STM32CubeIDE/plugins/com.st.stm32cube.ide.mcu.externaltools.gnu-tools-for-stm32.13.3.rel1.win32_1.0.0.202411081344/tools/bin/../lib/gcc/arm-none-eabi/13.3.1/thumb/v7e-m+fp/hard\libgcc.a(_arm_muldivdf3.o)
                0x08000638                __aeabi_dmul
                0x08000638                __muldf3
                0x0800088c                __divdf3
                0x0800088c                __aeabi_ddiv
 .text          0x08000a5c      0x110 C:/ST/STM32CubeIDE_1.19.0/STM32CubeIDE/plugins/com.st.stm32cube.ide.mcu.externaltools.gnu-tools-for-stm32.13.3.rel1.win32_1.0.0.202411081344/tools/bin/../lib/gcc/arm-none-eabi/13.3.1/thumb/v7e-m+fp/hard\libgcc.a(_arm_cmpdf2.o)
                0x08000a5c                __gtdf2
                0x08000a5c                __gedf2
                0x08000a64                __ltdf2
                0x08000a64                __ledf2
                0x08000a6c                __nedf2
                0x08000a6c                __eqdf2
                0x08000a6c                __cmpdf2
                0x08000ae8                __aeabi_cdrcmple
                0x08000af8                __aeabi_cdcmpeq
                0x08000af8                __aeabi_cdcmple
                0x08000b08                __aeabi_dcmpeq
                0x08000b1c                __aeabi_dcmplt
                0x08000b30                __aeabi_dcmple
                0x08000b44                __aeabi_dcmpge
                0x08000b58                __aeabi_dcmpgt
 .text          0x08000b6c       0x2c C:/ST/STM32CubeIDE_1.19.0/STM32CubeIDE/plugins/com.st.stm32cube.ide.mcu.externaltools.gnu-tools-for-stm32.13.3.rel1.win32_1.0.0.202411081344/tools/bin/../lib/gcc/arm-none-eabi/13.3.1/thumb/v7e-m+fp/hard\libgcc.a(_arm_unorddf2.o)
                0x08000b6c                __unorddf2
                0x08000b6c                __aeabi_dcmpun
 .text          0x08000b98       0x50 C:/ST/STM32CubeIDE_1.19.0/STM32CubeIDE/plugins/com.st.stm32cube.ide.mcu.externaltools.gnu-tools-for-stm32.13.3.rel1.win32_1.0.0.202411081344/tools/bin/../lib/gcc/arm-none-eabi/13.3.1/thumb/v7e-m+fp/hard\libgcc.a(_arm_fixdfsi.o)
                0x08000b98                __aeabi_d2iz
                0x08000b98                __fixdfsi
 .text          0x08000be8       0x30 C:/ST/STM32CubeIDE_1.19.0/STM32CubeIDE/plugins/com.st.stm32cube.ide.mcu.externaltools.gnu-tools-for-stm32.13.3.rel1.win32_1.0.0.202411081344/tools/bin/../lib/gcc/arm-none-eabi/13.3.1/thumb/v7e-m+fp/hard\libgcc.a(_aeabi_uldivmod.o)
                0x08000be8                __aeabi_uldivmod
 .text          0x08000c18      0x2f8 C:/ST/STM32CubeIDE_1.19.0/STM32CubeIDE/plugins/com.st.stm32cube.ide.mcu.externaltools.gnu-tools-for-stm32.13.3.rel1.win32_1.0.0.202411081344/tools/bin/../lib/gcc/arm-none-eabi/13.3.1/thumb/v7e-m+fp/hard\libgcc.a(_udivmoddi4.o)
                0x08000c18                __udivmoddi4
 .text          0x08000f10        0x4 C:/ST/STM32CubeIDE_1.19.0/STM32CubeIDE/plugins/com.st.stm32cube.ide.mcu.externaltools.gnu-tools-for-stm32.13.3.rel1.win32_1.0.0.202411081344/tools/bin/../lib/gcc/arm-none-eabi/13.3.1/thumb/v7e-m+fp/hard\libgcc.a(_dvmd_tls.o)
                0x08000f10                __aeabi_idiv0
                0x08000f10                __aeabi_ldiv0
 *(.text*)
 .text.HAL_CAN_RxFifo0MsgPendingCallback
                0x08000f14       0x3c ./Core/Src/can_manager.o
                0x08000f14                HAL_CAN_RxFifo0MsgPendingCallback
 .text.save_can_rx_data
                0x08000f50      0x784 ./Core/Src/can_manager.o
 .text.__NVIC_EnableIRQ
                0x080016d4       0x3c ./Core/Src/main.o
 .text.HAL_GPIO_EXTI_Callback
                0x08001710       0x16 ./Core/Src/main.o
                0x08001710                HAL_GPIO_EXTI_Callback
 *fill*         0x08001726        0x2 
 .text.main     0x08001728       0x80 ./Core/Src/main.o
                0x08001728                main
 .text.SystemClock_Config
                0x080017a8       0xd8 ./Core/Src/main.o
                0x080017a8                SystemClock_Config
 .text.MX_CAN1_Init
                0x08001880       0xd0 ./Core/Src/main.o
 .text.MX_CAN2_Init
                0x08001950       0x7c ./Core/Src/main.o
 .text.MX_ETH_Init
                0x080019cc       0x98 ./Core/Src/main.o
 .text.MX_SDMMC1_SD_Init
                0x08001a64       0x60 ./Core/Src/main.o
 .text.MX_TIM1_Init
                0x08001ac4       0xa8 ./Core/Src/main.o
 .text.MX_TIM4_Init
                0x08001b6c       0xa0 ./Core/Src/main.o
 .text.MX_TIM7_Init
                0x08001c0c       0x74 ./Core/Src/main.o
 .text.MX_USART2_UART_Init
                0x08001c80       0x60 ./Core/Src/main.o
 .text.MX_USART3_UART_Init
                0x08001ce0       0x68 ./Core/Src/main.o
 .text.MX_DMA_Init
                0x08001d48       0x4c ./Core/Src/main.o
 .text.MX_GPIO_Init
                0x08001d94      0x1a0 ./Core/Src/main.o
 .text.MainEntry
                0x08001f34       0x34 ./Core/Src/main.o
                0x08001f34                MainEntry
 .text.SDCardEntry
                0x08001f68       0x30 ./Core/Src/main.o
                0x08001f68                SDCardEntry
 .text.HAL_TIM_PeriodElapsedCallback
                0x08001f98       0x24 ./Core/Src/main.o
                0x08001f98                HAL_TIM_PeriodElapsedCallback
 .text.Error_Handler
                0x08001fbc        0xc ./Core/Src/main.o
                0x08001fbc                Error_Handler
 .text.sd_card_mount
                0x08001fc8      0x138 ./Core/Src/sd_card.o
                0x08001fc8                sd_card_mount
 .text.sd_card_write_data
                0x08002100       0xdc ./Core/Src/sd_card.o
                0x08002100                sd_card_write_data
 .text.sd_card_write_can_rx
                0x080021dc       0x24 ./Core/Src/sd_card.o
                0x080021dc                sd_card_write_can_rx
 .text.sd_card_update_async
                0x08002200       0x1c ./Core/Src/sd_card.o
                0x08002200                sd_card_update_async
 .text.sd_card_flush_internal
                0x0800221c       0x1c ./Core/Src/sd_card.o
 .text.sd_card_write_data_bytes
                0x08002238       0x4c ./Core/Src/sd_card.o
 .text.sd_card_write_from_buffer
                0x08002284       0x44 ./Core/Src/sd_card.o
 .text.Serial_Init
                0x080022c8       0x32 ./Core/Src/serial.o
                0x080022c8                Serial_Init
 .text.Serial_StartListening
                0x080022fa       0x26 ./Core/Src/serial.o
                0x080022fa                Serial_StartListening
 .text.Serial_BytesAvailable
                0x08002320       0x48 ./Core/Src/serial.o
                0x08002320                Serial_BytesAvailable
 .text.Serial_GetByte
                0x08002368       0x40 ./Core/Src/serial.o
                0x08002368                Serial_GetByte
 .text.print    0x080023a8       0x28 ./Core/Src/serial_print.o
                0x080023a8                print
 .text.HAL_MspInit
                0x080023d0       0x50 ./Core/Src/stm32f7xx_hal_msp.o
                0x080023d0                HAL_MspInit
 .text.HAL_CAN_MspInit
                0x08002420      0x13c ./Core/Src/stm32f7xx_hal_msp.o
                0x08002420                HAL_CAN_MspInit
 .text.HAL_ETH_MspInit
                0x0800255c      0x170 ./Core/Src/stm32f7xx_hal_msp.o
                0x0800255c                HAL_ETH_MspInit
 .text.HAL_SD_MspInit
                0x080026cc      0x248 ./Core/Src/stm32f7xx_hal_msp.o
                0x080026cc                HAL_SD_MspInit
 .text.HAL_TIM_Base_MspInit
                0x08002914       0x9c ./Core/Src/stm32f7xx_hal_msp.o
                0x08002914                HAL_TIM_Base_MspInit
 .text.HAL_UART_MspInit
                0x080029b0      0x144 ./Core/Src/stm32f7xx_hal_msp.o
                0x080029b0                HAL_UART_MspInit
 .text.HAL_InitTick
                0x08002af4       0xf4 ./Core/Src/stm32f7xx_hal_timebase_tim.o
                0x08002af4                HAL_InitTick
 .text.NMI_Handler
                0x08002be8        0x8 ./Core/Src/stm32f7xx_it.o
                0x08002be8                NMI_Handler
 .text.HardFault_Handler
                0x08002bf0        0x8 ./Core/Src/stm32f7xx_it.o
                0x08002bf0                HardFault_Handler
 .text.MemManage_Handler
                0x08002bf8        0x8 ./Core/Src/stm32f7xx_it.o
                0x08002bf8                MemManage_Handler
 .text.BusFault_Handler
                0x08002c00        0x8 ./Core/Src/stm32f7xx_it.o
                0x08002c00                BusFault_Handler
 .text.UsageFault_Handler
                0x08002c08        0x8 ./Core/Src/stm32f7xx_it.o
                0x08002c08                UsageFault_Handler
 .text.DebugMon_Handler
                0x08002c10        0xe ./Core/Src/stm32f7xx_it.o
                0x08002c10                DebugMon_Handler
 *fill*         0x08002c1e        0x2 
 .text.CAN1_RX0_IRQHandler
                0x08002c20       0x14 ./Core/Src/stm32f7xx_it.o
                0x08002c20                CAN1_RX0_IRQHandler
 .text.EXTI15_10_IRQHandler
                0x08002c34       0x10 ./Core/Src/stm32f7xx_it.o
                0x08002c34                EXTI15_10_IRQHandler
 .text.SDMMC1_IRQHandler
                0x08002c44       0x14 ./Core/Src/stm32f7xx_it.o
                0x08002c44                SDMMC1_IRQHandler
 .text.TIM6_DAC_IRQHandler
                0x08002c58       0x14 ./Core/Src/stm32f7xx_it.o
                0x08002c58                TIM6_DAC_IRQHandler
 .text.TIM7_IRQHandler
                0x08002c6c       0x14 ./Core/Src/stm32f7xx_it.o
                0x08002c6c                TIM7_IRQHandler
 .text.DMA2_Stream3_IRQHandler
                0x08002c80       0x14 ./Core/Src/stm32f7xx_it.o
                0x08002c80                DMA2_Stream3_IRQHandler
 .text.DMA2_Stream6_IRQHandler
                0x08002c94       0x14 ./Core/Src/stm32f7xx_it.o
                0x08002c94                DMA2_Stream6_IRQHandler
 .text._getpid  0x08002ca8       0x10 ./Core/Src/syscalls.o
                0x08002ca8                _getpid
 .text._kill    0x08002cb8       0x20 ./Core/Src/syscalls.o
                0x08002cb8                _kill
 .text._exit    0x08002cd8       0x16 ./Core/Src/syscalls.o
                0x08002cd8                _exit
 .text._read    0x08002cee       0x3a ./Core/Src/syscalls.o
                0x08002cee                _read
 .text._write   0x08002d28       0x38 ./Core/Src/syscalls.o
                0x08002d28                _write
 .text._close   0x08002d60       0x18 ./Core/Src/syscalls.o
                0x08002d60                _close
 .text._fstat   0x08002d78       0x20 ./Core/Src/syscalls.o
                0x08002d78                _fstat
 .text._isatty  0x08002d98       0x16 ./Core/Src/syscalls.o
                0x08002d98                _isatty
 .text._lseek   0x08002dae       0x1a ./Core/Src/syscalls.o
                0x08002dae                _lseek
 .text._sbrk    0x08002dc8       0x6c ./Core/Src/sysmem.o
                0x08002dc8                _sbrk
 .text.SystemInit
                0x08002e34       0x24 ./Core/Src/system_stm32f7xx.o
                0x08002e34                SystemInit
 .text.telem_send
                0x08002e58       0xe4 ./Core/Src/telem.o
                0x08002e58                telem_send
 .text.Xsens_Update
                0x08002f3c       0x88 ./Core/Src/xsens.o
                0x08002f3c                Xsens_Update
 .text.imu_callback
                0x08002fc4      0xa20 ./Core/Src/xsens.o
                0x08002fc4                imu_callback
 .text.xsens_mdata2_process
                0x080039e4      0x1a0 ./Core/Src/xsens/xsens_mdata2.o
                0x080039e4                xsens_mdata2_process
 .text.xsens_mdata2_decode_field
                0x08003b84      0x250 ./Core/Src/xsens/xsens_mdata2.o
                0x08003b84                xsens_mdata2_decode_field
 .text.xsens_mti_parse
                0x08003dd4      0x148 ./Core/Src/xsens/xsens_mti.o
                0x08003dd4                xsens_mti_parse
 .text.xsens_mti_reset_parser
                0x08003f1c       0x30 ./Core/Src/xsens/xsens_mti.o
                0x08003f1c                xsens_mti_reset_parser
 .text.xsens_mti_handle_payload
                0x08003f4c       0x44 ./Core/Src/xsens/xsens_mti.o
                0x08003f4c                xsens_mti_handle_payload
 .text.xsens_mti_find_inbound_handler_entry
                0x08003f90       0x28 ./Core/Src/xsens/xsens_mti.o
                0x08003f90                xsens_mti_find_inbound_handler_entry
 .text.xsens_mti_find_handler_entry
                0x08003fb8       0x4c ./Core/Src/xsens/xsens_mti.o
                0x08003fb8                xsens_mti_find_handler_entry
 .text.xsens_internal_handle_device_id
                0x08004004       0x78 ./Core/Src/xsens/xsens_mti.o
                0x08004004                xsens_internal_handle_device_id
 .text.xsens_internal_handle_product_code
                0x0800407c       0x14 ./Core/Src/xsens/xsens_mti.o
                0x0800407c                xsens_internal_handle_product_code
 .text.xsens_internal_handle_hardware_version
                0x08004090       0x14 ./Core/Src/xsens/xsens_mti.o
                0x08004090                xsens_internal_handle_hardware_version
 .text.xsens_internal_handle_firmware_version
                0x080040a4       0x3a ./Core/Src/xsens/xsens_mti.o
                0x080040a4                xsens_internal_handle_firmware_version
 .text.xsens_internal_handle_selftest_results
                0x080040de       0x14 ./Core/Src/xsens/xsens_mti.o
                0x080040de                xsens_internal_handle_selftest_results
 .text.xsens_internal_handle_error
                0x080040f2       0x1a ./Core/Src/xsens/xsens_mti.o
                0x080040f2                xsens_internal_handle_error
 .text.xsens_internal_handle_mdata2
                0x0800410c       0x24 ./Core/Src/xsens/xsens_mti.o
                0x0800410c                xsens_internal_handle_mdata2
 .text.xsens_coalesce_16BE_16LE
                0x08004130       0x2c ./Core/Src/xsens/xsens_utility.o
                0x08004130                xsens_coalesce_16BE_16LE
 .text.xsens_coalesce_32BE_32LE
                0x0800415c       0x38 ./Core/Src/xsens/xsens_utility.o
                0x0800415c                xsens_coalesce_32BE_32LE
 .text.xsens_coalesce_32BE_F32LE
                0x08004194       0x48 ./Core/Src/xsens/xsens_utility.o
                0x08004194                xsens_coalesce_32BE_F32LE
 .text.Reset_Handler
                0x080041dc       0x50 ./Core/Startup/startup_stm32f746zgtx.o
                0x080041dc                Reset_Handler
 .text.Default_Handler
                0x0800422c        0x2 ./Core/Startup/startup_stm32f746zgtx.o
                0x0800422c                RTC_Alarm_IRQHandler
                0x0800422c                EXTI2_IRQHandler
                0x0800422c                TIM8_CC_IRQHandler
                0x0800422c                UART8_IRQHandler
                0x0800422c                SPI4_IRQHandler
                0x0800422c                TIM1_CC_IRQHandler
                0x0800422c                DMA2_Stream5_IRQHandler
                0x0800422c                DMA1_Stream5_IRQHandler
                0x0800422c                PVD_IRQHandler
                0x0800422c                TAMP_STAMP_IRQHandler
                0x0800422c                CAN2_RX1_IRQHandler
                0x0800422c                EXTI3_IRQHandler
                0x0800422c                TIM8_TRG_COM_TIM14_IRQHandler
                0x0800422c                TIM1_UP_TIM10_IRQHandler
                0x0800422c                TIM8_UP_TIM13_IRQHandler
                0x0800422c                I2C3_ER_IRQHandler
                0x0800422c                EXTI0_IRQHandler
                0x0800422c                I2C2_EV_IRQHandler
                0x0800422c                DMA1_Stream2_IRQHandler
                0x0800422c                FPU_IRQHandler
                0x0800422c                OTG_HS_WKUP_IRQHandler
                0x0800422c                LTDC_ER_IRQHandler
                0x0800422c                CAN2_SCE_IRQHandler
                0x0800422c                DMA2_Stream2_IRQHandler
                0x0800422c                SPI1_IRQHandler
                0x0800422c                TIM1_BRK_TIM9_IRQHandler
                0x0800422c                DCMI_IRQHandler
                0x0800422c                CAN2_RX0_IRQHandler
                0x0800422c                SAI2_IRQHandler
                0x0800422c                USART6_IRQHandler
                0x0800422c                USART3_IRQHandler
                0x0800422c                CAN1_RX1_IRQHandler
                0x0800422c                UART5_IRQHandler
                0x0800422c                DMA2_Stream0_IRQHandler
                0x0800422c                TIM4_IRQHandler
                0x0800422c                QUADSPI_IRQHandler
                0x0800422c                I2C1_EV_IRQHandler
                0x0800422c                DMA1_Stream6_IRQHandler
                0x0800422c                DMA1_Stream1_IRQHandler
                0x0800422c                UART4_IRQHandler
                0x0800422c                TIM3_IRQHandler
                0x0800422c                RCC_IRQHandler
                0x0800422c                TIM8_BRK_TIM12_IRQHandler
                0x0800422c                Default_Handler
                0x0800422c                CEC_IRQHandler
                0x0800422c                ADC_IRQHandler
                0x0800422c                DMA1_Stream7_IRQHandler
                0x0800422c                SPI5_IRQHandler
                0x0800422c                CAN2_TX_IRQHandler
                0x0800422c                TIM5_IRQHandler
                0x0800422c                DMA2_Stream7_IRQHandler
                0x0800422c                I2C3_EV_IRQHandler
                0x0800422c                EXTI9_5_IRQHandler
                0x0800422c                RTC_WKUP_IRQHandler
                0x0800422c                LTDC_IRQHandler
                0x0800422c                ETH_WKUP_IRQHandler
                0x0800422c                SPDIF_RX_IRQHandler
                0x0800422c                SPI2_IRQHandler
                0x0800422c                OTG_HS_EP1_IN_IRQHandler
                0x0800422c                DMA1_Stream0_IRQHandler
                0x0800422c                CAN1_TX_IRQHandler
                0x0800422c                EXTI4_IRQHandler
                0x0800422c                RNG_IRQHandler
                0x0800422c                ETH_IRQHandler
                0x0800422c                OTG_HS_EP1_OUT_IRQHandler
                0x0800422c                WWDG_IRQHandler
                0x0800422c                SPI6_IRQHandler
                0x0800422c                I2C4_EV_IRQHandler
                0x0800422c                TIM2_IRQHandler
                0x0800422c                OTG_FS_WKUP_IRQHandler
                0x0800422c                TIM1_TRG_COM_TIM11_IRQHandler
                0x0800422c                OTG_HS_IRQHandler
                0x0800422c                DMA2D_IRQHandler
                0x0800422c                EXTI1_IRQHandler
                0x0800422c                UART7_IRQHandler
                0x0800422c                USART2_IRQHandler
                0x0800422c                I2C2_ER_IRQHandler
                0x0800422c                DMA2_Stream1_IRQHandler
                0x0800422c                CAN1_SCE_IRQHandler
                0x0800422c                FLASH_IRQHandler
                0x0800422c                DMA2_Stream4_IRQHandler
                0x0800422c                USART1_IRQHandler
                0x0800422c                OTG_FS_IRQHandler
                0x0800422c                SPI3_IRQHandler
                0x0800422c                DMA1_Stream4_IRQHandler
                0x0800422c                I2C1_ER_IRQHandler
                0x0800422c                FMC_IRQHandler
                0x0800422c                LPTIM1_IRQHandler
                0x0800422c                I2C4_ER_IRQHandler
                0x0800422c                SAI1_IRQHandler
                0x0800422c                DMA1_Stream3_IRQHandler
 .text.HAL_Init
                0x0800422e       0x1a ./Drivers/STM32F7xx_HAL_Driver/Src/stm32f7xx_hal.o
                0x0800422e                HAL_Init
 .text.HAL_IncTick
                0x08004248       0x28 ./Drivers/STM32F7xx_HAL_Driver/Src/stm32f7xx_hal.o
                0x08004248                HAL_IncTick
 .text.HAL_GetTick
                0x08004270       0x18 ./Drivers/STM32F7xx_HAL_Driver/Src/stm32f7xx_hal.o
                0x08004270                HAL_GetTick
 .text.HAL_Delay
                0x08004288       0x48 ./Drivers/STM32F7xx_HAL_Driver/Src/stm32f7xx_hal.o
                0x08004288                HAL_Delay
 .text.HAL_CAN_Init
                0x080042d0      0x1f6 ./Drivers/STM32F7xx_HAL_Driver/Src/stm32f7xx_hal_can.o
                0x080042d0                HAL_CAN_Init
 *fill*         0x080044c6        0x2 
 .text.HAL_CAN_ConfigFilter
                0x080044c8      0x1c0 ./Drivers/STM32F7xx_HAL_Driver/Src/stm32f7xx_hal_can.o
                0x080044c8                HAL_CAN_ConfigFilter
 .text.HAL_CAN_Start
                0x08004688       0x88 ./Drivers/STM32F7xx_HAL_Driver/Src/stm32f7xx_hal_can.o
                0x08004688                HAL_CAN_Start
 .text.HAL_CAN_GetRxMessage
                0x08004710      0x224 ./Drivers/STM32F7xx_HAL_Driver/Src/stm32f7xx_hal_can.o
                0x08004710                HAL_CAN_GetRxMessage
 .text.HAL_CAN_ActivateNotification
                0x08004934       0x4c ./Drivers/STM32F7xx_HAL_Driver/Src/stm32f7xx_hal_can.o
                0x08004934                HAL_CAN_ActivateNotification
 .text.HAL_CAN_IRQHandler
                0x08004980      0x36e ./Drivers/STM32F7xx_HAL_Driver/Src/stm32f7xx_hal_can.o
                0x08004980                HAL_CAN_IRQHandler
 .text.HAL_CAN_TxMailbox0CompleteCallback
                0x08004cee       0x14 ./Drivers/STM32F7xx_HAL_Driver/Src/stm32f7xx_hal_can.o
                0x08004cee                HAL_CAN_TxMailbox0CompleteCallback
 .text.HAL_CAN_TxMailbox1CompleteCallback
                0x08004d02       0x14 ./Drivers/STM32F7xx_HAL_Driver/Src/stm32f7xx_hal_can.o
                0x08004d02                HAL_CAN_TxMailbox1CompleteCallback
 .text.HAL_CAN_TxMailbox2CompleteCallback
                0x08004d16       0x14 ./Drivers/STM32F7xx_HAL_Driver/Src/stm32f7xx_hal_can.o
                0x08004d16                HAL_CAN_TxMailbox2CompleteCallback
 .text.HAL_CAN_TxMailbox0AbortCallback
                0x08004d2a       0x14 ./Drivers/STM32F7xx_HAL_Driver/Src/stm32f7xx_hal_can.o
                0x08004d2a                HAL_CAN_TxMailbox0AbortCallback
 .text.HAL_CAN_TxMailbox1AbortCallback
                0x08004d3e       0x14 ./Drivers/STM32F7xx_HAL_Driver/Src/stm32f7xx_hal_can.o
                0x08004d3e                HAL_CAN_TxMailbox1AbortCallback
 .text.HAL_CAN_TxMailbox2AbortCallback
                0x08004d52       0x14 ./Drivers/STM32F7xx_HAL_Driver/Src/stm32f7xx_hal_can.o
                0x08004d52                HAL_CAN_TxMailbox2AbortCallback
 .text.HAL_CAN_RxFifo0FullCallback
                0x08004d66       0x14 ./Drivers/STM32F7xx_HAL_Driver/Src/stm32f7xx_hal_can.o
                0x08004d66                HAL_CAN_RxFifo0FullCallback
 .text.HAL_CAN_RxFifo1MsgPendingCallback
                0x08004d7a       0x14 ./Drivers/STM32F7xx_HAL_Driver/Src/stm32f7xx_hal_can.o
                0x08004d7a                HAL_CAN_RxFifo1MsgPendingCallback
 .text.HAL_CAN_RxFifo1FullCallback
                0x08004d8e       0x14 ./Drivers/STM32F7xx_HAL_Driver/Src/stm32f7xx_hal_can.o
                0x08004d8e                HAL_CAN_RxFifo1FullCallback
 .text.HAL_CAN_SleepCallback
                0x08004da2       0x14 ./Drivers/STM32F7xx_HAL_Driver/Src/stm32f7xx_hal_can.o
                0x08004da2                HAL_CAN_SleepCallback
 .text.HAL_CAN_WakeUpFromRxMsgCallback
                0x08004db6       0x14 ./Drivers/STM32F7xx_HAL_Driver/Src/stm32f7xx_hal_can.o
                0x08004db6                HAL_CAN_WakeUpFromRxMsgCallback
 .text.HAL_CAN_ErrorCallback
                0x08004dca       0x14 ./Drivers/STM32F7xx_HAL_Driver/Src/stm32f7xx_hal_can.o
                0x08004dca                HAL_CAN_ErrorCallback
 *fill*         0x08004dde        0x2 
 .text.__NVIC_SetPriorityGrouping
                0x08004de0       0x48 ./Drivers/STM32F7xx_HAL_Driver/Src/stm32f7xx_hal_cortex.o
 .text.__NVIC_GetPriorityGrouping
                0x08004e28       0x1c ./Drivers/STM32F7xx_HAL_Driver/Src/stm32f7xx_hal_cortex.o
 .text.__NVIC_EnableIRQ
                0x08004e44       0x3c ./Drivers/STM32F7xx_HAL_Driver/Src/stm32f7xx_hal_cortex.o
 .text.__NVIC_SetPriority
                0x08004e80       0x54 ./Drivers/STM32F7xx_HAL_Driver/Src/stm32f7xx_hal_cortex.o
 .text.NVIC_EncodePriority
                0x08004ed4       0x66 ./Drivers/STM32F7xx_HAL_Driver/Src/stm32f7xx_hal_cortex.o
 .text.HAL_NVIC_SetPriorityGrouping
                0x08004f3a       0x16 ./Drivers/STM32F7xx_HAL_Driver/Src/stm32f7xx_hal_cortex.o
                0x08004f3a                HAL_NVIC_SetPriorityGrouping
 .text.HAL_NVIC_SetPriority
                0x08004f50       0x38 ./Drivers/STM32F7xx_HAL_Driver/Src/stm32f7xx_hal_cortex.o
                0x08004f50                HAL_NVIC_SetPriority
 .text.HAL_NVIC_EnableIRQ
                0x08004f88       0x1c ./Drivers/STM32F7xx_HAL_Driver/Src/stm32f7xx_hal_cortex.o
                0x08004f88                HAL_NVIC_EnableIRQ
 .text.HAL_DMA_Init
                0x08004fa4      0x15c ./Drivers/STM32F7xx_HAL_Driver/Src/stm32f7xx_hal_dma.o
                0x08004fa4                HAL_DMA_Init
 .text.HAL_DMA_Start_IT
                0x08005100       0xc0 ./Drivers/STM32F7xx_HAL_Driver/Src/stm32f7xx_hal_dma.o
                0x08005100                HAL_DMA_Start_IT
 .text.HAL_DMA_Abort_IT
                0x080051c0       0x44 ./Drivers/STM32F7xx_HAL_Driver/Src/stm32f7xx_hal_dma.o
                0x080051c0                HAL_DMA_Abort_IT
 .text.HAL_DMA_IRQHandler
                0x08005204      0x314 ./Drivers/STM32F7xx_HAL_Driver/Src/stm32f7xx_hal_dma.o
                0x08005204                HAL_DMA_IRQHandler
 .text.HAL_DMA_GetError
                0x08005518       0x18 ./Drivers/STM32F7xx_HAL_Driver/Src/stm32f7xx_hal_dma.o
                0x08005518                HAL_DMA_GetError
 .text.DMA_SetConfig
                0x08005530       0x5c ./Drivers/STM32F7xx_HAL_Driver/Src/stm32f7xx_hal_dma.o
 .text.DMA_CalcBaseAndBitshift
                0x0800558c       0x6c ./Drivers/STM32F7xx_HAL_Driver/Src/stm32f7xx_hal_dma.o
 .text.DMA_CheckFifoParam
                0x080055f8       0xf8 ./Drivers/STM32F7xx_HAL_Driver/Src/stm32f7xx_hal_dma.o
 .text.HAL_ETH_Init
                0x080056f0       0xf8 ./Drivers/STM32F7xx_HAL_Driver/Src/stm32f7xx_hal_eth.o
                0x080056f0                HAL_ETH_Init
 .text.ETH_SetMACConfig
                0x080057e8      0x160 ./Drivers/STM32F7xx_HAL_Driver/Src/stm32f7xx_hal_eth.o
 .text.ETH_SetDMAConfig
                0x08005948      0x114 ./Drivers/STM32F7xx_HAL_Driver/Src/stm32f7xx_hal_eth.o
 .text.ETH_MACDMAConfig
                0x08005a5c       0xe4 ./Drivers/STM32F7xx_HAL_Driver/Src/stm32f7xx_hal_eth.o
 .text.ETH_MACAddressConfig
                0x08005b40       0x70 ./Drivers/STM32F7xx_HAL_Driver/Src/stm32f7xx_hal_eth.o
 .text.ETH_DMATxDescListInit
                0x08005bb0       0xb2 ./Drivers/STM32F7xx_HAL_Driver/Src/stm32f7xx_hal_eth.o
 .text.ETH_DMARxDescListInit
                0x08005c62       0xda ./Drivers/STM32F7xx_HAL_Driver/Src/stm32f7xx_hal_eth.o
 .text.HAL_GPIO_Init
                0x08005d3c      0x358 ./Drivers/STM32F7xx_HAL_Driver/Src/stm32f7xx_hal_gpio.o
                0x08005d3c                HAL_GPIO_Init
 .text.HAL_GPIO_ReadPin
                0x08006094       0x30 ./Drivers/STM32F7xx_HAL_Driver/Src/stm32f7xx_hal_gpio.o
                0x08006094                HAL_GPIO_ReadPin
 .text.HAL_GPIO_WritePin
                0x080060c4       0x32 ./Drivers/STM32F7xx_HAL_Driver/Src/stm32f7xx_hal_gpio.o
                0x080060c4                HAL_GPIO_WritePin
 .text.HAL_GPIO_TogglePin
                0x080060f6       0x34 ./Drivers/STM32F7xx_HAL_Driver/Src/stm32f7xx_hal_gpio.o
                0x080060f6                HAL_GPIO_TogglePin
 *fill*         0x0800612a        0x2 
 .text.HAL_GPIO_EXTI_IRQHandler
                0x0800612c       0x30 ./Drivers/STM32F7xx_HAL_Driver/Src/stm32f7xx_hal_gpio.o
                0x0800612c                HAL_GPIO_EXTI_IRQHandler
 .text.HAL_PWREx_EnableOverDrive
                0x0800615c       0xa0 ./Drivers/STM32F7xx_HAL_Driver/Src/stm32f7xx_hal_pwr_ex.o
                0x0800615c                HAL_PWREx_EnableOverDrive
 .text.HAL_RCC_OscConfig
                0x080061fc      0x548 ./Drivers/STM32F7xx_HAL_Driver/Src/stm32f7xx_hal_rcc.o
                0x080061fc                HAL_RCC_OscConfig
 .text.HAL_RCC_ClockConfig
                0x08006744      0x1d8 ./Drivers/STM32F7xx_HAL_Driver/Src/stm32f7xx_hal_rcc.o
                0x08006744                HAL_RCC_ClockConfig
 .text.HAL_RCC_GetSysClockFreq
                0x0800691c      0x208 ./Drivers/STM32F7xx_HAL_Driver/Src/stm32f7xx_hal_rcc.o
                0x0800691c                HAL_RCC_GetSysClockFreq
 .text.HAL_RCC_GetHCLKFreq
                0x08006b24       0x18 ./Drivers/STM32F7xx_HAL_Driver/Src/stm32f7xx_hal_rcc.o
                0x08006b24                HAL_RCC_GetHCLKFreq
 .text.HAL_RCC_GetPCLK1Freq
                0x08006b3c       0x28 ./Drivers/STM32F7xx_HAL_Driver/Src/stm32f7xx_hal_rcc.o
                0x08006b3c                HAL_RCC_GetPCLK1Freq
 .text.HAL_RCC_GetPCLK2Freq
                0x08006b64       0x28 ./Drivers/STM32F7xx_HAL_Driver/Src/stm32f7xx_hal_rcc.o
                0x08006b64                HAL_RCC_GetPCLK2Freq
 .text.HAL_RCC_GetClockConfig
                0x08006b8c       0x64 ./Drivers/STM32F7xx_HAL_Driver/Src/stm32f7xx_hal_rcc.o
                0x08006b8c                HAL_RCC_GetClockConfig
 .text.HAL_RCCEx_PeriphCLKConfig
                0x08006bf0      0x7e0 ./Drivers/STM32F7xx_HAL_Driver/Src/stm32f7xx_hal_rcc_ex.o
                0x08006bf0                HAL_RCCEx_PeriphCLKConfig
 .text.HAL_SD_Init
                0x080073d0       0x60 ./Drivers/STM32F7xx_HAL_Driver/Src/stm32f7xx_hal_sd.o
                0x080073d0                HAL_SD_Init
 .text.HAL_SD_InitCard
                0x08007430      0x110 ./Drivers/STM32F7xx_HAL_Driver/Src/stm32f7xx_hal_sd.o
                0x08007430                HAL_SD_InitCard
 .text.HAL_SD_ReadBlocks_DMA
                0x08007540      0x1c4 ./Drivers/STM32F7xx_HAL_Driver/Src/stm32f7xx_hal_sd.o
                0x08007540                HAL_SD_ReadBlocks_DMA
 .text.HAL_SD_WriteBlocks_DMA
                0x08007704      0x1cc ./Drivers/STM32F7xx_HAL_Driver/Src/stm32f7xx_hal_sd.o
                0x08007704                HAL_SD_WriteBlocks_DMA
 .text.HAL_SD_IRQHandler
                0x080078d0      0x2ec ./Drivers/STM32F7xx_HAL_Driver/Src/stm32f7xx_hal_sd.o
                0x080078d0                HAL_SD_IRQHandler
 .text.HAL_SD_ErrorCallback
                0x08007bbc       0x14 ./Drivers/STM32F7xx_HAL_Driver/Src/stm32f7xx_hal_sd.o
                0x08007bbc                HAL_SD_ErrorCallback
 .text.HAL_SD_GetCardCSD
                0x08007bd0      0x348 ./Drivers/STM32F7xx_HAL_Driver/Src/stm32f7xx_hal_sd.o
                0x08007bd0                HAL_SD_GetCardCSD
 .text.HAL_SD_GetCardInfo
                0x08007f18       0x58 ./Drivers/STM32F7xx_HAL_Driver/Src/stm32f7xx_hal_sd.o
                0x08007f18                HAL_SD_GetCardInfo
 .text.HAL_SD_ConfigWideBusOperation
                0x08007f70      0x134 ./Drivers/STM32F7xx_HAL_Driver/Src/stm32f7xx_hal_sd.o
                0x08007f70                HAL_SD_ConfigWideBusOperation
 .text.HAL_SD_GetCardState
                0x080080a4       0x40 ./Drivers/STM32F7xx_HAL_Driver/Src/stm32f7xx_hal_sd.o
                0x080080a4                HAL_SD_GetCardState
 .text.SD_DMATransmitCplt
                0x080080e4       0x2a ./Drivers/STM32F7xx_HAL_Driver/Src/stm32f7xx_hal_sd.o
 .text.SD_DMAReceiveCplt
                0x0800810e       0x70 ./Drivers/STM32F7xx_HAL_Driver/Src/stm32f7xx_hal_sd.o
 *fill*         0x0800817e        0x2 
 .text.SD_DMAError
                0x08008180       0xa4 ./Drivers/STM32F7xx_HAL_Driver/Src/stm32f7xx_hal_sd.o
 .text.SD_DMATxAbort
                0x08008224       0x6e ./Drivers/STM32F7xx_HAL_Driver/Src/stm32f7xx_hal_sd.o
 .text.SD_DMARxAbort
                0x08008292       0x6e ./Drivers/STM32F7xx_HAL_Driver/Src/stm32f7xx_hal_sd.o
 .text.SD_InitCard
                0x08008300      0x19c ./Drivers/STM32F7xx_HAL_Driver/Src/stm32f7xx_hal_sd.o
 .text.SD_PowerON
                0x0800849c      0x11c ./Drivers/STM32F7xx_HAL_Driver/Src/stm32f7xx_hal_sd.o
 .text.SD_SendStatus
                0x080085b8       0x50 ./Drivers/STM32F7xx_HAL_Driver/Src/stm32f7xx_hal_sd.o
 .text.SD_WideBus_Enable
                0x08008608       0x96 ./Drivers/STM32F7xx_HAL_Driver/Src/stm32f7xx_hal_sd.o
 .text.SD_WideBus_Disable
                0x0800869e       0x96 ./Drivers/STM32F7xx_HAL_Driver/Src/stm32f7xx_hal_sd.o
 .text.SD_FindSCR
                0x08008734      0x1a6 ./Drivers/STM32F7xx_HAL_Driver/Src/stm32f7xx_hal_sd.o
 .text.SD_Read_IT
                0x080088da       0xa2 ./Drivers/STM32F7xx_HAL_Driver/Src/stm32f7xx_hal_sd.o
 .text.SD_Write_IT
                0x0800897c       0xaa ./Drivers/STM32F7xx_HAL_Driver/Src/stm32f7xx_hal_sd.o
 .text.HAL_TIM_Base_Init
                0x08008a26       0xae ./Drivers/STM32F7xx_HAL_Driver/Src/stm32f7xx_hal_tim.o
                0x08008a26                HAL_TIM_Base_Init
 .text.HAL_TIM_Base_Start_IT
                0x08008ad4       0xf0 ./Drivers/STM32F7xx_HAL_Driver/Src/stm32f7xx_hal_tim.o
                0x08008ad4                HAL_TIM_Base_Start_IT
 .text.HAL_TIM_IRQHandler
                0x08008bc4      0x23e ./Drivers/STM32F7xx_HAL_Driver/Src/stm32f7xx_hal_tim.o
                0x08008bc4                HAL_TIM_IRQHandler
 *fill*         0x08008e02        0x2 
 .text.HAL_TIM_ConfigClockSource
                0x08008e04      0x194 ./Drivers/STM32F7xx_HAL_Driver/Src/stm32f7xx_hal_tim.o
                0x08008e04                HAL_TIM_ConfigClockSource
 .text.HAL_TIM_SlaveConfigSynchro
                0x08008f98       0x84 ./Drivers/STM32F7xx_HAL_Driver/Src/stm32f7xx_hal_tim.o
                0x08008f98                HAL_TIM_SlaveConfigSynchro
 .text.HAL_TIM_OC_DelayElapsedCallback
                0x0800901c       0x14 ./Drivers/STM32F7xx_HAL_Driver/Src/stm32f7xx_hal_tim.o
                0x0800901c                HAL_TIM_OC_DelayElapsedCallback
 .text.HAL_TIM_IC_CaptureCallback
                0x08009030       0x14 ./Drivers/STM32F7xx_HAL_Driver/Src/stm32f7xx_hal_tim.o
                0x08009030                HAL_TIM_IC_CaptureCallback
 .text.HAL_TIM_PWM_PulseFinishedCallback
                0x08009044       0x14 ./Drivers/STM32F7xx_HAL_Driver/Src/stm32f7xx_hal_tim.o
                0x08009044                HAL_TIM_PWM_PulseFinishedCallback
 .text.HAL_TIM_TriggerCallback
                0x08009058       0x14 ./Drivers/STM32F7xx_HAL_Driver/Src/stm32f7xx_hal_tim.o
                0x08009058                HAL_TIM_TriggerCallback
 .text.TIM_Base_SetConfig
                0x0800906c      0x140 ./Drivers/STM32F7xx_HAL_Driver/Src/stm32f7xx_hal_tim.o
                0x0800906c                TIM_Base_SetConfig
 .text.TIM_SlaveTimer_SetConfig
                0x080091ac      0x128 ./Drivers/STM32F7xx_HAL_Driver/Src/stm32f7xx_hal_tim.o
 .text.TIM_TI1_ConfigInputStage
                0x080092d4       0x5e ./Drivers/STM32F7xx_HAL_Driver/Src/stm32f7xx_hal_tim.o
 .text.TIM_TI2_ConfigInputStage
                0x08009332       0x60 ./Drivers/STM32F7xx_HAL_Driver/Src/stm32f7xx_hal_tim.o
 .text.TIM_ITRx_SetConfig
                0x08009392       0x36 ./Drivers/STM32F7xx_HAL_Driver/Src/stm32f7xx_hal_tim.o
 .text.TIM_ETR_SetConfig
                0x080093c8       0x40 ./Drivers/STM32F7xx_HAL_Driver/Src/stm32f7xx_hal_tim.o
                0x080093c8                TIM_ETR_SetConfig
 .text.HAL_TIMEx_MasterConfigSynchronization
                0x08009408      0x11c ./Drivers/STM32F7xx_HAL_Driver/Src/stm32f7xx_hal_tim_ex.o
                0x08009408                HAL_TIMEx_MasterConfigSynchronization
 .text.HAL_TIMEx_CommutCallback
                0x08009524       0x14 ./Drivers/STM32F7xx_HAL_Driver/Src/stm32f7xx_hal_tim_ex.o
                0x08009524                HAL_TIMEx_CommutCallback
 .text.HAL_TIMEx_BreakCallback
                0x08009538       0x14 ./Drivers/STM32F7xx_HAL_Driver/Src/stm32f7xx_hal_tim_ex.o
                0x08009538                HAL_TIMEx_BreakCallback
 .text.HAL_TIMEx_Break2Callback
                0x0800954c       0x14 ./Drivers/STM32F7xx_HAL_Driver/Src/stm32f7xx_hal_tim_ex.o
                0x0800954c                HAL_TIMEx_Break2Callback
 .text.HAL_UART_Init
                0x08009560       0x9c ./Drivers/STM32F7xx_HAL_Driver/Src/stm32f7xx_hal_uart.o
                0x08009560                HAL_UART_Init
 .text.HAL_UART_Transmit
                0x080095fc      0x106 ./Drivers/STM32F7xx_HAL_Driver/Src/stm32f7xx_hal_uart.o
                0x080095fc                HAL_UART_Transmit
 .text.HAL_UART_Receive_DMA
                0x08009702       0x88 ./Drivers/STM32F7xx_HAL_Driver/Src/stm32f7xx_hal_uart.o
                0x08009702                HAL_UART_Receive_DMA
 .text.HAL_UART_RxCpltCallback
                0x0800978a       0x14 ./Drivers/STM32F7xx_HAL_Driver/Src/stm32f7xx_hal_uart.o
                0x0800978a                HAL_UART_RxCpltCallback
 .text.HAL_UART_RxHalfCpltCallback
                0x0800979e       0x14 ./Drivers/STM32F7xx_HAL_Driver/Src/stm32f7xx_hal_uart.o
                0x0800979e                HAL_UART_RxHalfCpltCallback
 .text.HAL_UART_ErrorCallback
                0x080097b2       0x14 ./Drivers/STM32F7xx_HAL_Driver/Src/stm32f7xx_hal_uart.o
                0x080097b2                HAL_UART_ErrorCallback
 .text.HAL_UARTEx_RxEventCallback
                0x080097c6       0x18 ./Drivers/STM32F7xx_HAL_Driver/Src/stm32f7xx_hal_uart.o
                0x080097c6                HAL_UARTEx_RxEventCallback
 *fill*         0x080097de        0x2 
 .text.UART_SetConfig
                0x080097e0      0x4c8 ./Drivers/STM32F7xx_HAL_Driver/Src/stm32f7xx_hal_uart.o
                0x080097e0                UART_SetConfig
 .text.UART_AdvFeatureConfig
                0x08009ca8      0x144 ./Drivers/STM32F7xx_HAL_Driver/Src/stm32f7xx_hal_uart.o
                0x08009ca8                UART_AdvFeatureConfig
 .text.UART_CheckIdleState
                0x08009dec       0x6e ./Drivers/STM32F7xx_HAL_Driver/Src/stm32f7xx_hal_uart.o
                0x08009dec                UART_CheckIdleState
 .text.UART_WaitOnFlagUntilTimeout
                0x08009e5a      0x18c ./Drivers/STM32F7xx_HAL_Driver/Src/stm32f7xx_hal_uart.o
                0x08009e5a                UART_WaitOnFlagUntilTimeout
 *fill*         0x08009fe6        0x2 
 .text.UART_Start_Receive_DMA
                0x08009fe8      0x140 ./Drivers/STM32F7xx_HAL_Driver/Src/stm32f7xx_hal_uart.o
                0x08009fe8                UART_Start_Receive_DMA
 .text.UART_EndTxTransfer
                0x0800a128       0x4c ./Drivers/STM32F7xx_HAL_Driver/Src/stm32f7xx_hal_uart.o
 .text.UART_EndRxTransfer
                0x0800a174       0xc8 ./Drivers/STM32F7xx_HAL_Driver/Src/stm32f7xx_hal_uart.o
 .text.UART_DMAReceiveCplt
                0x0800a23c      0x128 ./Drivers/STM32F7xx_HAL_Driver/Src/stm32f7xx_hal_uart.o
 .text.UART_DMARxHalfCplt
                0x0800a364       0x3e ./Drivers/STM32F7xx_HAL_Driver/Src/stm32f7xx_hal_uart.o
 .text.UART_DMAError
                0x0800a3a2       0x7e ./Drivers/STM32F7xx_HAL_Driver/Src/stm32f7xx_hal_uart.o
 .text.SDMMC_Init
                0x0800a420       0x58 ./Drivers/STM32F7xx_HAL_Driver/Src/stm32f7xx_ll_sdmmc.o
                0x0800a420                SDMMC_Init
 .text.SDMMC_ReadFIFO
                0x0800a478       0x1a ./Drivers/STM32F7xx_HAL_Driver/Src/stm32f7xx_ll_sdmmc.o
                0x0800a478                SDMMC_ReadFIFO
 .text.SDMMC_WriteFIFO
                0x0800a492       0x22 ./Drivers/STM32F7xx_HAL_Driver/Src/stm32f7xx_ll_sdmmc.o
                0x0800a492                SDMMC_WriteFIFO
 .text.SDMMC_PowerState_ON
                0x0800a4b4       0x1c ./Drivers/STM32F7xx_HAL_Driver/Src/stm32f7xx_ll_sdmmc.o
                0x0800a4b4                SDMMC_PowerState_ON
 .text.SDMMC_GetPowerState
                0x0800a4d0       0x1c ./Drivers/STM32F7xx_HAL_Driver/Src/stm32f7xx_ll_sdmmc.o
                0x0800a4d0                SDMMC_GetPowerState
 .text.SDMMC_SendCommand
                0x0800a4ec       0x54 ./Drivers/STM32F7xx_HAL_Driver/Src/stm32f7xx_ll_sdmmc.o
                0x0800a4ec                SDMMC_SendCommand
 .text.SDMMC_GetCommandResponse
                0x0800a540       0x1a ./Drivers/STM32F7xx_HAL_Driver/Src/stm32f7xx_ll_sdmmc.o
                0x0800a540                SDMMC_GetCommandResponse
 .text.SDMMC_GetResponse
                0x0800a55a       0x26 ./Drivers/STM32F7xx_HAL_Driver/Src/stm32f7xx_ll_sdmmc.o
                0x0800a55a                SDMMC_GetResponse
 .text.SDMMC_ConfigData
                0x0800a580       0x58 ./Drivers/STM32F7xx_HAL_Driver/Src/stm32f7xx_ll_sdmmc.o
                0x0800a580                SDMMC_ConfigData
 .text.SDMMC_CmdBlockLength
                0x0800a5d8       0x44 ./Drivers/STM32F7xx_HAL_Driver/Src/stm32f7xx_ll_sdmmc.o
                0x0800a5d8                SDMMC_CmdBlockLength
 .text.SDMMC_CmdReadSingleBlock
                0x0800a61c       0x44 ./Drivers/STM32F7xx_HAL_Driver/Src/stm32f7xx_ll_sdmmc.o
                0x0800a61c                SDMMC_CmdReadSingleBlock
 .text.SDMMC_CmdReadMultiBlock
                0x0800a660       0x44 ./Drivers/STM32F7xx_HAL_Driver/Src/stm32f7xx_ll_sdmmc.o
                0x0800a660                SDMMC_CmdReadMultiBlock
 .text.SDMMC_CmdWriteSingleBlock
                0x0800a6a4       0x44 ./Drivers/STM32F7xx_HAL_Driver/Src/stm32f7xx_ll_sdmmc.o
                0x0800a6a4                SDMMC_CmdWriteSingleBlock
 .text.SDMMC_CmdWriteMultiBlock
                0x0800a6e8       0x44 ./Drivers/STM32F7xx_HAL_Driver/Src/stm32f7xx_ll_sdmmc.o
                0x0800a6e8                SDMMC_CmdWriteMultiBlock
 .text.SDMMC_CmdStopTransfer
                0x0800a72c       0x44 ./Drivers/STM32F7xx_HAL_Driver/Src/stm32f7xx_ll_sdmmc.o
                0x0800a72c                SDMMC_CmdStopTransfer
 .text.SDMMC_CmdSelDesel
                0x0800a770       0x46 ./Drivers/STM32F7xx_HAL_Driver/Src/stm32f7xx_ll_sdmmc.o
                0x0800a770                SDMMC_CmdSelDesel
 .text.SDMMC_CmdGoIdleState
                0x0800a7b6       0x3c ./Drivers/STM32F7xx_HAL_Driver/Src/stm32f7xx_ll_sdmmc.o
                0x0800a7b6                SDMMC_CmdGoIdleState
 .text.SDMMC_CmdOperCond
                0x0800a7f2       0x3e ./Drivers/STM32F7xx_HAL_Driver/Src/stm32f7xx_ll_sdmmc.o
                0x0800a7f2                SDMMC_CmdOperCond
 .text.SDMMC_CmdAppCommand
                0x0800a830       0x44 ./Drivers/STM32F7xx_HAL_Driver/Src/stm32f7xx_ll_sdmmc.o
                0x0800a830                SDMMC_CmdAppCommand
 .text.SDMMC_CmdAppOperCommand
                0x0800a874       0x48 ./Drivers/STM32F7xx_HAL_Driver/Src/stm32f7xx_ll_sdmmc.o
                0x0800a874                SDMMC_CmdAppOperCommand
 .text.SDMMC_CmdBusWidth
                0x0800a8bc       0x44 ./Drivers/STM32F7xx_HAL_Driver/Src/stm32f7xx_ll_sdmmc.o
                0x0800a8bc                SDMMC_CmdBusWidth
 .text.SDMMC_CmdSendSCR
                0x0800a900       0x42 ./Drivers/STM32F7xx_HAL_Driver/Src/stm32f7xx_ll_sdmmc.o
                0x0800a900                SDMMC_CmdSendSCR
 .text.SDMMC_CmdSendCID
                0x0800a942       0x3c ./Drivers/STM32F7xx_HAL_Driver/Src/stm32f7xx_ll_sdmmc.o
                0x0800a942                SDMMC_CmdSendCID
 .text.SDMMC_CmdSendCSD
                0x0800a97e       0x3e ./Drivers/STM32F7xx_HAL_Driver/Src/stm32f7xx_ll_sdmmc.o
                0x0800a97e                SDMMC_CmdSendCSD
 .text.SDMMC_CmdSetRelAdd
                0x0800a9bc       0x42 ./Drivers/STM32F7xx_HAL_Driver/Src/stm32f7xx_ll_sdmmc.o
                0x0800a9bc                SDMMC_CmdSetRelAdd
 .text.SDMMC_CmdSendStatus
                0x0800a9fe       0x44 ./Drivers/STM32F7xx_HAL_Driver/Src/stm32f7xx_ll_sdmmc.o
                0x0800a9fe                SDMMC_CmdSendStatus
 *fill*         0x0800aa42        0x2 
 .text.SDMMC_GetCmdResp1
                0x0800aa44      0x1dc ./Drivers/STM32F7xx_HAL_Driver/Src/stm32f7xx_ll_sdmmc.o
                0x0800aa44                SDMMC_GetCmdResp1
 .text.SDMMC_GetCmdResp2
                0x0800ac20       0x90 ./Drivers/STM32F7xx_HAL_Driver/Src/stm32f7xx_ll_sdmmc.o
                0x0800ac20                SDMMC_GetCmdResp2
 .text.SDMMC_GetCmdResp3
                0x0800acb0       0x7c ./Drivers/STM32F7xx_HAL_Driver/Src/stm32f7xx_ll_sdmmc.o
                0x0800acb0                SDMMC_GetCmdResp3
 .text.SDMMC_GetCmdResp6
                0x0800ad2c       0xec ./Drivers/STM32F7xx_HAL_Driver/Src/stm32f7xx_ll_sdmmc.o
                0x0800ad2c                SDMMC_GetCmdResp6
 .text.SDMMC_GetCmdResp7
                0x0800ae18       0x9c ./Drivers/STM32F7xx_HAL_Driver/Src/stm32f7xx_ll_sdmmc.o
                0x0800ae18                SDMMC_GetCmdResp7
 .text.SDMMC_GetCmdError
                0x0800aeb4       0x58 ./Drivers/STM32F7xx_HAL_Driver/Src/stm32f7xx_ll_sdmmc.o
 .text.MX_FATFS_Init
                0x0800af0c       0x24 ./FATFS/App/fatfs.o
                0x0800af0c                MX_FATFS_Init
 .text.get_fattime
                0x0800af30       0x10 ./FATFS/App/fatfs.o
                0x0800af30                get_fattime
 .text.BSP_SD_Init
                0x0800af40       0x4c ./FATFS/Target/bsp_driver_sd.o
                0x0800af40                BSP_SD_Init
 .text.BSP_SD_ReadBlocks_DMA
                0x0800af8c       0x34 ./FATFS/Target/bsp_driver_sd.o
                0x0800af8c                BSP_SD_ReadBlocks_DMA
 .text.BSP_SD_WriteBlocks_DMA
                0x0800afc0       0x34 ./FATFS/Target/bsp_driver_sd.o
                0x0800afc0                BSP_SD_WriteBlocks_DMA
 .text.BSP_SD_GetCardState
                0x0800aff4       0x20 ./FATFS/Target/bsp_driver_sd.o
                0x0800aff4                BSP_SD_GetCardState
 .text.BSP_SD_GetCardInfo
                0x0800b014       0x1c ./FATFS/Target/bsp_driver_sd.o
                0x0800b014                BSP_SD_GetCardInfo
 .text.HAL_SD_AbortCallback
                0x0800b030       0x14 ./FATFS/Target/bsp_driver_sd.o
                0x0800b030                HAL_SD_AbortCallback
 .text.HAL_SD_TxCpltCallback
                0x0800b044       0x14 ./FATFS/Target/bsp_driver_sd.o
                0x0800b044                HAL_SD_TxCpltCallback
 .text.HAL_SD_RxCpltCallback
                0x0800b058       0x14 ./FATFS/Target/bsp_driver_sd.o
                0x0800b058                HAL_SD_RxCpltCallback
 .text.BSP_SD_AbortCallback
                0x0800b06c        0xe ./FATFS/Target/bsp_driver_sd.o
                0x0800b06c                BSP_SD_AbortCallback
 .text.BSP_SD_IsDetected
                0x0800b07a       0x24 ./FATFS/Target/bsp_driver_sd.o
                0x0800b07a                BSP_SD_IsDetected
 *fill*         0x0800b09e        0x2 
 .text.BSP_PlatformIsDetected
                0x0800b0a0       0x30 ./FATFS/Target/fatfs_platform.o
                0x0800b0a0                BSP_PlatformIsDetected
 .text.SD_CheckStatusWithTimeout
                0x0800b0d0       0x3a ./FATFS/Target/sd_diskio.o
 *fill*         0x0800b10a        0x2 
 .text.SD_CheckStatus
                0x0800b10c       0x3c ./FATFS/Target/sd_diskio.o
 .text.SD_initialize
                0x0800b148       0x84 ./FATFS/Target/sd_diskio.o
                0x0800b148                SD_initialize
 .text.SD_status
                0x0800b1cc       0x1c ./FATFS/Target/sd_diskio.o
                0x0800b1cc                SD_status
 .text.SD_read  0x0800b1e8       0x94 ./FATFS/Target/sd_diskio.o
                0x0800b1e8                SD_read
 .text.SD_write
                0x0800b27c       0x90 ./FATFS/Target/sd_diskio.o
                0x0800b27c                SD_write
 .text.SD_ioctl
                0x0800b30c       0xb0 ./FATFS/Target/sd_diskio.o
                0x0800b30c                SD_ioctl
 .text.BSP_SD_WriteCpltCallback
                0x0800b3bc       0x24 ./FATFS/Target/sd_diskio.o
                0x0800b3bc                BSP_SD_WriteCpltCallback
 .text.BSP_SD_ReadCpltCallback
                0x0800b3e0       0x24 ./FATFS/Target/sd_diskio.o
                0x0800b3e0                BSP_SD_ReadCpltCallback
 .text.disk_status
                0x0800b404       0x34 ./Middlewares/Third_Party/FatFs/src/diskio.o
                0x0800b404                disk_status
 .text.disk_initialize
                0x0800b438       0x4c ./Middlewares/Third_Party/FatFs/src/diskio.o
                0x0800b438                disk_initialize
 .text.disk_read
                0x0800b484       0x40 ./Middlewares/Third_Party/FatFs/src/diskio.o
                0x0800b484                disk_read
 .text.disk_write
                0x0800b4c4       0x40 ./Middlewares/Third_Party/FatFs/src/diskio.o
                0x0800b4c4                disk_write
 .text.disk_ioctl
                0x0800b504       0x3c ./Middlewares/Third_Party/FatFs/src/diskio.o
                0x0800b504                disk_ioctl
 .text.ld_word  0x0800b540       0x32 ./Middlewares/Third_Party/FatFs/src/ff.o
 .text.ld_dword
                0x0800b572       0x46 ./Middlewares/Third_Party/FatFs/src/ff.o
 .text.st_word  0x0800b5b8       0x36 ./Middlewares/Third_Party/FatFs/src/ff.o
 .text.st_dword
                0x0800b5ee       0x58 ./Middlewares/Third_Party/FatFs/src/ff.o
 .text.mem_cpy  0x0800b646       0x42 ./Middlewares/Third_Party/FatFs/src/ff.o
 .text.mem_set  0x0800b688       0x36 ./Middlewares/Third_Party/FatFs/src/ff.o
 .text.mem_cmp  0x0800b6be       0x4e ./Middlewares/Third_Party/FatFs/src/ff.o
 .text.chk_chr  0x0800b70c       0x36 ./Middlewares/Third_Party/FatFs/src/ff.o
 .text.lock_fs  0x0800b742       0x2c ./Middlewares/Third_Party/FatFs/src/ff.o
 .text.unlock_fs
                0x0800b76e       0x36 ./Middlewares/Third_Party/FatFs/src/ff.o
 .text.chk_lock
                0x0800b7a4       0xb8 ./Middlewares/Third_Party/FatFs/src/ff.o
 .text.enq_lock
                0x0800b85c       0x44 ./Middlewares/Third_Party/FatFs/src/ff.o
 .text.inc_lock
                0x0800b8a0      0x11c ./Middlewares/Third_Party/FatFs/src/ff.o
 .text.dec_lock
                0x0800b9bc       0x78 ./Middlewares/Third_Party/FatFs/src/ff.o
 .text.clear_lock
                0x0800ba34       0x48 ./Middlewares/Third_Party/FatFs/src/ff.o
 .text.sync_window
                0x0800ba7c       0x88 ./Middlewares/Third_Party/FatFs/src/ff.o
 .text.move_window
                0x0800bb04       0x5a ./Middlewares/Third_Party/FatFs/src/ff.o
 *fill*         0x0800bb5e        0x2 
 .text.sync_fs  0x0800bb60       0xe0 ./Middlewares/Third_Party/FatFs/src/ff.o
 .text.clust2sect
                0x0800bc40       0x3e ./Middlewares/Third_Party/FatFs/src/ff.o
 .text.get_fat  0x0800bc7e      0x1a6 ./Middlewares/Third_Party/FatFs/src/ff.o
 .text.put_fat  0x0800be24      0x234 ./Middlewares/Third_Party/FatFs/src/ff.o
 .text.remove_chain
                0x0800c058       0xca ./Middlewares/Third_Party/FatFs/src/ff.o
 .text.create_chain
                0x0800c122      0x130 ./Middlewares/Third_Party/FatFs/src/ff.o
 .text.clmt_clust
                0x0800c252       0x70 ./Middlewares/Third_Party/FatFs/src/ff.o
 .text.dir_sdi  0x0800c2c2      0x112 ./Middlewares/Third_Party/FatFs/src/ff.o
 .text.dir_next
                0x0800c3d4      0x1ac ./Middlewares/Third_Party/FatFs/src/ff.o
 .text.dir_alloc
                0x0800c580       0x8e ./Middlewares/Third_Party/FatFs/src/ff.o
 .text.ld_clust
                0x0800c60e       0x3e ./Middlewares/Third_Party/FatFs/src/ff.o
 .text.st_clust
                0x0800c64c       0x40 ./Middlewares/Third_Party/FatFs/src/ff.o
 .text.dir_find
                0x0800c68c       0xaa ./Middlewares/Third_Party/FatFs/src/ff.o
 .text.dir_register
                0x0800c736       0x64 ./Middlewares/Third_Party/FatFs/src/ff.o
 *fill*         0x0800c79a        0x2 
 .text.create_name
                0x0800c79c      0x128 ./Middlewares/Third_Party/FatFs/src/ff.o
 .text.follow_path
                0x0800c8c4       0xec ./Middlewares/Third_Party/FatFs/src/ff.o
 .text.get_ldnumber
                0x0800c9b0       0x88 ./Middlewares/Third_Party/FatFs/src/ff.o
 .text.check_fs
                0x0800ca38       0xac ./Middlewares/Third_Party/FatFs/src/ff.o
 .text.find_volume
                0x0800cae4      0x510 ./Middlewares/Third_Party/FatFs/src/ff.o
 .text.validate
                0x0800cff4       0x8e ./Middlewares/Third_Party/FatFs/src/ff.o
 *fill*         0x0800d082        0x2 
 .text.f_mount  0x0800d084       0xc8 ./Middlewares/Third_Party/FatFs/src/ff.o
                0x0800d084                f_mount
 .text.f_open   0x0800d14c      0x39e ./Middlewares/Third_Party/FatFs/src/ff.o
                0x0800d14c                f_open
 .text.f_write  0x0800d4ea      0x386 ./Middlewares/Third_Party/FatFs/src/ff.o
                0x0800d4ea                f_write
 .text.f_sync   0x0800d870      0x112 ./Middlewares/Third_Party/FatFs/src/ff.o
                0x0800d870                f_sync
 .text.f_close  0x0800d982       0x5e ./Middlewares/Third_Party/FatFs/src/ff.o
                0x0800d982                f_close
 .text.FATFS_LinkDriverEx
                0x0800d9e0       0x98 ./Middlewares/Third_Party/FatFs/src/ff_gen_drv.o
                0x0800d9e0                FATFS_LinkDriverEx
 .text.FATFS_LinkDriver
                0x0800da78       0x1e ./Middlewares/Third_Party/FatFs/src/ff_gen_drv.o
                0x0800da78                FATFS_LinkDriver
 .text.ff_cre_syncobj
                0x0800da96       0x36 ./Middlewares/Third_Party/FatFs/src/option/syscall.o
                0x0800da96                ff_cre_syncobj
 .text.ff_del_syncobj
                0x0800dacc       0x18 ./Middlewares/Third_Party/FatFs/src/option/syscall.o
                0x0800dacc                ff_del_syncobj
 .text.ff_req_grant
                0x0800dae4       0x2a ./Middlewares/Third_Party/FatFs/src/option/syscall.o
                0x0800dae4                ff_req_grant
 .text.ff_rel_grant
                0x0800db0e       0x16 ./Middlewares/Third_Party/FatFs/src/option/syscall.o
                0x0800db0e                ff_rel_grant
 .text.SVC_Setup
                0x0800db24        0xe ./Middlewares/Third_Party/FreeRTOS/Source/CMSIS_RTOS_V2/cmsis_os2.o
 *fill*         0x0800db32        0x2 
 .text.osKernelInitialize
                0x0800db34       0x68 ./Middlewares/Third_Party/FreeRTOS/Source/CMSIS_RTOS_V2/cmsis_os2.o
                0x0800db34                osKernelInitialize
 .text.osKernelGetState
                0x0800db9c       0x44 ./Middlewares/Third_Party/FreeRTOS/Source/CMSIS_RTOS_V2/cmsis_os2.o
                0x0800db9c                osKernelGetState
 .text.osKernelStart
                0x0800dbe0       0x6c ./Middlewares/Third_Party/FreeRTOS/Source/CMSIS_RTOS_V2/cmsis_os2.o
                0x0800dbe0                osKernelStart
 .text.osKernelGetTickCount
                0x0800dc4c       0x50 ./Middlewares/Third_Party/FreeRTOS/Source/CMSIS_RTOS_V2/cmsis_os2.o
                0x0800dc4c                osKernelGetTickCount
 .text.osThreadNew
                0x0800dc9c      0x14c ./Middlewares/Third_Party/FreeRTOS/Source/CMSIS_RTOS_V2/cmsis_os2.o
                0x0800dc9c                osThreadNew
 .text.osThreadGetId
                0x0800dde8       0x16 ./Middlewares/Third_Party/FreeRTOS/Source/CMSIS_RTOS_V2/cmsis_os2.o
                0x0800dde8                osThreadGetId
 *fill*         0x0800ddfe        0x2 
 .text.osThreadTerminate
                0x0800de00       0x80 ./Middlewares/Third_Party/FreeRTOS/Source/CMSIS_RTOS_V2/cmsis_os2.o
                0x0800de00                osThreadTerminate
 .text.osDelay  0x0800de80       0x5c ./Middlewares/Third_Party/FreeRTOS/Source/CMSIS_RTOS_V2/cmsis_os2.o
                0x0800de80                osDelay
 .text.osSemaphoreNew
                0x0800dedc      0x138 ./Middlewares/Third_Party/FreeRTOS/Source/CMSIS_RTOS_V2/cmsis_os2.o
                0x0800dedc                osSemaphoreNew
 .text.osSemaphoreAcquire
                0x0800e014       0xcc ./Middlewares/Third_Party/FreeRTOS/Source/CMSIS_RTOS_V2/cmsis_os2.o
                0x0800e014                osSemaphoreAcquire
 .text.osSemaphoreRelease
                0x0800e0e0       0xb0 ./Middlewares/Third_Party/FreeRTOS/Source/CMSIS_RTOS_V2/cmsis_os2.o
                0x0800e0e0                osSemaphoreRelease
 .text.osSemaphoreDelete
                0x0800e190       0x6c ./Middlewares/Third_Party/FreeRTOS/Source/CMSIS_RTOS_V2/cmsis_os2.o
                0x0800e190                osSemaphoreDelete
 .text.osMessageQueueNew
                0x0800e1fc      0x10c ./Middlewares/Third_Party/FreeRTOS/Source/CMSIS_RTOS_V2/cmsis_os2.o
                0x0800e1fc                osMessageQueueNew
 .text.osMessageQueuePut
                0x0800e308       0xe8 ./Middlewares/Third_Party/FreeRTOS/Source/CMSIS_RTOS_V2/cmsis_os2.o
                0x0800e308                osMessageQueuePut
 .text.osMessageQueueGet
                0x0800e3f0       0xe4 ./Middlewares/Third_Party/FreeRTOS/Source/CMSIS_RTOS_V2/cmsis_os2.o
                0x0800e3f0                osMessageQueueGet
 .text.vApplicationGetIdleTaskMemory
                0x0800e4d4       0x34 ./Middlewares/Third_Party/FreeRTOS/Source/CMSIS_RTOS_V2/cmsis_os2.o
                0x0800e4d4                vApplicationGetIdleTaskMemory
 .text.vApplicationGetTimerTaskMemory
                0x0800e508       0x34 ./Middlewares/Third_Party/FreeRTOS/Source/CMSIS_RTOS_V2/cmsis_os2.o
                0x0800e508                vApplicationGetTimerTaskMemory
 .text.vListInitialise
                0x0800e53c       0x40 ./Middlewares/Third_Party/FreeRTOS/Source/list.o
                0x0800e53c                vListInitialise
 .text.vListInitialiseItem
                0x0800e57c       0x1a ./Middlewares/Third_Party/FreeRTOS/Source/list.o
                0x0800e57c                vListInitialiseItem
 .text.vListInsertEnd
                0x0800e596       0x48 ./Middlewares/Third_Party/FreeRTOS/Source/list.o
                0x0800e596                vListInsertEnd
 .text.vListInsert
                0x0800e5de       0x72 ./Middlewares/Third_Party/FreeRTOS/Source/list.o
                0x0800e5de                vListInsert
 .text.uxListRemove
                0x0800e650       0x54 ./Middlewares/Third_Party/FreeRTOS/Source/list.o
                0x0800e650                uxListRemove
 .text.xQueueGenericReset
                0x0800e6a4       0xd8 ./Middlewares/Third_Party/FreeRTOS/Source/queue.o
                0x0800e6a4                xQueueGenericReset
 .text.xQueueGenericCreateStatic
                0x0800e77c      0x10e ./Middlewares/Third_Party/FreeRTOS/Source/queue.o
                0x0800e77c                xQueueGenericCreateStatic
 .text.xQueueGenericCreate
                0x0800e88a       0x86 ./Middlewares/Third_Party/FreeRTOS/Source/queue.o
                0x0800e88a                xQueueGenericCreate
 .text.prvInitialiseNewQueue
                0x0800e910       0x46 ./Middlewares/Third_Party/FreeRTOS/Source/queue.o
 .text.xQueueCreateCountingSemaphoreStatic
                0x0800e956       0x7a ./Middlewares/Third_Party/FreeRTOS/Source/queue.o
                0x0800e956                xQueueCreateCountingSemaphoreStatic
 .text.xQueueCreateCountingSemaphore
                0x0800e9d0       0x72 ./Middlewares/Third_Party/FreeRTOS/Source/queue.o
                0x0800e9d0                xQueueCreateCountingSemaphore
 *fill*         0x0800ea42        0x2 
 .text.xQueueGenericSend
                0x0800ea44      0x214 ./Middlewares/Third_Party/FreeRTOS/Source/queue.o
                0x0800ea44                xQueueGenericSend
 .text.xQueueGenericSendFromISR
                0x0800ec58      0x146 ./Middlewares/Third_Party/FreeRTOS/Source/queue.o
                0x0800ec58                xQueueGenericSendFromISR
 .text.xQueueGiveFromISR
                0x0800ed9e      0x130 ./Middlewares/Third_Party/FreeRTOS/Source/queue.o
                0x0800ed9e                xQueueGiveFromISR
 *fill*         0x0800eece        0x2 
 .text.xQueueReceive
                0x0800eed0      0x1d0 ./Middlewares/Third_Party/FreeRTOS/Source/queue.o
                0x0800eed0                xQueueReceive
 .text.xQueueSemaphoreTake
                0x0800f0a0      0x230 ./Middlewares/Third_Party/FreeRTOS/Source/queue.o
                0x0800f0a0                xQueueSemaphoreTake
 .text.xQueueReceiveFromISR
                0x0800f2d0      0x110 ./Middlewares/Third_Party/FreeRTOS/Source/queue.o
                0x0800f2d0                xQueueReceiveFromISR
 .text.vQueueDelete
                0x0800f3e0       0x4c ./Middlewares/Third_Party/FreeRTOS/Source/queue.o
                0x0800f3e0                vQueueDelete
 .text.prvGetDisinheritPriorityAfterTimeout
                0x0800f42c       0x30 ./Middlewares/Third_Party/FreeRTOS/Source/queue.o
 .text.prvCopyDataToQueue
                0x0800f45c       0xd4 ./Middlewares/Third_Party/FreeRTOS/Source/queue.o
 .text.prvCopyDataFromQueue
                0x0800f530       0x4c ./Middlewares/Third_Party/FreeRTOS/Source/queue.o
 .text.prvUnlockQueue
                0x0800f57c       0xa4 ./Middlewares/Third_Party/FreeRTOS/Source/queue.o
 .text.prvIsQueueEmpty
                0x0800f620       0x2c ./Middlewares/Third_Party/FreeRTOS/Source/queue.o
 .text.prvIsQueueFull
                0x0800f64c       0x30 ./Middlewares/Third_Party/FreeRTOS/Source/queue.o
 .text.vQueueAddToRegistry
                0x0800f67c       0x54 ./Middlewares/Third_Party/FreeRTOS/Source/queue.o
                0x0800f67c                vQueueAddToRegistry
 .text.vQueueUnregisterQueue
                0x0800f6d0       0x54 ./Middlewares/Third_Party/FreeRTOS/Source/queue.o
                0x0800f6d0                vQueueUnregisterQueue
 .text.vQueueWaitForMessageRestricted
                0x0800f724       0x68 ./Middlewares/Third_Party/FreeRTOS/Source/queue.o
                0x0800f724                vQueueWaitForMessageRestricted
 .text.xTaskCreateStatic
                0x0800f78c       0xcc ./Middlewares/Third_Party/FreeRTOS/Source/tasks.o
                0x0800f78c                xTaskCreateStatic
 .text.xTaskCreate
                0x0800f858       0x8a ./Middlewares/Third_Party/FreeRTOS/Source/tasks.o
                0x0800f858                xTaskCreate
 *fill*         0x0800f8e2        0x2 
 .text.prvInitialiseNewTask
                0x0800f8e4      0x154 ./Middlewares/Third_Party/FreeRTOS/Source/tasks.o
 .text.prvAddNewTaskToReadyList
                0x0800fa38       0xe0 ./Middlewares/Third_Party/FreeRTOS/Source/tasks.o
 .text.vTaskDelete
                0x0800fb18       0xec ./Middlewares/Third_Party/FreeRTOS/Source/tasks.o
                0x0800fb18                vTaskDelete
 .text.vTaskDelay
                0x0800fc04       0x70 ./Middlewares/Third_Party/FreeRTOS/Source/tasks.o
                0x0800fc04                vTaskDelay
 .text.eTaskGetState
                0x0800fc74       0xd4 ./Middlewares/Third_Party/FreeRTOS/Source/tasks.o
                0x0800fc74                eTaskGetState
 .text.vTaskStartScheduler
                0x0800fd48       0xe8 ./Middlewares/Third_Party/FreeRTOS/Source/tasks.o
                0x0800fd48                vTaskStartScheduler
 .text.vTaskSuspendAll
                0x0800fe30       0x1c ./Middlewares/Third_Party/FreeRTOS/Source/tasks.o
                0x0800fe30                vTaskSuspendAll
 .text.xTaskResumeAll
                0x0800fe4c      0x140 ./Middlewares/Third_Party/FreeRTOS/Source/tasks.o
                0x0800fe4c                xTaskResumeAll
 .text.xTaskGetTickCount
                0x0800ff8c       0x20 ./Middlewares/Third_Party/FreeRTOS/Source/tasks.o
                0x0800ff8c                xTaskGetTickCount
 .text.xTaskGetTickCountFromISR
                0x0800ffac       0x24 ./Middlewares/Third_Party/FreeRTOS/Source/tasks.o
                0x0800ffac                xTaskGetTickCountFromISR
 .text.xTaskIncrementTick
                0x0800ffd0      0x178 ./Middlewares/Third_Party/FreeRTOS/Source/tasks.o
                0x0800ffd0                xTaskIncrementTick
 .text.vTaskSwitchContext
                0x08010148       0xd0 ./Middlewares/Third_Party/FreeRTOS/Source/tasks.o
                0x08010148                vTaskSwitchContext
 .text.vTaskPlaceOnEventList
                0x08010218       0x50 ./Middlewares/Third_Party/FreeRTOS/Source/tasks.o
                0x08010218                vTaskPlaceOnEventList
 .text.vTaskPlaceOnEventListRestricted
                0x08010268       0x5c ./Middlewares/Third_Party/FreeRTOS/Source/tasks.o
                0x08010268                vTaskPlaceOnEventListRestricted
 .text.xTaskRemoveFromEventList
                0x080102c4       0xcc ./Middlewares/Third_Party/FreeRTOS/Source/tasks.o
                0x080102c4                xTaskRemoveFromEventList
 .text.vTaskInternalSetTimeOutState
                0x08010390       0x2c ./Middlewares/Third_Party/FreeRTOS/Source/tasks.o
                0x08010390                vTaskInternalSetTimeOutState
 .text.xTaskCheckForTimeOut
                0x080103bc       0xd0 ./Middlewares/Third_Party/FreeRTOS/Source/tasks.o
                0x080103bc                xTaskCheckForTimeOut
 .text.vTaskMissedYield
                0x0801048c       0x18 ./Middlewares/Third_Party/FreeRTOS/Source/tasks.o
                0x0801048c                vTaskMissedYield
 .text.prvIdleTask
                0x080104a4       0x30 ./Middlewares/Third_Party/FreeRTOS/Source/tasks.o
 .text.prvInitialiseTaskLists
                0x080104d4       0x80 ./Middlewares/Third_Party/FreeRTOS/Source/tasks.o
 .text.prvCheckTasksWaitingTermination
                0x08010554       0x5c ./Middlewares/Third_Party/FreeRTOS/Source/tasks.o
 .text.prvDeleteTCB
                0x080105b0       0x6e ./Middlewares/Third_Party/FreeRTOS/Source/tasks.o
 *fill*         0x0801061e        0x2 
 .text.prvResetNextTaskUnblockTime
                0x08010620       0x40 ./Middlewares/Third_Party/FreeRTOS/Source/tasks.o
 .text.xTaskGetCurrentTaskHandle
                0x08010660       0x20 ./Middlewares/Third_Party/FreeRTOS/Source/tasks.o
                0x08010660                xTaskGetCurrentTaskHandle
 .text.xTaskGetSchedulerState
                0x08010680       0x3c ./Middlewares/Third_Party/FreeRTOS/Source/tasks.o
                0x08010680                xTaskGetSchedulerState
 .text.xTaskPriorityInherit
                0x080106bc       0xd0 ./Middlewares/Third_Party/FreeRTOS/Source/tasks.o
                0x080106bc                xTaskPriorityInherit
 .text.xTaskPriorityDisinherit
                0x0801078c       0xe8 ./Middlewares/Third_Party/FreeRTOS/Source/tasks.o
                0x0801078c                xTaskPriorityDisinherit
 .text.vTaskPriorityDisinheritAfterTimeout
                0x08010874      0x110 ./Middlewares/Third_Party/FreeRTOS/Source/tasks.o
                0x08010874                vTaskPriorityDisinheritAfterTimeout
 .text.pvTaskIncrementMutexHeldCount
                0x08010984       0x28 ./Middlewares/Third_Party/FreeRTOS/Source/tasks.o
                0x08010984                pvTaskIncrementMutexHeldCount
 .text.prvAddCurrentTaskToDelayedList
                0x080109ac       0xa8 ./Middlewares/Third_Party/FreeRTOS/Source/tasks.o
 .text.xTimerCreateTimerTask
                0x08010a54       0x98 ./Middlewares/Third_Party/FreeRTOS/Source/timers.o
                0x08010a54                xTimerCreateTimerTask
 .text.xTimerGenericCommand
                0x08010aec       0xa0 ./Middlewares/Third_Party/FreeRTOS/Source/timers.o
                0x08010aec                xTimerGenericCommand
 .text.prvProcessExpiredTimer
                0x08010b8c       0xa0 ./Middlewares/Third_Party/FreeRTOS/Source/timers.o
 .text.prvTimerTask
                0x08010c2c       0x26 ./Middlewares/Third_Party/FreeRTOS/Source/timers.o
 *fill*         0x08010c52        0x2 
 .text.prvProcessTimerOrBlockTask
                0x08010c54       0x9c ./Middlewares/Third_Party/FreeRTOS/Source/timers.o
 .text.prvGetNextExpireTime
                0x08010cf0       0x48 ./Middlewares/Third_Party/FreeRTOS/Source/timers.o
 .text.prvSampleTimeNow
                0x08010d38       0x40 ./Middlewares/Third_Party/FreeRTOS/Source/timers.o
 .text.prvInsertTimerInActiveList
                0x08010d78       0x84 ./Middlewares/Third_Party/FreeRTOS/Source/timers.o
 .text.prvProcessReceivedCommands
                0x08010dfc      0x1d8 ./Middlewares/Third_Party/FreeRTOS/Source/timers.o
 .text.prvSwitchTimerLists
                0x08010fd4       0xd0 ./Middlewares/Third_Party/FreeRTOS/Source/timers.o
 .text.prvCheckForValidListAndQueue
                0x080110a4       0x80 ./Middlewares/Third_Party/FreeRTOS/Source/timers.o
 .text.pxPortInitialiseStack
                0x08011124       0x68 ./Middlewares/Third_Party/FreeRTOS/Source/portable/GCC/ARM_CM7/r0p1/port.o
                0x08011124                pxPortInitialiseStack
 .text.prvTaskExitError
                0x0801118c       0x64 ./Middlewares/Third_Party/FreeRTOS/Source/portable/GCC/ARM_CM7/r0p1/port.o
 .text.SVC_Handler
                0x080111f0       0x28 ./Middlewares/Third_Party/FreeRTOS/Source/portable/GCC/ARM_CM7/r0p1/port.o
                0x080111f0                SVC_Handler
 .text.prvPortStartFirstTask
                0x08011218       0x28 ./Middlewares/Third_Party/FreeRTOS/Source/portable/GCC/ARM_CM7/r0p1/port.o
 .text.xPortStartScheduler
                0x08011240       0xfc ./Middlewares/Third_Party/FreeRTOS/Source/portable/GCC/ARM_CM7/r0p1/port.o
                0x08011240                xPortStartScheduler
 .text.vPortEnterCritical
                0x0801133c       0x6c ./Middlewares/Third_Party/FreeRTOS/Source/portable/GCC/ARM_CM7/r0p1/port.o
                0x0801133c                vPortEnterCritical
 .text.vPortExitCritical
                0x080113a8       0x58 ./Middlewares/Third_Party/FreeRTOS/Source/portable/GCC/ARM_CM7/r0p1/port.o
                0x080113a8                vPortExitCritical
 .text.PendSV_Handler
                0x08011400       0x68 ./Middlewares/Third_Party/FreeRTOS/Source/portable/GCC/ARM_CM7/r0p1/port.o
                0x08011400                PendSV_Handler
 .text.SysTick_Handler
                0x08011468       0x48 ./Middlewares/Third_Party/FreeRTOS/Source/portable/GCC/ARM_CM7/r0p1/port.o
                0x08011468                SysTick_Handler
 .text.vPortSetupTimerInterrupt
                0x080114b0       0x48 ./Middlewares/Third_Party/FreeRTOS/Source/portable/GCC/ARM_CM7/r0p1/port.o
                0x080114b0                vPortSetupTimerInterrupt
 .text.vPortEnableVFP
                0x080114f8       0x14 ./Middlewares/Third_Party/FreeRTOS/Source/portable/GCC/ARM_CM7/r0p1/port.o
 .text.vPortValidateInterruptPriority
                0x0801150c       0x8c ./Middlewares/Third_Party/FreeRTOS/Source/portable/GCC/ARM_CM7/r0p1/port.o
                0x0801150c                vPortValidateInterruptPriority
 .text.pvPortMalloc
                0x08011598      0x19c ./Middlewares/Third_Party/FreeRTOS/Source/portable/MemMang/heap_4.o
                0x08011598                pvPortMalloc
 .text.vPortFree
                0x08011734       0xc0 ./Middlewares/Third_Party/FreeRTOS/Source/portable/MemMang/heap_4.o
                0x08011734                vPortFree
 .text.prvHeapInit
                0x080117f4       0xc4 ./Middlewares/Third_Party/FreeRTOS/Source/portable/MemMang/heap_4.o
 .text.prvInsertBlockIntoFreeList
                0x080118b8       0xb4 ./Middlewares/Third_Party/FreeRTOS/Source/portable/MemMang/heap_4.o
 .text.__cvt    0x0801196c       0xca C:/ST/STM32CubeIDE_1.19.0/STM32CubeIDE/plugins/com.st.stm32cube.ide.mcu.externaltools.gnu-tools-for-stm32.13.3.rel1.win32_1.0.0.202411081344/tools/bin/../lib/gcc/arm-none-eabi/13.3.1/../../../../arm-none-eabi/lib/thumb/v7e-m+fp/hard\libc_nano.a(libc_a-nano-vfprintf_float.o)
                0x0801196c                __cvt
 .text.__exponent
                0x08011a36       0x74 C:/ST/STM32CubeIDE_1.19.0/STM32CubeIDE/plugins/com.st.stm32cube.ide.mcu.externaltools.gnu-tools-for-stm32.13.3.rel1.win32_1.0.0.202411081344/tools/bin/../lib/gcc/arm-none-eabi/13.3.1/../../../../arm-none-eabi/lib/thumb/v7e-m+fp/hard\libc_nano.a(libc_a-nano-vfprintf_float.o)
                0x08011a36                __exponent
 *fill*         0x08011aaa        0x2 
 .text._printf_float
                0x08011aac      0x454 C:/ST/STM32CubeIDE_1.19.0/STM32CubeIDE/plugins/com.st.stm32cube.ide.mcu.externaltools.gnu-tools-for-stm32.13.3.rel1.win32_1.0.0.202411081344/tools/bin/../lib/gcc/arm-none-eabi/13.3.1/../../../../arm-none-eabi/lib/thumb/v7e-m+fp/hard\libc_nano.a(libc_a-nano-vfprintf_float.o)
                0x08011aac                _printf_float
 .text._printf_common
                0x08011f00       0xda C:/ST/STM32CubeIDE_1.19.0/STM32CubeIDE/plugins/com.st.stm32cube.ide.mcu.externaltools.gnu-tools-for-stm32.13.3.rel1.win32_1.0.0.202411081344/tools/bin/../lib/gcc/arm-none-eabi/13.3.1/../../../../arm-none-eabi/lib/thumb/v7e-m+fp/hard\libc_nano.a(libc_a-nano-vfprintf_i.o)
                0x08011f00                _printf_common
 *fill*         0x08011fda        0x2 
 .text._printf_i
                0x08011fdc      0x23c C:/ST/STM32CubeIDE_1.19.0/STM32CubeIDE/plugins/com.st.stm32cube.ide.mcu.externaltools.gnu-tools-for-stm32.13.3.rel1.win32_1.0.0.202411081344/tools/bin/../lib/gcc/arm-none-eabi/13.3.1/../../../../arm-none-eabi/lib/thumb/v7e-m+fp/hard\libc_nano.a(libc_a-nano-vfprintf_i.o)
                0x08011fdc                _printf_i
 .text.std      0x08012218       0x6c C:/ST/STM32CubeIDE_1.19.0/STM32CubeIDE/plugins/com.st.stm32cube.ide.mcu.externaltools.gnu-tools-for-stm32.13.3.rel1.win32_1.0.0.202411081344/tools/bin/../lib/gcc/arm-none-eabi/13.3.1/../../../../arm-none-eabi/lib/thumb/v7e-m+fp/hard\libc_nano.a(libc_a-findfp.o)
 .text.stdio_exit_handler
                0x08012284       0x18 C:/ST/STM32CubeIDE_1.19.0/STM32CubeIDE/plugins/com.st.stm32cube.ide.mcu.externaltools.gnu-tools-for-stm32.13.3.rel1.win32_1.0.0.202411081344/tools/bin/../lib/gcc/arm-none-eabi/13.3.1/../../../../arm-none-eabi/lib/thumb/v7e-m+fp/hard\libc_nano.a(libc_a-findfp.o)
 .text.cleanup_stdio
                0x0801229c       0x40 C:/ST/STM32CubeIDE_1.19.0/STM32CubeIDE/plugins/com.st.stm32cube.ide.mcu.externaltools.gnu-tools-for-stm32.13.3.rel1.win32_1.0.0.202411081344/tools/bin/../lib/gcc/arm-none-eabi/13.3.1/../../../../arm-none-eabi/lib/thumb/v7e-m+fp/hard\libc_nano.a(libc_a-findfp.o)
 .text.global_stdio_init.part.0
                0x080122dc       0x3c C:/ST/STM32CubeIDE_1.19.0/STM32CubeIDE/plugins/com.st.stm32cube.ide.mcu.externaltools.gnu-tools-for-stm32.13.3.rel1.win32_1.0.0.202411081344/tools/bin/../lib/gcc/arm-none-eabi/13.3.1/../../../../arm-none-eabi/lib/thumb/v7e-m+fp/hard\libc_nano.a(libc_a-findfp.o)
 .text.__sfp_lock_acquire
                0x08012318        0xc C:/ST/STM32CubeIDE_1.19.0/STM32CubeIDE/plugins/com.st.stm32cube.ide.mcu.externaltools.gnu-tools-for-stm32.13.3.rel1.win32_1.0.0.202411081344/tools/bin/../lib/gcc/arm-none-eabi/13.3.1/../../../../arm-none-eabi/lib/thumb/v7e-m+fp/hard\libc_nano.a(libc_a-findfp.o)
                0x08012318                __sfp_lock_acquire
 .text.__sfp_lock_release
                0x08012324        0xc C:/ST/STM32CubeIDE_1.19.0/STM32CubeIDE/plugins/com.st.stm32cube.ide.mcu.externaltools.gnu-tools-for-stm32.13.3.rel1.win32_1.0.0.202411081344/tools/bin/../lib/gcc/arm-none-eabi/13.3.1/../../../../arm-none-eabi/lib/thumb/v7e-m+fp/hard\libc_nano.a(libc_a-findfp.o)
                0x08012324                __sfp_lock_release
 .text.__sinit  0x08012330       0x30 C:/ST/STM32CubeIDE_1.19.0/STM32CubeIDE/plugins/com.st.stm32cube.ide.mcu.externaltools.gnu-tools-for-stm32.13.3.rel1.win32_1.0.0.202411081344/tools/bin/../lib/gcc/arm-none-eabi/13.3.1/../../../../arm-none-eabi/lib/thumb/v7e-m+fp/hard\libc_nano.a(libc_a-findfp.o)
                0x08012330                __sinit
 .text._fwalk_sglue
                0x08012360       0x3c C:/ST/STM32CubeIDE_1.19.0/STM32CubeIDE/plugins/com.st.stm32cube.ide.mcu.externaltools.gnu-tools-for-stm32.13.3.rel1.win32_1.0.0.202411081344/tools/bin/../lib/gcc/arm-none-eabi/13.3.1/../../../../arm-none-eabi/lib/thumb/v7e-m+fp/hard\libc_nano.a(libc_a-fwalk.o)
                0x08012360                _fwalk_sglue
 .text.sprintf  0x0801239c       0x44 C:/ST/STM32CubeIDE_1.19.0/STM32CubeIDE/plugins/com.st.stm32cube.ide.mcu.externaltools.gnu-tools-for-stm32.13.3.rel1.win32_1.0.0.202411081344/tools/bin/../lib/gcc/arm-none-eabi/13.3.1/../../../../arm-none-eabi/lib/thumb/v7e-m+fp/hard\libc_nano.a(libc_a-sprintf.o)
                0x0801239c                siprintf
                0x0801239c                sprintf
 .text.__sread  0x080123e0       0x22 C:/ST/STM32CubeIDE_1.19.0/STM32CubeIDE/plugins/com.st.stm32cube.ide.mcu.externaltools.gnu-tools-for-stm32.13.3.rel1.win32_1.0.0.202411081344/tools/bin/../lib/gcc/arm-none-eabi/13.3.1/../../../../arm-none-eabi/lib/thumb/v7e-m+fp/hard\libc_nano.a(libc_a-stdio.o)
                0x080123e0                __sread
 .text.__swrite
                0x08012402       0x38 C:/ST/STM32CubeIDE_1.19.0/STM32CubeIDE/plugins/com.st.stm32cube.ide.mcu.externaltools.gnu-tools-for-stm32.13.3.rel1.win32_1.0.0.202411081344/tools/bin/../lib/gcc/arm-none-eabi/13.3.1/../../../../arm-none-eabi/lib/thumb/v7e-m+fp/hard\libc_nano.a(libc_a-stdio.o)
                0x08012402                __swrite
 .text.__sseek  0x0801243a       0x24 C:/ST/STM32CubeIDE_1.19.0/STM32CubeIDE/plugins/com.st.stm32cube.ide.mcu.externaltools.gnu-tools-for-stm32.13.3.rel1.win32_1.0.0.202411081344/tools/bin/../lib/gcc/arm-none-eabi/13.3.1/../../../../arm-none-eabi/lib/thumb/v7e-m+fp/hard\libc_nano.a(libc_a-stdio.o)
                0x0801243a                __sseek
 .text.__sclose
                0x0801245e        0x8 C:/ST/STM32CubeIDE_1.19.0/STM32CubeIDE/plugins/com.st.stm32cube.ide.mcu.externaltools.gnu-tools-for-stm32.13.3.rel1.win32_1.0.0.202411081344/tools/bin/../lib/gcc/arm-none-eabi/13.3.1/../../../../arm-none-eabi/lib/thumb/v7e-m+fp/hard\libc_nano.a(libc_a-stdio.o)
                0x0801245e                __sclose
 .text.memset   0x08012466       0x10 C:/ST/STM32CubeIDE_1.19.0/STM32CubeIDE/plugins/com.st.stm32cube.ide.mcu.externaltools.gnu-tools-for-stm32.13.3.rel1.win32_1.0.0.202411081344/tools/bin/../lib/gcc/arm-none-eabi/13.3.1/../../../../arm-none-eabi/lib/thumb/v7e-m+fp/hard\libc_nano.a(libc_a-memset.o)
                0x08012466                memset
 *fill*         0x08012476        0x2 
 .text._localeconv_r
                0x08012478        0x8 C:/ST/STM32CubeIDE_1.19.0/STM32CubeIDE/plugins/com.st.stm32cube.ide.mcu.externaltools.gnu-tools-for-stm32.13.3.rel1.win32_1.0.0.202411081344/tools/bin/../lib/gcc/arm-none-eabi/13.3.1/../../../../arm-none-eabi/lib/thumb/v7e-m+fp/hard\libc_nano.a(libc_a-localeconv.o)
                0x08012478                _localeconv_r
 .text._close_r
                0x08012480       0x20 C:/ST/STM32CubeIDE_1.19.0/STM32CubeIDE/plugins/com.st.stm32cube.ide.mcu.externaltools.gnu-tools-for-stm32.13.3.rel1.win32_1.0.0.202411081344/tools/bin/../lib/gcc/arm-none-eabi/13.3.1/../../../../arm-none-eabi/lib/thumb/v7e-m+fp/hard\libc_nano.a(libc_a-closer.o)
                0x08012480                _close_r
 .text._reclaim_reent
                0x080124a0       0xbc C:/ST/STM32CubeIDE_1.19.0/STM32CubeIDE/plugins/com.st.stm32cube.ide.mcu.externaltools.gnu-tools-for-stm32.13.3.rel1.win32_1.0.0.202411081344/tools/bin/../lib/gcc/arm-none-eabi/13.3.1/../../../../arm-none-eabi/lib/thumb/v7e-m+fp/hard\libc_nano.a(libc_a-reent.o)
                0x080124a0                _reclaim_reent
 .text._lseek_r
                0x0801255c       0x24 C:/ST/STM32CubeIDE_1.19.0/STM32CubeIDE/plugins/com.st.stm32cube.ide.mcu.externaltools.gnu-tools-for-stm32.13.3.rel1.win32_1.0.0.202411081344/tools/bin/../lib/gcc/arm-none-eabi/13.3.1/../../../../arm-none-eabi/lib/thumb/v7e-m+fp/hard\libc_nano.a(libc_a-lseekr.o)
                0x0801255c                _lseek_r
 .text._read_r  0x08012580       0x24 C:/ST/STM32CubeIDE_1.19.0/STM32CubeIDE/plugins/com.st.stm32cube.ide.mcu.externaltools.gnu-tools-for-stm32.13.3.rel1.win32_1.0.0.202411081344/tools/bin/../lib/gcc/arm-none-eabi/13.3.1/../../../../arm-none-eabi/lib/thumb/v7e-m+fp/hard\libc_nano.a(libc_a-readr.o)
                0x08012580                _read_r
 .text._write_r
                0x080125a4       0x24 C:/ST/STM32CubeIDE_1.19.0/STM32CubeIDE/plugins/com.st.stm32cube.ide.mcu.externaltools.gnu-tools-for-stm32.13.3.rel1.win32_1.0.0.202411081344/tools/bin/../lib/gcc/arm-none-eabi/13.3.1/../../../../arm-none-eabi/lib/thumb/v7e-m+fp/hard\libc_nano.a(libc_a-writer.o)
                0x080125a4                _write_r
 .text.__errno  0x080125c8        0xc C:/ST/STM32CubeIDE_1.19.0/STM32CubeIDE/plugins/com.st.stm32cube.ide.mcu.externaltools.gnu-tools-for-stm32.13.3.rel1.win32_1.0.0.202411081344/tools/bin/../lib/gcc/arm-none-eabi/13.3.1/../../../../arm-none-eabi/lib/thumb/v7e-m+fp/hard\libc_nano.a(libc_a-errno.o)
                0x080125c8                __errno
 .text.__libc_init_array
                0x080125d4       0x48 C:/ST/STM32CubeIDE_1.19.0/STM32CubeIDE/plugins/com.st.stm32cube.ide.mcu.externaltools.gnu-tools-for-stm32.13.3.rel1.win32_1.0.0.202411081344/tools/bin/../lib/gcc/arm-none-eabi/13.3.1/../../../../arm-none-eabi/lib/thumb/v7e-m+fp/hard\libc_nano.a(libc_a-init.o)
                0x080125d4                __libc_init_array
 .text.__retarget_lock_init_recursive
                0x0801261c        0x2 C:/ST/STM32CubeIDE_1.19.0/STM32CubeIDE/plugins/com.st.stm32cube.ide.mcu.externaltools.gnu-tools-for-stm32.13.3.rel1.win32_1.0.0.202411081344/tools/bin/../lib/gcc/arm-none-eabi/13.3.1/../../../../arm-none-eabi/lib/thumb/v7e-m+fp/hard\libc_nano.a(libc_a-lock.o)
                0x0801261c                __retarget_lock_init_recursive
 .text.__retarget_lock_acquire_recursive
                0x0801261e        0x2 C:/ST/STM32CubeIDE_1.19.0/STM32CubeIDE/plugins/com.st.stm32cube.ide.mcu.externaltools.gnu-tools-for-stm32.13.3.rel1.win32_1.0.0.202411081344/tools/bin/../lib/gcc/arm-none-eabi/13.3.1/../../../../arm-none-eabi/lib/thumb/v7e-m+fp/hard\libc_nano.a(libc_a-lock.o)
                0x0801261e                __retarget_lock_acquire_recursive
 .text.__retarget_lock_release_recursive
                0x08012620        0x2 C:/ST/STM32CubeIDE_1.19.0/STM32CubeIDE/plugins/com.st.stm32cube.ide.mcu.externaltools.gnu-tools-for-stm32.13.3.rel1.win32_1.0.0.202411081344/tools/bin/../lib/gcc/arm-none-eabi/13.3.1/../../../../arm-none-eabi/lib/thumb/v7e-m+fp/hard\libc_nano.a(libc_a-lock.o)
                0x08012620                __retarget_lock_release_recursive
 .text.memcpy   0x08012622       0x1c C:/ST/STM32CubeIDE_1.19.0/STM32CubeIDE/plugins/com.st.stm32cube.ide.mcu.externaltools.gnu-tools-for-stm32.13.3.rel1.win32_1.0.0.202411081344/tools/bin/../lib/gcc/arm-none-eabi/13.3.1/../../../../arm-none-eabi/lib/thumb/v7e-m+fp/hard\libc_nano.a(libc_a-memcpy-stub.o)
                0x08012622                memcpy
 .text.quorem   0x0801263e      0x110 C:/ST/STM32CubeIDE_1.19.0/STM32CubeIDE/plugins/com.st.stm32cube.ide.mcu.externaltools.gnu-tools-for-stm32.13.3.rel1.win32_1.0.0.202411081344/tools/bin/../lib/gcc/arm-none-eabi/13.3.1/../../../../arm-none-eabi/lib/thumb/v7e-m+fp/hard\libc_nano.a(libc_a-dtoa.o)
 *fill*         0x0801274e        0x2 
 .text._dtoa_r  0x08012750      0xba0 C:/ST/STM32CubeIDE_1.19.0/STM32CubeIDE/plugins/com.st.stm32cube.ide.mcu.externaltools.gnu-tools-for-stm32.13.3.rel1.win32_1.0.0.202411081344/tools/bin/../lib/gcc/arm-none-eabi/13.3.1/../../../../arm-none-eabi/lib/thumb/v7e-m+fp/hard\libc_nano.a(libc_a-dtoa.o)
                0x08012750                _dtoa_r
 .text._free_r  0x080132f0       0x94 C:/ST/STM32CubeIDE_1.19.0/STM32CubeIDE/plugins/com.st.stm32cube.ide.mcu.externaltools.gnu-tools-for-stm32.13.3.rel1.win32_1.0.0.202411081344/tools/bin/../lib/gcc/arm-none-eabi/13.3.1/../../../../arm-none-eabi/lib/thumb/v7e-m+fp/hard\libc_nano.a(libc_a-freer.o)